Archive member included to satisfy reference by file (symbol)

c:/st/stm32cubeide_1.0.2/stm32cubeide/plugins/com.st.stm32cube.ide.mcu.externaltools.gnu-tools-for-stm32.9-2020-q2-update.win32_1.5.0.202011040924/tools/bin/../lib/gcc/arm-none-eabi/9.3.1/../../../../arm-none-eabi/lib/thumb/v7-m/nofp\libc_nano.a(lib_a-atoi.o)
                              Modules/utility/Src/G_code.o (atoi)
c:/st/stm32cubeide_1.0.2/stm32cubeide/plugins/com.st.stm32cube.ide.mcu.externaltools.gnu-tools-for-stm32.9-2020-q2-update.win32_1.5.0.202011040924/tools/bin/../lib/gcc/arm-none-eabi/9.3.1/../../../../arm-none-eabi/lib/thumb/v7-m/nofp\libc_nano.a(lib_a-errno.o)
                              Core/Src/syscalls.o (__errno)
c:/st/stm32cubeide_1.0.2/stm32cubeide/plugins/com.st.stm32cube.ide.mcu.externaltools.gnu-tools-for-stm32.9-2020-q2-update.win32_1.5.0.202011040924/tools/bin/../lib/gcc/arm-none-eabi/9.3.1/../../../../arm-none-eabi/lib/thumb/v7-m/nofp\libc_nano.a(lib_a-exit.o)
                              c:/st/stm32cubeide_1.0.2/stm32cubeide/plugins/com.st.stm32cube.ide.mcu.externaltools.gnu-tools-for-stm32.9-2020-q2-update.win32_1.5.0.202011040924/tools/bin/../lib/gcc/arm-none-eabi/9.3.1/../../../../arm-none-eabi/lib/thumb/v7-m/nofp/crt0.o (exit)
c:/st/stm32cubeide_1.0.2/stm32cubeide/plugins/com.st.stm32cube.ide.mcu.externaltools.gnu-tools-for-stm32.9-2020-q2-update.win32_1.5.0.202011040924/tools/bin/../lib/gcc/arm-none-eabi/9.3.1/../../../../arm-none-eabi/lib/thumb/v7-m/nofp\libc_nano.a(lib_a-impure.o)
                              c:/st/stm32cubeide_1.0.2/stm32cubeide/plugins/com.st.stm32cube.ide.mcu.externaltools.gnu-tools-for-stm32.9-2020-q2-update.win32_1.5.0.202011040924/tools/bin/../lib/gcc/arm-none-eabi/9.3.1/../../../../arm-none-eabi/lib/thumb/v7-m/nofp\libc_nano.a(lib_a-exit.o) (_global_impure_ptr)
c:/st/stm32cubeide_1.0.2/stm32cubeide/plugins/com.st.stm32cube.ide.mcu.externaltools.gnu-tools-for-stm32.9-2020-q2-update.win32_1.5.0.202011040924/tools/bin/../lib/gcc/arm-none-eabi/9.3.1/../../../../arm-none-eabi/lib/thumb/v7-m/nofp\libc_nano.a(lib_a-init.o)
                              c:/st/stm32cubeide_1.0.2/stm32cubeide/plugins/com.st.stm32cube.ide.mcu.externaltools.gnu-tools-for-stm32.9-2020-q2-update.win32_1.5.0.202011040924/tools/bin/../lib/gcc/arm-none-eabi/9.3.1/../../../../arm-none-eabi/lib/thumb/v7-m/nofp/crt0.o (__libc_init_array)
c:/st/stm32cubeide_1.0.2/stm32cubeide/plugins/com.st.stm32cube.ide.mcu.externaltools.gnu-tools-for-stm32.9-2020-q2-update.win32_1.5.0.202011040924/tools/bin/../lib/gcc/arm-none-eabi/9.3.1/../../../../arm-none-eabi/lib/thumb/v7-m/nofp\libc_nano.a(lib_a-memcpy-stub.o)
                              Middlewares/Third_Party/FreeRTOS/Source/queue.o (memcpy)
c:/st/stm32cubeide_1.0.2/stm32cubeide/plugins/com.st.stm32cube.ide.mcu.externaltools.gnu-tools-for-stm32.9-2020-q2-update.win32_1.5.0.202011040924/tools/bin/../lib/gcc/arm-none-eabi/9.3.1/../../../../arm-none-eabi/lib/thumb/v7-m/nofp\libc_nano.a(lib_a-memset.o)
                              c:/st/stm32cubeide_1.0.2/stm32cubeide/plugins/com.st.stm32cube.ide.mcu.externaltools.gnu-tools-for-stm32.9-2020-q2-update.win32_1.5.0.202011040924/tools/bin/../lib/gcc/arm-none-eabi/9.3.1/../../../../arm-none-eabi/lib/thumb/v7-m/nofp/crt0.o (memset)
c:/st/stm32cubeide_1.0.2/stm32cubeide/plugins/com.st.stm32cube.ide.mcu.externaltools.gnu-tools-for-stm32.9-2020-q2-update.win32_1.5.0.202011040924/tools/bin/../lib/gcc/arm-none-eabi/9.3.1/../../../../arm-none-eabi/lib/thumb/v7-m/nofp\libc_nano.a(lib_a-snprintf.o)
                              Core/Src/main.o (snprintf)
c:/st/stm32cubeide_1.0.2/stm32cubeide/plugins/com.st.stm32cube.ide.mcu.externaltools.gnu-tools-for-stm32.9-2020-q2-update.win32_1.5.0.202011040924/tools/bin/../lib/gcc/arm-none-eabi/9.3.1/../../../../arm-none-eabi/lib/thumb/v7-m/nofp\libc_nano.a(lib_a-sprintf.o)
                              Modules/drivers/Src/Spy.o (sprintf)
c:/st/stm32cubeide_1.0.2/stm32cubeide/plugins/com.st.stm32cube.ide.mcu.externaltools.gnu-tools-for-stm32.9-2020-q2-update.win32_1.5.0.202011040924/tools/bin/../lib/gcc/arm-none-eabi/9.3.1/../../../../arm-none-eabi/lib/thumb/v7-m/nofp\libc_nano.a(lib_a-strlen.o)
                              Modules/utility/Src/Com_api.o (strlen)
c:/st/stm32cubeide_1.0.2/stm32cubeide/plugins/com.st.stm32cube.ide.mcu.externaltools.gnu-tools-for-stm32.9-2020-q2-update.win32_1.5.0.202011040924/tools/bin/../lib/gcc/arm-none-eabi/9.3.1/../../../../arm-none-eabi/lib/thumb/v7-m/nofp\libc_nano.a(lib_a-strncmp.o)
                              Modules/utility/Src/G_code.o (strncmp)
c:/st/stm32cubeide_1.0.2/stm32cubeide/plugins/com.st.stm32cube.ide.mcu.externaltools.gnu-tools-for-stm32.9-2020-q2-update.win32_1.5.0.202011040924/tools/bin/../lib/gcc/arm-none-eabi/9.3.1/../../../../arm-none-eabi/lib/thumb/v7-m/nofp\libc_nano.a(lib_a-strtol.o)
[...]
Memory Configuration

Name             Origin             Length             Attributes
RAM              0x0000000020000000 0x0000000000005000 xrw
FLASH            0x0000000008000000 0x0000000000010000 xr
*default*        0x0000000000000000 0xffffffffffffffff

Linker script and memory map

LOAD c:/st/stm32cubeide_1.0.2/stm32cubeide/plugins/com.st.stm32cube.ide.mcu.externaltools.gnu-tools-for-stm32.9-2020-q2-update.win32_1.5.0.202011040924/tools/bin/../lib/gcc/arm-none-eabi/9.3.1/thumb/v7-m/nofp/crti.o
LOAD c:/st/stm32cubeide_1.0.2/stm32cubeide/plugins/com.st.stm32cube.ide.mcu.externaltools.gnu-tools-for-stm32.9-2020-q2-update.win32_1.5.0.202011040924/tools/bin/../lib/gcc/arm-none-eabi/9.3.1/thumb/v7-m/nofp/crtbegin.o
LOAD c:/st/stm32cubeide_1.0.2/stm32cubeide/plugins/com.st.stm32cube.ide.mcu.externaltools.gnu-tools-for-stm32.9-2020-q2-update.win32_1.5.0.202011040924/tools/bin/../lib/gcc/arm-none-eabi/9.3.1/../../../../arm-none-eabi/lib/thumb/v7-m/nofp/crt0.o
LOAD Core/Src/freertos.o
LOAD Core/Src/main.o
LOAD Core/Src/stm32f1xx_hal_msp.o
LOAD Core/Src/stm32f1xx_hal_timebase_tim.o
LOAD Core/Src/stm32f1xx_it.o
LOAD Core/Src/syscalls.o
LOAD Core/Src/sysmem.o
LOAD Core/Src/system_stm32f1xx.o
LOAD Core/Startup/startup_stm32f103c8tx.o
LOAD Drivers/STM32F1xx_HAL_Driver/Src/stm32f1xx_hal.o
LOAD Drivers/STM32F1xx_HAL_Driver/Src/stm32f1xx_hal_cortex.o
LOAD Drivers/STM32F1xx_HAL_Driver/Src/stm32f1xx_hal_dma.o
LOAD Drivers/STM32F1xx_HAL_Driver/Src/stm32f1xx_hal_exti.o
LOAD Drivers/STM32F1xx_HAL_Driver/Src/stm32f1xx_hal_flash.o
LOAD Drivers/STM32F1xx_HAL_Driver/Src/stm32f1xx_hal_flash_ex.o
LOAD Drivers/STM32F1xx_HAL_Driver/Src/stm32f1xx_hal_gpio.o
LOAD Drivers/STM32F1xx_HAL_Driver/Src/stm32f1xx_hal_gpio_ex.o
LOAD Drivers/STM32F1xx_HAL_Driver/Src/stm32f1xx_hal_pcd.o
LOAD Drivers/STM32F1xx_HAL_Driver/Src/stm32f1xx_hal_pcd_ex.o
LOAD Drivers/STM32F1xx_HAL_Driver/Src/stm32f1xx_hal_pwr.o
LOAD Drivers/STM32F1xx_HAL_Driver/Src/stm32f1xx_hal_rcc.o
LOAD Drivers/STM32F1xx_HAL_Driver/Src/stm32f1xx_hal_rcc_ex.o
LOAD Drivers/STM32F1xx_HAL_Driver/Src/stm32f1xx_hal_tim.o
LOAD Drivers/STM32F1xx_HAL_Driver/Src/stm32f1xx_hal_tim_ex.o
LOAD Drivers/STM32F1xx_HAL_Driver/Src/stm32f1xx_ll_usb.o
LOAD Middlewares/ST/STM32_USB_Device_Library/Class/CDC/Src/usbd_cdc.o
LOAD Middlewares/ST/STM32_USB_Device_Library/Core/Src/usbd_core.o
LOAD Middlewares/ST/STM32_USB_Device_Library/Core/Src/usbd_ctlreq.o
LOAD Middlewares/ST/STM32_USB_Device_Library/Core/Src/usbd_ioreq.o
LOAD Middlewares/Third_Party/FreeRTOS/Source/CMSIS_RTOS/cmsis_os.o
LOAD Middlewares/Third_Party/FreeRTOS/Source/croutine.o
LOAD Middlewares/Third_Party/FreeRTOS/Source/event_groups.o
LOAD Middlewares/Third_Party/FreeRTOS/Source/list.o
LOAD Middlewares/Third_Party/FreeRTOS/Source/queue.o
LOAD Middlewares/Third_Party/FreeRTOS/Source/stream_buffer.o
LOAD Middlewares/Third_Party/FreeRTOS/Source/tasks.o
LOAD Middlewares/Third_Party/FreeRTOS/Source/timers.o
LOAD Middlewares/Third_Party/FreeRTOS/Source/portable/GCC/ARM_CM3/port.o
LOAD Middlewares/Third_Party/FreeRTOS/Source/portable/MemMang/heap_4.o
LOAD Modules/cnc_2d/Src/cnc_2d.o
LOAD Modules/drivers/Src/SG90_controller.o
LOAD Modules/drivers/Src/Spy.o
LOAD Modules/drivers/Src/Step_Driver.o
LOAD Modules/utility/Src/Com_api.o
LOAD Modules/utility/Src/G_code.o
LOAD Modules/utility/Src/Queue_job_manager.o
LOAD USB_DEVICE/App/usb_device.o
LOAD USB_DEVICE/App/usbd_cdc_if.o
LOAD USB_DEVICE/App/usbd_desc.o
LOAD USB_DEVICE/Target/usbd_conf.o
START GROUP
LOAD c:/st/stm32cubeide_1.0.2/stm32cubeide/plugins/com.st.stm32cube.ide.mcu.externaltools.gnu-tools-for-stm32.9-2020-q2-update.win32_1.5.0.202011040924/tools/bin/../lib/gcc/arm-none-eabi/9.3.1/../../../../arm-none-eabi/lib/thumb/v7-m/nofp\libc_nano.a
LOAD c:/st/stm32cubeide_1.0.2/stm32cubeide/plugins/com.st.stm32cube.ide.mcu.externaltools.gnu-tools-for-stm32.9-2020-q2-update.win32_1.5.0.202011040924/tools/bin/../lib/gcc/arm-none-eabi/9.3.1/../../../../arm-none-eabi/lib/thumb/v7-m/nofp\libm.a
END GROUP
START GROUP
LOAD c:/st/stm32cubeide_1.0.2/stm32cubeide/plugins/com.st.stm32cube.ide.mcu.externaltools.gnu-tools-for-stm32.9-2020-q2-update.win32_1.5.0.202011040924/tools/bin/../lib/gcc/arm-none-eabi/9.3.1/thumb/v7-m/nofp\libgcc.a
LOAD c:/st/stm32cubeide_1.0.2/stm32cubeide/plugins/com.st.stm32cube.ide.mcu.externaltools.gnu-tools-for-stm32.9-2020-q2-update.win32_1.5.0.202011040924/tools/bin/../lib/gcc/arm-none-eabi/9.3.1/../../../../arm-none-eabi/lib/thumb/v7-m/nofp\libc_nano.a
END GROUP
START GROUP
LOAD c:/st/stm32cubeide_1.0.2/stm32cubeide/plugins/com.st.stm32cube.ide.mcu.externaltools.gnu-tools-for-stm32.9-2020-q2-update.win32_1.5.0.202011040924/tools/bin/../lib/gcc/arm-none-eabi/9.3.1/thumb/v7-m/nofp\libgcc.a
LOAD c:/st/stm32cubeide_1.0.2/stm32cubeide/plugins/com.st.stm32cube.ide.mcu.externaltools.gnu-tools-for-stm32.9-2020-q2-update.win32_1.5.0.202011040924/tools/bin/../lib/gcc/arm-none-eabi/9.3.1/../../../../arm-none-eabi/lib/thumb/v7-m/nofp\libc_nano.a
LOAD c:/st/stm32cubeide_1.0.2/stm32cubeide/plugins/com.st.stm32cube.ide.mcu.externaltools.gnu-tools-for-stm32.9-2020-q2-update.win32_1.5.0.202011040924/tools/bin/../lib/gcc/arm-none-eabi/9.3.1/../../../../arm-none-eabi/lib/thumb/v7-m/nofp\libnosys.a
END GROUP
START GROUP
LOAD c:/st/stm32cubeide_1.0.2/stm32cubeide/plugins/com.st.stm32cube.ide.mcu.externaltools.gnu-tools-for-stm32.9-2020-q2-update.win32_1.5.0.202011040924/tools/bin/../lib/gcc/arm-none-eabi/9.3.1/thumb/v7-m/nofp\libgcc.a
LOAD c:/st/stm32cubeide_1.0.2/stm32cubeide/plugins/com.st.stm32cube.ide.mcu.externaltools.gnu-tools-for-stm32.9-2020-q2-update.win32_1.5.0.202011040924/tools/bin/../lib/gcc/arm-none-eabi/9.3.1/../../../../arm-none-eabi/lib/thumb/v7-m/nofp\libc_nano.a
LOAD c:/st/stm32cubeide_1.0.2/stm32cubeide/plugins/com.st.stm32cube.ide.mcu.externaltools.gnu-tools-for-stm32.9-2020-q2-update.win32_1.5.0.202011040924/tools/bin/../lib/gcc/arm-none-eabi/9.3.1/../../../../arm-none-eabi/lib/thumb/v7-m/nofp\libnosys.a
END GROUP
LOAD c:/st/stm32cubeide_1.0.2/stm32cubeide/plugins/com.st.stm32cube.ide.mcu.externaltools.gnu-tools-for-stm32.9-2020-q2-update.win32_1.5.0.202011040924/tools/bin/../lib/gcc/arm-none-eabi/9.3.1/thumb/v7-m/nofp/crtend.o
LOAD c:/st/stm32cubeide_1.0.2/stm32cubeide/plugins/com.st.stm32cube.ide.mcu.externaltools.gnu-tools-for-stm32.9-2020-q2-update.win32_1.5.0.202011040924/tools/bin/../lib/gcc/arm-none-eabi/9.3.1/thumb/v7-m/nofp/crtn.o
                0x0000000020005000                _estack = (ORIGIN (RAM) + LENGTH (RAM))
                0x0000000000000200                _Min_Heap_Size = 0x200
                0x0000000000000400                _Min_Stack_Size = 0x400

.isr_vector     0x0000000008000000      0x10c
                0x0000000008000000                . = ALIGN (0x4)
 *(.isr_vector)
 .isr_vector    0x0000000008000000      0x10c Core/Startup/startup_stm32f103c8tx.o
                0x0000000008000000                g_pfnVectors
                0x000000000800010c                . = ALIGN (0x4)

.text           0x0000000008000110     0xb448
                0x0000000008000110                . = ALIGN (0x4)
 *(.text)
 .text          0x0000000008000110       0x40 c:/st/stm32cubeide_1.0.2/stm32cubeide/plugins/com.st.stm32cube.ide.mcu.externaltools.gnu-tools-for-stm32.9-2020-q2-update.win32_1.5.0.202011040924/tools/bin/../lib/gcc/arm-none-eabi/9.3.1/thumb/v7-m/nofp/crtbegin.o
 .text          0x0000000008000150       0x10 c:/st/stm32cubeide_1.0.2/stm32cubeide/plugins/com.st.stm32cube.ide.mcu.externaltools.gnu-tools-for-stm32.9-2020-q2-update.win32_1.5.0.202011040924/tools/bin/../lib/gcc/arm-none-eabi/9.3.1/../../../../arm-none-eabi/lib/thumb/v7-m/nofp\libc_nano.a(lib_a-strlen.o)
                0x0000000008000150                strlen
 *(.text*)
 .text.vApplicationGetIdleTaskMemory
                0x0000000008000160       0x30 Core/Src/freertos.o
                0x0000000008000160                vApplicationGetIdleTaskMemory
 .text.main     0x0000000008000190       0x98 Core/Src/main.o
                0x0000000008000190                main
 .text.SystemClock_Config
                0x0000000008000228       0xb4 Core/Src/main.o
                0x0000000008000228                SystemClock_Config
 .text.MX_TIM2_Init
                0x00000000080002dc       0xec Core/Src/main.o
 .text.MX_TIM4_Init
                0x00000000080003c8       0x9c Core/Src/main.o
 .text.MX_GPIO_Init
                0x0000000008000464      0x128 Core/Src/main.o
 .text.StartDefaultTask
                0x000000000800058c       0x7c Core/Src/main.o
                0x000000000800058c                StartDefaultTask
 .text.StartComTask
                0x0000000008000608       0x1c Core/Src/main.o
                0x0000000008000608                StartComTask
 .text.HAL_TIM_PeriodElapsedCallback
                0x0000000008000624       0x64 Core/Src/main.o
                0x0000000008000624                HAL_TIM_PeriodElapsedCallback
 .text.Error_Handler
                0x0000000008000688        0xa Core/Src/main.o
                0x0000000008000688                Error_Handler
 *fill*         0x0000000008000692        0x2 
 .text.HAL_MspInit
                0x0000000008000694       0x70 Core/Src/stm32f1xx_hal_msp.o
                0x0000000008000694                HAL_MspInit
 .text.HAL_TIM_Base_MspInit
                0x0000000008000704       0x70 Core/Src/stm32f1xx_hal_msp.o
                0x0000000008000704                HAL_TIM_Base_MspInit
 .text.HAL_TIM_MspPostInit
                0x0000000008000774       0x60 Core/Src/stm32f1xx_hal_msp.o
                0x0000000008000774                HAL_TIM_MspPostInit
 .text.HAL_InitTick
                0x00000000080007d4       0xb0 Core/Src/stm32f1xx_hal_timebase_tim.o
                0x00000000080007d4                HAL_InitTick
 .text.NMI_Handler
                0x0000000008000884        0x6 Core/Src/stm32f1xx_it.o
                0x0000000008000884                NMI_Handler
 .text.HardFault_Handler
                0x000000000800088a        0x6 Core/Src/stm32f1xx_it.o
                0x000000000800088a                HardFault_Handler
 .text.MemManage_Handler
                0x0000000008000890        0x6 Core/Src/stm32f1xx_it.o
                0x0000000008000890                MemManage_Handler
 .text.BusFault_Handler
                0x0000000008000896        0x6 Core/Src/stm32f1xx_it.o
                0x0000000008000896                BusFault_Handler
 .text.UsageFault_Handler
                0x000000000800089c        0x6 Core/Src/stm32f1xx_it.o
                0x000000000800089c                UsageFault_Handler
 .text.DebugMon_Handler
                0x00000000080008a2        0xc Core/Src/stm32f1xx_it.o
                0x00000000080008a2                DebugMon_Handler
 *fill*         0x00000000080008ae        0x2 
 .text.USB_LP_CAN1_RX0_IRQHandler
                0x00000000080008b0       0x14 Core/Src/stm32f1xx_it.o
                0x00000000080008b0                USB_LP_CAN1_RX0_IRQHandler
 .text.TIM3_IRQHandler
                0x00000000080008c4       0x14 Core/Src/stm32f1xx_it.o
                0x00000000080008c4                TIM3_IRQHandler
 .text.TIM4_IRQHandler
                0x00000000080008d8       0x14 Core/Src/stm32f1xx_it.o
                0x00000000080008d8                TIM4_IRQHandler
 .text._sbrk    0x00000000080008ec       0x6c Core/Src/sysmem.o
                0x00000000080008ec                _sbrk
 .text.SystemInit
                0x0000000008000958        0xc Core/Src/system_stm32f1xx.o
                0x0000000008000958                SystemInit
 .text.Reset_Handler
                0x0000000008000964       0x48 Core/Startup/startup_stm32f103c8tx.o
                0x0000000008000964                Reset_Handler
 .text.Default_Handler
                0x00000000080009ac        0x2 Core/Startup/startup_stm32f103c8tx.o
                0x00000000080009ac                RTC_Alarm_IRQHandler
                0x00000000080009ac                EXTI2_IRQHandler
                0x00000000080009ac                TIM1_CC_IRQHandler
                0x00000000080009ac                PVD_IRQHandler
                0x00000000080009ac                EXTI3_IRQHandler
                0x00000000080009ac                EXTI0_IRQHandler
                0x00000000080009ac                I2C2_EV_IRQHandler
                0x00000000080009ac                ADC1_2_IRQHandler
                0x00000000080009ac                SPI1_IRQHandler
                0x00000000080009ac                TAMPER_IRQHandler
                0x00000000080009ac                DMA1_Channel4_IRQHandler
                0x00000000080009ac                USART3_IRQHandler
                0x00000000080009ac                RTC_IRQHandler
                0x00000000080009ac                DMA1_Channel7_IRQHandler
                0x00000000080009ac                CAN1_RX1_IRQHandler
                0x00000000080009ac                I2C1_EV_IRQHandler
                0x00000000080009ac                DMA1_Channel6_IRQHandler
                0x00000000080009ac                RCC_IRQHandler
                0x00000000080009ac                TIM1_TRG_COM_IRQHandler
                0x00000000080009ac                DMA1_Channel1_IRQHandler
                0x00000000080009ac                Default_Handler
                0x00000000080009ac                EXTI15_10_IRQHandler
                0x00000000080009ac                EXTI9_5_IRQHandler
                0x00000000080009ac                SPI2_IRQHandler
                0x00000000080009ac                DMA1_Channel5_IRQHandler
                0x00000000080009ac                EXTI4_IRQHandler
                0x00000000080009ac                USB_HP_CAN1_TX_IRQHandler
                0x00000000080009ac                DMA1_Channel3_IRQHandler
                0x00000000080009ac                TIM1_UP_IRQHandler
                0x00000000080009ac                WWDG_IRQHandler
                0x00000000080009ac                TIM2_IRQHandler
                0x00000000080009ac                TIM1_BRK_IRQHandler
                0x00000000080009ac                EXTI1_IRQHandler
                0x00000000080009ac                USART2_IRQHandler
                0x00000000080009ac                I2C2_ER_IRQHandler
                0x00000000080009ac                DMA1_Channel2_IRQHandler
                0x00000000080009ac                CAN1_SCE_IRQHandler
                0x00000000080009ac                FLASH_IRQHandler
                0x00000000080009ac                USART1_IRQHandler
                0x00000000080009ac                I2C1_ER_IRQHandler
                0x00000000080009ac                USBWakeUp_IRQHandler
 *fill*         0x00000000080009ae        0x2 
 .text.HAL_Init
                0x00000000080009b0       0x2c Drivers/STM32F1xx_HAL_Driver/Src/stm32f1xx_hal.o
                0x00000000080009b0                HAL_Init
 .text.HAL_IncTick
                0x00000000080009dc       0x24 Drivers/STM32F1xx_HAL_Driver/Src/stm32f1xx_hal.o
                0x00000000080009dc                HAL_IncTick
 .text.HAL_GetTick
                0x0000000008000a00       0x14 Drivers/STM32F1xx_HAL_Driver/Src/stm32f1xx_hal.o
                0x0000000008000a00                HAL_GetTick
 .text.HAL_Delay
                0x0000000008000a14       0x48 Drivers/STM32F1xx_HAL_Driver/Src/stm32f1xx_hal.o
                0x0000000008000a14                HAL_Delay
 .text.__NVIC_SetPriorityGrouping
                0x0000000008000a5c       0x48 Drivers/STM32F1xx_HAL_Driver/Src/stm32f1xx_hal_cortex.o
 .text.__NVIC_GetPriorityGrouping
                0x0000000008000aa4       0x1c Drivers/STM32F1xx_HAL_Driver/Src/stm32f1xx_hal_cortex.o
 .text.__NVIC_EnableIRQ
                0x0000000008000ac0       0x38 Drivers/STM32F1xx_HAL_Driver/Src/stm32f1xx_hal_cortex.o
 .text.__NVIC_SetPriority
                0x0000000008000af8       0x54 Drivers/STM32F1xx_HAL_Driver/Src/stm32f1xx_hal_cortex.o
 .text.NVIC_EncodePriority
                0x0000000008000b4c       0x64 Drivers/STM32F1xx_HAL_Driver/Src/stm32f1xx_hal_cortex.o
 .text.HAL_NVIC_SetPriorityGrouping
                0x0000000008000bb0       0x16 Drivers/STM32F1xx_HAL_Driver/Src/stm32f1xx_hal_cortex.o
                0x0000000008000bb0                HAL_NVIC_SetPriorityGrouping
 .text.HAL_NVIC_SetPriority
                0x0000000008000bc6       0x38 Drivers/STM32F1xx_HAL_Driver/Src/stm32f1xx_hal_cortex.o
                0x0000000008000bc6                HAL_NVIC_SetPriority
 .text.HAL_NVIC_EnableIRQ
                0x0000000008000bfe       0x1c Drivers/STM32F1xx_HAL_Driver/Src/stm32f1xx_hal_cortex.o
                0x0000000008000bfe                HAL_NVIC_EnableIRQ
 *fill*         0x0000000008000c1a        0x2 
 .text.HAL_GPIO_Init
                0x0000000008000c1c      0x308 Drivers/STM32F1xx_HAL_Driver/Src/stm32f1xx_hal_gpio.o
                0x0000000008000c1c                HAL_GPIO_Init
 .text.HAL_GPIO_ReadPin
                0x0000000008000f24       0x2e Drivers/STM32F1xx_HAL_Driver/Src/stm32f1xx_hal_gpio.o
                0x0000000008000f24                HAL_GPIO_ReadPin
 .text.HAL_GPIO_WritePin
                0x0000000008000f52       0x30 Drivers/STM32F1xx_HAL_Driver/Src/stm32f1xx_hal_gpio.o
                0x0000000008000f52                HAL_GPIO_WritePin
 .text.HAL_GPIO_TogglePin
                0x0000000008000f82       0x32 Drivers/STM32F1xx_HAL_Driver/Src/stm32f1xx_hal_gpio.o
                0x0000000008000f82                HAL_GPIO_TogglePin
 .text.HAL_PCD_Init
                0x0000000008000fb4      0x1fe Drivers/STM32F1xx_HAL_Driver/Src/stm32f1xx_hal_pcd.o
                0x0000000008000fb4                HAL_PCD_Init
 .text.HAL_PCD_Start
                0x00000000080011b2       0x4c Drivers/STM32F1xx_HAL_Driver/Src/stm32f1xx_hal_pcd.o
                0x00000000080011b2                HAL_PCD_Start
 .text.HAL_PCD_IRQHandler
                0x00000000080011fe      0x264 Drivers/STM32F1xx_HAL_Driver/Src/stm32f1xx_hal_pcd.o
                0x00000000080011fe                HAL_PCD_IRQHandler
 .text.HAL_PCD_SetAddress
                0x0000000008001462       0x4a Drivers/STM32F1xx_HAL_Driver/Src/stm32f1xx_hal_pcd.o
                0x0000000008001462                HAL_PCD_SetAddress
 .text.HAL_PCD_EP_Open
                0x00000000080014ac       0xba Drivers/STM32F1xx_HAL_Driver/Src/stm32f1xx_hal_pcd.o
                0x00000000080014ac                HAL_PCD_EP_Open
 .text.HAL_PCD_EP_Close
                0x0000000008001566       0x90 Drivers/STM32F1xx_HAL_Driver/Src/stm32f1xx_hal_pcd.o
                0x0000000008001566                HAL_PCD_EP_Close
 .text.HAL_PCD_EP_Receive
                0x00000000080015f6       0x62 Drivers/STM32F1xx_HAL_Driver/Src/stm32f1xx_hal_pcd.o
                0x00000000080015f6                HAL_PCD_EP_Receive
 .text.HAL_PCD_EP_GetRxCount
                0x0000000008001658       0x2e Drivers/STM32F1xx_HAL_Driver/Src/stm32f1xx_hal_pcd.o
                0x0000000008001658                HAL_PCD_EP_GetRxCount
 .text.HAL_PCD_EP_Transmit
                0x0000000008001686       0x6e Drivers/STM32F1xx_HAL_Driver/Src/stm32f1xx_hal_pcd.o
                0x0000000008001686                HAL_PCD_EP_Transmit
 .text.HAL_PCD_EP_SetStall
                0x00000000080016f4       0xc0 Drivers/STM32F1xx_HAL_Driver/Src/stm32f1xx_hal_pcd.o
                0x00000000080016f4                HAL_PCD_EP_SetStall
 .text.HAL_PCD_EP_ClrStall
                0x00000000080017b4       0xa8 Drivers/STM32F1xx_HAL_Driver/Src/stm32f1xx_hal_pcd.o
                0x00000000080017b4                HAL_PCD_EP_ClrStall
 .text.PCD_EP_ISR_Handler
                0x000000000800185c      0x7a6 Drivers/STM32F1xx_HAL_Driver/Src/stm32f1xx_hal_pcd.o
 .text.HAL_PCD_EP_DB_Receive
                0x0000000008002002      0x21a Drivers/STM32F1xx_HAL_Driver/Src/stm32f1xx_hal_pcd.o
 .text.HAL_PCD_EP_DB_Transmit
                0x000000000800221c      0x7f4 Drivers/STM32F1xx_HAL_Driver/Src/stm32f1xx_hal_pcd.o
 .text.HAL_PCDEx_PMAConfig
                0x0000000008002a10       0x84 Drivers/STM32F1xx_HAL_Driver/Src/stm32f1xx_hal_pcd_ex.o
                0x0000000008002a10                HAL_PCDEx_PMAConfig
 .text.HAL_RCC_OscConfig
                0x0000000008002a94      0x500 Drivers/STM32F1xx_HAL_Driver/Src/stm32f1xx_hal_rcc.o
                0x0000000008002a94                HAL_RCC_OscConfig
 .text.HAL_RCC_ClockConfig
                0x0000000008002f94      0x1d4 Drivers/STM32F1xx_HAL_Driver/Src/stm32f1xx_hal_rcc.o
                0x0000000008002f94                HAL_RCC_ClockConfig
 .text.HAL_RCC_GetSysClockFreq
                0x0000000008003168       0xa8 Drivers/STM32F1xx_HAL_Driver/Src/stm32f1xx_hal_rcc.o
                0x0000000008003168                HAL_RCC_GetSysClockFreq
 .text.HAL_RCC_GetHCLKFreq
                0x0000000008003210       0x14 Drivers/STM32F1xx_HAL_Driver/Src/stm32f1xx_hal_rcc.o
                0x0000000008003210                HAL_RCC_GetHCLKFreq
 .text.HAL_RCC_GetPCLK1Freq
                0x0000000008003224       0x28 Drivers/STM32F1xx_HAL_Driver/Src/stm32f1xx_hal_rcc.o
                0x0000000008003224                HAL_RCC_GetPCLK1Freq
 .text.HAL_RCC_GetClockConfig
                0x000000000800324c       0x60 Drivers/STM32F1xx_HAL_Driver/Src/stm32f1xx_hal_rcc.o
                0x000000000800324c                HAL_RCC_GetClockConfig
 .text.RCC_Delay
                0x00000000080032ac       0x3c Drivers/STM32F1xx_HAL_Driver/Src/stm32f1xx_hal_rcc.o
 .text.HAL_RCCEx_PeriphCLKConfig
                0x00000000080032e8      0x16c Drivers/STM32F1xx_HAL_Driver/Src/stm32f1xx_hal_rcc_ex.o
                0x00000000080032e8                HAL_RCCEx_PeriphCLKConfig
 .text.HAL_TIM_Base_Init
                0x0000000008003454       0x9e Drivers/STM32F1xx_HAL_Driver/Src/stm32f1xx_hal_tim.o
                0x0000000008003454                HAL_TIM_Base_Init
 .text.HAL_TIM_Base_Stop
                0x00000000080034f2       0x4c Drivers/STM32F1xx_HAL_Driver/Src/stm32f1xx_hal_tim.o
                0x00000000080034f2                HAL_TIM_Base_Stop
 *fill*         0x000000000800353e        0x2 
 .text.HAL_TIM_Base_Start_IT
                0x0000000008003540       0xa4 Drivers/STM32F1xx_HAL_Driver/Src/stm32f1xx_hal_tim.o
                0x0000000008003540                HAL_TIM_Base_Start_IT
 .text.HAL_TIM_PWM_Init
                0x00000000080035e4       0x9e Drivers/STM32F1xx_HAL_Driver/Src/stm32f1xx_hal_tim.o
                0x00000000080035e4                HAL_TIM_PWM_Init
 .text.HAL_TIM_PWM_MspInit
                0x0000000008003682       0x12 Drivers/STM32F1xx_HAL_Driver/Src/stm32f1xx_hal_tim.o
                0x0000000008003682                HAL_TIM_PWM_MspInit
 .text.HAL_TIM_PWM_Start
                0x0000000008003694      0x144 Drivers/STM32F1xx_HAL_Driver/Src/stm32f1xx_hal_tim.o
                0x0000000008003694                HAL_TIM_PWM_Start
 .text.HAL_TIM_IRQHandler
                0x00000000080037d8      0x210 Drivers/STM32F1xx_HAL_Driver/Src/stm32f1xx_hal_tim.o
                0x00000000080037d8                HAL_TIM_IRQHandler
 .text.HAL_TIM_PWM_ConfigChannel
                0x00000000080039e8      0x184 Drivers/STM32F1xx_HAL_Driver/Src/stm32f1xx_hal_tim.o
                0x00000000080039e8                HAL_TIM_PWM_ConfigChannel
 .text.HAL_TIM_ConfigClockSource
                0x0000000008003b6c      0x18e Drivers/STM32F1xx_HAL_Driver/Src/stm32f1xx_hal_tim.o
                0x0000000008003b6c                HAL_TIM_ConfigClockSource
 .text.HAL_TIM_OC_DelayElapsedCallback
                0x0000000008003cfa       0x12 Drivers/STM32F1xx_HAL_Driver/Src/stm32f1xx_hal_tim.o
                0x0000000008003cfa                HAL_TIM_OC_DelayElapsedCallback
 .text.HAL_TIM_IC_CaptureCallback
                0x0000000008003d0c       0x12 Drivers/STM32F1xx_HAL_Driver/Src/stm32f1xx_hal_tim.o
                0x0000000008003d0c                HAL_TIM_IC_CaptureCallback
 .text.HAL_TIM_PWM_PulseFinishedCallback
                0x0000000008003d1e       0x12 Drivers/STM32F1xx_HAL_Driver/Src/stm32f1xx_hal_tim.o
                0x0000000008003d1e                HAL_TIM_PWM_PulseFinishedCallback
 .text.HAL_TIM_TriggerCallback
                0x0000000008003d30       0x12 Drivers/STM32F1xx_HAL_Driver/Src/stm32f1xx_hal_tim.o
                0x0000000008003d30                HAL_TIM_TriggerCallback
 *fill*         0x0000000008003d42        0x2 
 .text.TIM_Base_SetConfig
                0x0000000008003d44       0xc4 Drivers/STM32F1xx_HAL_Driver/Src/stm32f1xx_hal_tim.o
                0x0000000008003d44                TIM_Base_SetConfig
 .text.TIM_OC1_SetConfig
                0x0000000008003e08       0xcc Drivers/STM32F1xx_HAL_Driver/Src/stm32f1xx_hal_tim.o
 .text.TIM_OC2_SetConfig
                0x0000000008003ed4       0xd4 Drivers/STM32F1xx_HAL_Driver/Src/stm32f1xx_hal_tim.o
                0x0000000008003ed4                TIM_OC2_SetConfig
 .text.TIM_OC3_SetConfig
                0x0000000008003fa8       0xd4 Drivers/STM32F1xx_HAL_Driver/Src/stm32f1xx_hal_tim.o
 .text.TIM_OC4_SetConfig
                0x000000000800407c       0x9c Drivers/STM32F1xx_HAL_Driver/Src/stm32f1xx_hal_tim.o
 .text.TIM_TI1_ConfigInputStage
                0x0000000008004118       0x5c Drivers/STM32F1xx_HAL_Driver/Src/stm32f1xx_hal_tim.o
 .text.TIM_TI2_ConfigInputStage
                0x0000000008004174       0x5e Drivers/STM32F1xx_HAL_Driver/Src/stm32f1xx_hal_tim.o
 .text.TIM_ITRx_SetConfig
                0x00000000080041d2       0x34 Drivers/STM32F1xx_HAL_Driver/Src/stm32f1xx_hal_tim.o
 .text.TIM_ETR_SetConfig
                0x0000000008004206       0x3e Drivers/STM32F1xx_HAL_Driver/Src/stm32f1xx_hal_tim.o
                0x0000000008004206                TIM_ETR_SetConfig
 .text.TIM_CCxChannelCmd
                0x0000000008004244       0x48 Drivers/STM32F1xx_HAL_Driver/Src/stm32f1xx_hal_tim.o
                0x0000000008004244                TIM_CCxChannelCmd
 .text.HAL_TIMEx_MasterConfigSynchronization
                0x000000000800428c       0xbc Drivers/STM32F1xx_HAL_Driver/Src/stm32f1xx_hal_tim_ex.o
                0x000000000800428c                HAL_TIMEx_MasterConfigSynchronization
 .text.HAL_TIMEx_CommutCallback
                0x0000000008004348       0x12 Drivers/STM32F1xx_HAL_Driver/Src/stm32f1xx_hal_tim_ex.o
                0x0000000008004348                HAL_TIMEx_CommutCallback
 .text.HAL_TIMEx_BreakCallback
                0x000000000800435a       0x12 Drivers/STM32F1xx_HAL_Driver/Src/stm32f1xx_hal_tim_ex.o
                0x000000000800435a                HAL_TIMEx_BreakCallback
 .text.USB_CoreInit
                0x000000000800436c       0x20 Drivers/STM32F1xx_HAL_Driver/Src/stm32f1xx_ll_usb.o
                0x000000000800436c                USB_CoreInit
 .text.USB_EnableGlobalInt
                0x000000000800438c       0x2c Drivers/STM32F1xx_HAL_Driver/Src/stm32f1xx_ll_usb.o
                0x000000000800438c                USB_EnableGlobalInt
 .text.USB_DisableGlobalInt
                0x00000000080043b8       0x34 Drivers/STM32F1xx_HAL_Driver/Src/stm32f1xx_ll_usb.o
                0x00000000080043b8                USB_DisableGlobalInt
 .text.USB_SetCurrentMode
                0x00000000080043ec       0x18 Drivers/STM32F1xx_HAL_Driver/Src/stm32f1xx_ll_usb.o
                0x00000000080043ec                USB_SetCurrentMode
 .text.USB_DevInit
                0x0000000008004404       0x40 Drivers/STM32F1xx_HAL_Driver/Src/stm32f1xx_ll_usb.o
                0x0000000008004404                USB_DevInit
 .text.USB_ActivateEndpoint
                0x0000000008004444      0x780 Drivers/STM32F1xx_HAL_Driver/Src/stm32f1xx_ll_usb.o
                0x0000000008004444                USB_ActivateEndpoint
 .text.USB_DeactivateEndpoint
                0x0000000008004bc4      0x3d8 Drivers/STM32F1xx_HAL_Driver/Src/stm32f1xx_ll_usb.o
                0x0000000008004bc4                USB_DeactivateEndpoint
 .text.USB_EPStartXfer
                0x0000000008004f9c     0x1298 Drivers/STM32F1xx_HAL_Driver/Src/stm32f1xx_ll_usb.o
                0x0000000008004f9c                USB_EPStartXfer
 .text.USB_EPSetStall
                0x0000000008006234       0xa0 Drivers/STM32F1xx_HAL_Driver/Src/stm32f1xx_ll_usb.o
                0x0000000008006234                USB_EPSetStall
 .text.USB_EPClearStall
                0x00000000080062d4      0x15a Drivers/STM32F1xx_HAL_Driver/Src/stm32f1xx_ll_usb.o
                0x00000000080062d4                USB_EPClearStall
 .text.USB_SetDevAddress
                0x000000000800642e       0x26 Drivers/STM32F1xx_HAL_Driver/Src/stm32f1xx_ll_usb.o
                0x000000000800642e                USB_SetDevAddress
 .text.USB_DevConnect
                0x0000000008006454       0x14 Drivers/STM32F1xx_HAL_Driver/Src/stm32f1xx_ll_usb.o
                0x0000000008006454                USB_DevConnect
 .text.USB_DevDisconnect
                0x0000000008006468       0x14 Drivers/STM32F1xx_HAL_Driver/Src/stm32f1xx_ll_usb.o
                0x0000000008006468                USB_DevDisconnect
 .text.USB_ReadInterrupts
                0x000000000800647c       0x1e Drivers/STM32F1xx_HAL_Driver/Src/stm32f1xx_ll_usb.o
                0x000000000800647c                USB_ReadInterrupts
 .text.USB_EP0_OutStart
                0x000000000800649a       0x16 Drivers/STM32F1xx_HAL_Driver/Src/stm32f1xx_ll_usb.o
                0x000000000800649a                USB_EP0_OutStart
 .text.USB_WritePMA
                0x00000000080064b0       0x8a Drivers/STM32F1xx_HAL_Driver/Src/stm32f1xx_ll_usb.o
                0x00000000080064b0                USB_WritePMA
 .text.USB_ReadPMA
                0x000000000800653a       0x9e Drivers/STM32F1xx_HAL_Driver/Src/stm32f1xx_ll_usb.o
                0x000000000800653a                USB_ReadPMA
 .text.USBD_CDC_Init
                0x00000000080065d8       0xf4 Middlewares/ST/STM32_USB_Device_Library/Class/CDC/Src/usbd_cdc.o
 .text.USBD_CDC_DeInit
                0x00000000080066cc       0x6e Middlewares/ST/STM32_USB_Device_Library/Class/CDC/Src/usbd_cdc.o
 .text.USBD_CDC_Setup
                0x000000000800673a      0x146 Middlewares/ST/STM32_USB_Device_Library/Class/CDC/Src/usbd_cdc.o
 .text.USBD_CDC_DataIn
                0x0000000008006880       0xa6 Middlewares/ST/STM32_USB_Device_Library/Class/CDC/Src/usbd_cdc.o
 .text.USBD_CDC_DataOut
                0x0000000008006926       0x56 Middlewares/ST/STM32_USB_Device_Library/Class/CDC/Src/usbd_cdc.o
 .text.USBD_CDC_EP0_RxReady
                0x000000000800697c       0x50 Middlewares/ST/STM32_USB_Device_Library/Class/CDC/Src/usbd_cdc.o
 .text.USBD_CDC_GetFSCfgDesc
                0x00000000080069cc       0x20 Middlewares/ST/STM32_USB_Device_Library/Class/CDC/Src/usbd_cdc.o
 .text.USBD_CDC_GetHSCfgDesc
                0x00000000080069ec       0x20 Middlewares/ST/STM32_USB_Device_Library/Class/CDC/Src/usbd_cdc.o
 .text.USBD_CDC_GetOtherSpeedCfgDesc
                0x0000000008006a0c       0x20 Middlewares/ST/STM32_USB_Device_Library/Class/CDC/Src/usbd_cdc.o
 .text.USBD_CDC_GetDeviceQualifierDescriptor
                0x0000000008006a2c       0x20 Middlewares/ST/STM32_USB_Device_Library/Class/CDC/Src/usbd_cdc.o
                0x0000000008006a2c                USBD_CDC_GetDeviceQualifierDescriptor
 .text.USBD_CDC_RegisterInterface
                0x0000000008006a4c       0x2c Middlewares/ST/STM32_USB_Device_Library/Class/CDC/Src/usbd_cdc.o
                0x0000000008006a4c                USBD_CDC_RegisterInterface
 .text.USBD_CDC_SetTxBuffer
                0x0000000008006a78       0x32 Middlewares/ST/STM32_USB_Device_Library/Class/CDC/Src/usbd_cdc.o
                0x0000000008006a78                USBD_CDC_SetTxBuffer
 .text.USBD_CDC_SetRxBuffer
                0x0000000008006aaa       0x26 Middlewares/ST/STM32_USB_Device_Library/Class/CDC/Src/usbd_cdc.o
                0x0000000008006aaa                USBD_CDC_SetRxBuffer
 .text.USBD_CDC_TransmitPacket
                0x0000000008006ad0       0x5e Middlewares/ST/STM32_USB_Device_Library/Class/CDC/Src/usbd_cdc.o
                0x0000000008006ad0                USBD_CDC_TransmitPacket
 .text.USBD_CDC_ReceivePacket
                0x0000000008006b2e       0x54 Middlewares/ST/STM32_USB_Device_Library/Class/CDC/Src/usbd_cdc.o
                0x0000000008006b2e                USBD_CDC_ReceivePacket
 .text.USBD_Init
                0x0000000008006b82       0x56 Middlewares/ST/STM32_USB_Device_Library/Core/Src/usbd_core.o
                0x0000000008006b82                USBD_Init
 .text.USBD_RegisterClass
                0x0000000008006bd8       0x32 Middlewares/ST/STM32_USB_Device_Library/Core/Src/usbd_core.o
                0x0000000008006bd8                USBD_RegisterClass
 .text.USBD_Start
                0x0000000008006c0a       0x18 Middlewares/ST/STM32_USB_Device_Library/Core/Src/usbd_core.o
                0x0000000008006c0a                USBD_Start
 .text.USBD_RunTestMode
                0x0000000008006c22       0x14 Middlewares/ST/STM32_USB_Device_Library/Core/Src/usbd_core.o
                0x0000000008006c22                USBD_RunTestMode
 .text.USBD_SetClassConfig
                0x0000000008006c36       0x3e Middlewares/ST/STM32_USB_Device_Library/Core/Src/usbd_core.o
                0x0000000008006c36                USBD_SetClassConfig
 .text.USBD_ClrClassConfig
                0x0000000008006c74       0x26 Middlewares/ST/STM32_USB_Device_Library/Core/Src/usbd_core.o
                0x0000000008006c74                USBD_ClrClassConfig
 .text.USBD_LL_SetupStage
                0x0000000008006c9a       0x9a Middlewares/ST/STM32_USB_Device_Library/Core/Src/usbd_core.o
                0x0000000008006c9a                USBD_LL_SetupStage
 .text.USBD_LL_DataOutStage
                0x0000000008006d34       0xe2 Middlewares/ST/STM32_USB_Device_Library/Core/Src/usbd_core.o
                0x0000000008006d34                USBD_LL_DataOutStage
 .text.USBD_LL_DataInStage
                0x0000000008006e16      0x14a Middlewares/ST/STM32_USB_Device_Library/Core/Src/usbd_core.o
                0x0000000008006e16                USBD_LL_DataInStage
 .text.USBD_LL_Reset
                0x0000000008006f60       0x82 Middlewares/ST/STM32_USB_Device_Library/Core/Src/usbd_core.o
                0x0000000008006f60                USBD_LL_Reset
 .text.USBD_LL_SetSpeed
                0x0000000008006fe2       0x1e Middlewares/ST/STM32_USB_Device_Library/Core/Src/usbd_core.o
                0x0000000008006fe2                USBD_LL_SetSpeed
 .text.USBD_LL_Suspend
                0x0000000008007000       0x28 Middlewares/ST/STM32_USB_Device_Library/Core/Src/usbd_core.o
                0x0000000008007000                USBD_LL_Suspend
 .text.USBD_LL_Resume
                0x0000000008007028       0x2a Middlewares/ST/STM32_USB_Device_Library/Core/Src/usbd_core.o
                0x0000000008007028                USBD_LL_Resume
 .text.USBD_LL_SOF
                0x0000000008007052       0x34 Middlewares/ST/STM32_USB_Device_Library/Core/Src/usbd_core.o
                0x0000000008007052                USBD_LL_SOF
 *fill*         0x0000000008007086        0x2 
 .text.USBD_StdDevReq
                0x0000000008007088       0xd4 Middlewares/ST/STM32_USB_Device_Library/Core/Src/usbd_ctlreq.o
                0x0000000008007088                USBD_StdDevReq
 .text.USBD_StdItfReq
                0x000000000800715c       0x90 Middlewares/ST/STM32_USB_Device_Library/Core/Src/usbd_ctlreq.o
                0x000000000800715c                USBD_StdItfReq
 .text.USBD_StdEPReq
                0x00000000080071ec      0x2c6 Middlewares/ST/STM32_USB_Device_Library/Core/Src/usbd_ctlreq.o
                0x00000000080071ec                USBD_StdEPReq
 *fill*         0x00000000080074b2        0x2 
 .text.USBD_GetDescriptor
                0x00000000080074b4      0x2d0 Middlewares/ST/STM32_USB_Device_Library/Core/Src/usbd_ctlreq.o
 .text.USBD_SetAddress
                0x0000000008007784       0x86 Middlewares/ST/STM32_USB_Device_Library/Core/Src/usbd_ctlreq.o
 *fill*         0x000000000800780a        0x2 
 .text.USBD_SetConfig
                0x000000000800780c      0x11c Middlewares/ST/STM32_USB_Device_Library/Core/Src/usbd_ctlreq.o
 .text.USBD_GetConfig
                0x0000000008007928       0x6a Middlewares/ST/STM32_USB_Device_Library/Core/Src/usbd_ctlreq.o
 .text.USBD_GetStatus
                0x0000000008007992       0x66 Middlewares/ST/STM32_USB_Device_Library/Core/Src/usbd_ctlreq.o
 .text.USBD_SetFeature
                0x00000000080079f8       0x28 Middlewares/ST/STM32_USB_Device_Library/Core/Src/usbd_ctlreq.o
 .text.USBD_ClrFeature
                0x0000000008007a20       0x42 Middlewares/ST/STM32_USB_Device_Library/Core/Src/usbd_ctlreq.o
 .text.USBD_ParseSetupRequest
                0x0000000008007a62       0x78 Middlewares/ST/STM32_USB_Device_Library/Core/Src/usbd_ctlreq.o
                0x0000000008007a62                USBD_ParseSetupRequest
 .text.USBD_CtlError
                0x0000000008007ada       0x22 Middlewares/ST/STM32_USB_Device_Library/Core/Src/usbd_ctlreq.o
                0x0000000008007ada                USBD_CtlError
 .text.USBD_GetString
                0x0000000008007afc       0x84 Middlewares/ST/STM32_USB_Device_Library/Core/Src/usbd_ctlreq.o
                0x0000000008007afc                USBD_GetString
 .text.USBD_GetLen
                0x0000000008007b80       0x2e Middlewares/ST/STM32_USB_Device_Library/Core/Src/usbd_ctlreq.o
 .text.USBD_CtlSendData
                0x0000000008007bae       0x38 Middlewares/ST/STM32_USB_Device_Library/Core/Src/usbd_ioreq.o
                0x0000000008007bae                USBD_CtlSendData
 .text.USBD_CtlContinueSendData
                0x0000000008007be6       0x24 Middlewares/ST/STM32_USB_Device_Library/Core/Src/usbd_ioreq.o
                0x0000000008007be6                USBD_CtlContinueSendData
 .text.USBD_CtlPrepareRx
                0x0000000008007c0a       0x3c Middlewares/ST/STM32_USB_Device_Library/Core/Src/usbd_ioreq.o
                0x0000000008007c0a                USBD_CtlPrepareRx
 .text.USBD_CtlContinueRx
                0x0000000008007c46       0x24 Middlewares/ST/STM32_USB_Device_Library/Core/Src/usbd_ioreq.o
                0x0000000008007c46                USBD_CtlContinueRx
 .text.USBD_CtlSendStatus
                0x0000000008007c6a       0x26 Middlewares/ST/STM32_USB_Device_Library/Core/Src/usbd_ioreq.o
                0x0000000008007c6a                USBD_CtlSendStatus
 .text.USBD_CtlReceiveStatus
                0x0000000008007c90       0x26 Middlewares/ST/STM32_USB_Device_Library/Core/Src/usbd_ioreq.o
                0x0000000008007c90                USBD_CtlReceiveStatus
 .text.makeFreeRtosPriority
                0x0000000008007cb6       0x2e Middlewares/Third_Party/FreeRTOS/Source/CMSIS_RTOS/cmsis_os.o
 .text.osKernelStart
                0x0000000008007ce4        0xe Middlewares/Third_Party/FreeRTOS/Source/CMSIS_RTOS/cmsis_os.o
                0x0000000008007ce4                osKernelStart
 .text.osThreadCreate
                0x0000000008007cf2       0x98 Middlewares/Third_Party/FreeRTOS/Source/CMSIS_RTOS/cmsis_os.o
                0x0000000008007cf2                osThreadCreate
 .text.osDelay  0x0000000008007d8a       0x28 Middlewares/Third_Party/FreeRTOS/Source/CMSIS_RTOS/cmsis_os.o
                0x0000000008007d8a                osDelay
 .text.vListInitialise
                0x0000000008007db2       0x3e Middlewares/Third_Party/FreeRTOS/Source/list.o
                0x0000000008007db2                vListInitialise
 .text.vListInitialiseItem
                0x0000000008007df0       0x18 Middlewares/Third_Party/FreeRTOS/Source/list.o
                0x0000000008007df0                vListInitialiseItem
 .text.vListInsertEnd
                0x0000000008007e08       0x46 Middlewares/Third_Party/FreeRTOS/Source/list.o
                0x0000000008007e08                vListInsertEnd
 .text.vListInsert
                0x0000000008007e4e       0x70 Middlewares/Third_Party/FreeRTOS/Source/list.o
                0x0000000008007e4e                vListInsert
 .text.uxListRemove
                0x0000000008007ebe       0x52 Middlewares/Third_Party/FreeRTOS/Source/list.o
                0x0000000008007ebe                uxListRemove
 .text.xQueueGenericReset
                0x0000000008007f10       0xd0 Middlewares/Third_Party/FreeRTOS/Source/queue.o
                0x0000000008007f10                xQueueGenericReset
 .text.xQueueGenericCreate
                0x0000000008007fe0       0x7c Middlewares/Third_Party/FreeRTOS/Source/queue.o
                0x0000000008007fe0                xQueueGenericCreate
 .text.prvInitialiseNewQueue
                0x000000000800805c       0x3e Middlewares/Third_Party/FreeRTOS/Source/queue.o
 .text.prvInitialiseMutex
                0x000000000800809a       0x34 Middlewares/Third_Party/FreeRTOS/Source/queue.o
 .text.xQueueCreateMutex
                0x00000000080080ce       0x30 Middlewares/Third_Party/FreeRTOS/Source/queue.o
                0x00000000080080ce                xQueueCreateMutex
 *fill*         0x00000000080080fe        0x2 
 .text.xQueueGenericSend
                0x0000000008008100      0x1fc Middlewares/Third_Party/FreeRTOS/Source/queue.o
                0x0000000008008100                xQueueGenericSend
 .text.xQueueSemaphoreTake
                0x00000000080082fc      0x218 Middlewares/Third_Party/FreeRTOS/Source/queue.o
                0x00000000080082fc                xQueueSemaphoreTake
 .text.prvGetDisinheritPriorityAfterTimeout
                0x0000000008008514       0x2e Middlewares/Third_Party/FreeRTOS/Source/queue.o
 .text.prvCopyDataToQueue
                0x0000000008008542       0xd4 Middlewares/Third_Party/FreeRTOS/Source/queue.o
 .text.prvUnlockQueue
                0x0000000008008616       0xa4 Middlewares/Third_Party/FreeRTOS/Source/queue.o
 .text.prvIsQueueEmpty
                0x00000000080086ba       0x2c Middlewares/Third_Party/FreeRTOS/Source/queue.o
 .text.prvIsQueueFull
                0x00000000080086e6       0x30 Middlewares/Third_Party/FreeRTOS/Source/queue.o
 .text.xTaskCreateStatic
                0x0000000008008716       0xb8 Middlewares/Third_Party/FreeRTOS/Source/tasks.o
                0x0000000008008716                xTaskCreateStatic
 .text.xTaskCreate
                0x00000000080087ce       0x8a Middlewares/Third_Party/FreeRTOS/Source/tasks.o
                0x00000000080087ce                xTaskCreate
 .text.prvInitialiseNewTask
                0x0000000008008858       0xfe Middlewares/Third_Party/FreeRTOS/Source/tasks.o
 *fill*         0x0000000008008956        0x2 
 .text.prvAddNewTaskToReadyList
                0x0000000008008958       0xd4 Middlewares/Third_Party/FreeRTOS/Source/tasks.o
 .text.vTaskDelay
                0x0000000008008a2c       0x68 Middlewares/Third_Party/FreeRTOS/Source/tasks.o
                0x0000000008008a2c                vTaskDelay
 .text.vTaskStartScheduler
                0x0000000008008a94       0xc0 Middlewares/Third_Party/FreeRTOS/Source/tasks.o
                0x0000000008008a94                vTaskStartScheduler
 .text.vTaskSuspendAll
                0x0000000008008b54       0x1c Middlewares/Third_Party/FreeRTOS/Source/tasks.o
                0x0000000008008b54                vTaskSuspendAll
 .text.xTaskResumeAll
                0x0000000008008b70      0x138 Middlewares/Third_Party/FreeRTOS/Source/tasks.o
                0x0000000008008b70                xTaskResumeAll
 .text.xTaskIncrementTick
                0x0000000008008ca8      0x17c Middlewares/Third_Party/FreeRTOS/Source/tasks.o
                0x0000000008008ca8                xTaskIncrementTick
 .text.vTaskSwitchContext
                0x0000000008008e24       0xb4 Middlewares/Third_Party/FreeRTOS/Source/tasks.o
                0x0000000008008e24                vTaskSwitchContext
 .text.vTaskPlaceOnEventList
                0x0000000008008ed8       0x48 Middlewares/Third_Party/FreeRTOS/Source/tasks.o
                0x0000000008008ed8                vTaskPlaceOnEventList
 .text.xTaskRemoveFromEventList
                0x0000000008008f20       0xc4 Middlewares/Third_Party/FreeRTOS/Source/tasks.o
                0x0000000008008f20                xTaskRemoveFromEventList
 .text.vTaskInternalSetTimeOutState
                0x0000000008008fe4       0x2c Middlewares/Third_Party/FreeRTOS/Source/tasks.o
                0x0000000008008fe4                vTaskInternalSetTimeOutState
 .text.xTaskCheckForTimeOut
                0x0000000008009010       0xc4 Middlewares/Third_Party/FreeRTOS/Source/tasks.o
                0x0000000008009010                xTaskCheckForTimeOut
 .text.vTaskMissedYield
                0x00000000080090d4       0x18 Middlewares/Third_Party/FreeRTOS/Source/tasks.o
                0x00000000080090d4                vTaskMissedYield
 .text.prvIdleTask
                0x00000000080090ec       0x30 Middlewares/Third_Party/FreeRTOS/Source/tasks.o
 .text.prvInitialiseTaskLists
                0x000000000800911c       0x80 Middlewares/Third_Party/FreeRTOS/Source/tasks.o
 .text.prvCheckTasksWaitingTermination
                0x000000000800919c       0x5c Middlewares/Third_Party/FreeRTOS/Source/tasks.o
 .text.prvDeleteTCB
                0x00000000080091f8       0x5e Middlewares/Third_Party/FreeRTOS/Source/tasks.o
 *fill*         0x0000000008009256        0x2 
 .text.prvResetNextTaskUnblockTime
                0x0000000008009258       0x48 Middlewares/Third_Party/FreeRTOS/Source/tasks.o
 .text.xTaskGetSchedulerState
                0x00000000080092a0       0x3c Middlewares/Third_Party/FreeRTOS/Source/tasks.o
                0x00000000080092a0                xTaskGetSchedulerState
 .text.xTaskPriorityInherit
                0x00000000080092dc      0x10c Middlewares/Third_Party/FreeRTOS/Source/tasks.o
                0x00000000080092dc                xTaskPriorityInherit
 .text.xTaskPriorityDisinherit
                0x00000000080093e8      0x10c Middlewares/Third_Party/FreeRTOS/Source/tasks.o
                0x00000000080093e8                xTaskPriorityDisinherit
 .text.vTaskPriorityDisinheritAfterTimeout
                0x00000000080094f4      0x140 Middlewares/Third_Party/FreeRTOS/Source/tasks.o
                0x00000000080094f4                vTaskPriorityDisinheritAfterTimeout
 .text.pvTaskIncrementMutexHeldCount
                0x0000000008009634       0x28 Middlewares/Third_Party/FreeRTOS/Source/tasks.o
                0x0000000008009634                pvTaskIncrementMutexHeldCount
 .text.prvAddCurrentTaskToDelayedList
                0x000000000800965c       0xcc Middlewares/Third_Party/FreeRTOS/Source/tasks.o
 .text.pxPortInitialiseStack
                0x0000000008009728       0x58 Middlewares/Third_Party/FreeRTOS/Source/portable/GCC/ARM_CM3/port.o
                0x0000000008009728                pxPortInitialiseStack
 .text.prvTaskExitError
                0x0000000008009780       0x58 Middlewares/Third_Party/FreeRTOS/Source/portable/GCC/ARM_CM3/port.o
 *fill*         0x00000000080097d8        0x8 
 .text.SVC_Handler
                0x00000000080097e0       0x28 Middlewares/Third_Party/FreeRTOS/Source/portable/GCC/ARM_CM3/port.o
                0x00000000080097e0                SVC_Handler
 .text.prvPortStartFirstTask
                0x0000000008009808       0x20 Middlewares/Third_Party/FreeRTOS/Source/portable/GCC/ARM_CM3/port.o
 .text.xPortStartScheduler
                0x0000000008009828       0xe4 Middlewares/Third_Party/FreeRTOS/Source/portable/GCC/ARM_CM3/port.o
                0x0000000008009828                xPortStartScheduler
 .text.vPortEnterCritical
                0x000000000800990c       0x60 Middlewares/Third_Party/FreeRTOS/Source/portable/GCC/ARM_CM3/port.o
                0x000000000800990c                vPortEnterCritical
 .text.vPortExitCritical
                0x000000000800996c       0x50 Middlewares/Third_Party/FreeRTOS/Source/portable/GCC/ARM_CM3/port.o
                0x000000000800996c                vPortExitCritical
 *fill*         0x00000000080099bc        0x4 
 .text.PendSV_Handler
                0x00000000080099c0       0x48 Middlewares/Third_Party/FreeRTOS/Source/portable/GCC/ARM_CM3/port.o
                0x00000000080099c0                PendSV_Handler
 .text.SysTick_Handler
                0x0000000008009a08       0x44 Middlewares/Third_Party/FreeRTOS/Source/portable/GCC/ARM_CM3/port.o
                0x0000000008009a08                SysTick_Handler
 .text.vPortSetupTimerInterrupt
                0x0000000008009a4c       0x44 Middlewares/Third_Party/FreeRTOS/Source/portable/GCC/ARM_CM3/port.o
                0x0000000008009a4c                vPortSetupTimerInterrupt
 .text.pvPortMalloc
                0x0000000008009a90      0x188 Middlewares/Third_Party/FreeRTOS/Source/portable/MemMang/heap_4.o
                0x0000000008009a90                pvPortMalloc
 .text.vPortFree
                0x0000000008009c18       0xb4 Middlewares/Third_Party/FreeRTOS/Source/portable/MemMang/heap_4.o
                0x0000000008009c18                vPortFree
 .text.prvHeapInit
                0x0000000008009ccc       0xc4 Middlewares/Third_Party/FreeRTOS/Source/portable/MemMang/heap_4.o
 .text.prvInsertBlockIntoFreeList
                0x0000000008009d90       0xb0 Middlewares/Third_Party/FreeRTOS/Source/portable/MemMang/heap_4.o
 .text.Servo_Init
                0x0000000008009e40       0x2c Modules/drivers/Src/SG90_controller.o
                0x0000000008009e40                Servo_Init
 .text.Servo_Goto
                0x0000000008009e6c       0x68 Modules/drivers/Src/SG90_controller.o
                0x0000000008009e6c                Servo_Goto
 .text.Servo_Start
                0x0000000008009ed4       0x2a Modules/drivers/Src/SG90_controller.o
                0x0000000008009ed4                Servo_Start
 *fill*         0x0000000008009efe        0x2 
 .text.Com_Init
                0x0000000008009f00       0x30 Modules/utility/Src/Com_api.o
                0x0000000008009f00                Com_Init
 .text.Com_Transmit
                0x0000000008009f30       0x50 Modules/utility/Src/Com_api.o
                0x0000000008009f30                Com_Transmit
 .text.Com_Queue_msg
                0x0000000008009f80       0x28 Modules/utility/Src/Com_api.o
                0x0000000008009f80                Com_Queue_msg
 .text.Com_Receive
                0x0000000008009fa8       0x78 Modules/utility/Src/Com_api.o
                0x0000000008009fa8                Com_Receive
 .text.Com_Assign
                0x000000000800a020       0x4c Modules/utility/Src/Com_api.o
                0x000000000800a020                Com_Assign
 .text.G_Code_Init
                0x000000000800a06c       0x1c Modules/utility/Src/G_code.o
                0x000000000800a06c                G_Code_Init
 .text.Buf_Init
                0x000000000800a088       0x5e Modules/utility/Src/Queue_job_manager.o
                0x000000000800a088                Buf_Init
 *fill*         0x000000000800a0e6        0x2 
 .text.Buf_Queue
                0x000000000800a0e8       0xb8 Modules/utility/Src/Queue_job_manager.o
                0x000000000800a0e8                Buf_Queue
 .text.Buf_Dequeue
                0x000000000800a1a0       0xc8 Modules/utility/Src/Queue_job_manager.o
                0x000000000800a1a0                Buf_Dequeue
 .text.Buf_IsFull
                0x000000000800a268       0x44 Modules/utility/Src/Queue_job_manager.o
                0x000000000800a268                Buf_IsFull
 .text.Buf_IsEmpty
                0x000000000800a2ac       0x24 Modules/utility/Src/Queue_job_manager.o
                0x000000000800a2ac                Buf_IsEmpty
 .text.MX_USB_DEVICE_Init
                0x000000000800a2d0       0x60 USB_DEVICE/App/usb_device.o
                0x000000000800a2d0                MX_USB_DEVICE_Init
 .text.CDC_Init_FS
                0x000000000800a330       0x28 USB_DEVICE/App/usbd_cdc_if.o
 .text.CDC_DeInit_FS
                0x000000000800a358        0xe USB_DEVICE/App/usbd_cdc_if.o
 *fill*         0x000000000800a366        0x2 
 .text.CDC_Control_FS
                0x000000000800a368       0xbc USB_DEVICE/App/usbd_cdc_if.o
 .text.CDC_Receive_FS
                0x000000000800a424       0x60 USB_DEVICE/App/usbd_cdc_if.o
 .text.CDC_Transmit_FS
                0x000000000800a484       0x4c USB_DEVICE/App/usbd_cdc_if.o
                0x000000000800a484                CDC_Transmit_FS
 .text.USBD_FS_DeviceDescriptor
                0x000000000800a4d0       0x24 USB_DEVICE/App/usbd_desc.o
                0x000000000800a4d0                USBD_FS_DeviceDescriptor
 .text.USBD_FS_LangIDStrDescriptor
                0x000000000800a4f4       0x24 USB_DEVICE/App/usbd_desc.o
                0x000000000800a4f4                USBD_FS_LangIDStrDescriptor
 .text.USBD_FS_ProductStrDescriptor
                0x000000000800a518       0x3c USB_DEVICE/App/usbd_desc.o
                0x000000000800a518                USBD_FS_ProductStrDescriptor
 .text.USBD_FS_ManufacturerStrDescriptor
                0x000000000800a554       0x28 USB_DEVICE/App/usbd_desc.o
                0x000000000800a554                USBD_FS_ManufacturerStrDescriptor
 .text.USBD_FS_SerialStrDescriptor
                0x000000000800a57c       0x24 USB_DEVICE/App/usbd_desc.o
                0x000000000800a57c                USBD_FS_SerialStrDescriptor
 .text.USBD_FS_ConfigStrDescriptor
                0x000000000800a5a0       0x3c USB_DEVICE/App/usbd_desc.o
                0x000000000800a5a0                USBD_FS_ConfigStrDescriptor
 .text.USBD_FS_InterfaceStrDescriptor
                0x000000000800a5dc       0x3c USB_DEVICE/App/usbd_desc.o
                0x000000000800a5dc                USBD_FS_InterfaceStrDescriptor
 .text.Get_SerialNum
                0x000000000800a618       0x58 USB_DEVICE/App/usbd_desc.o
 .text.IntToUnicode
                0x000000000800a670       0x7c USB_DEVICE/App/usbd_desc.o
 .text.HAL_PCD_MspInit
                0x000000000800a6ec       0x4c USB_DEVICE/Target/usbd_conf.o
                0x000000000800a6ec                HAL_PCD_MspInit
 .text.HAL_PCD_SetupStageCallback
                0x000000000800a738       0x24 USB_DEVICE/Target/usbd_conf.o
                0x000000000800a738                HAL_PCD_SetupStageCallback
 .text.HAL_PCD_DataOutStageCallback
                0x000000000800a75c       0x36 USB_DEVICE/Target/usbd_conf.o
                0x000000000800a75c                HAL_PCD_DataOutStageCallback
 .text.HAL_PCD_DataInStageCallback
                0x000000000800a792       0x34 USB_DEVICE/Target/usbd_conf.o
                0x000000000800a792                HAL_PCD_DataInStageCallback
 .text.HAL_PCD_SOFCallback
                0x000000000800a7c6       0x1c USB_DEVICE/Target/usbd_conf.o
                0x000000000800a7c6                HAL_PCD_SOFCallback
 .text.HAL_PCD_ResetCallback
                0x000000000800a7e2       0x3c USB_DEVICE/Target/usbd_conf.o
                0x000000000800a7e2                HAL_PCD_ResetCallback
 *fill*         0x000000000800a81e        0x2 
 .text.HAL_PCD_SuspendCallback
                0x000000000800a820       0x34 USB_DEVICE/Target/usbd_conf.o
                0x000000000800a820                HAL_PCD_SuspendCallback
 .text.HAL_PCD_ResumeCallback
                0x000000000800a854       0x1c USB_DEVICE/Target/usbd_conf.o
                0x000000000800a854                HAL_PCD_ResumeCallback
 .text.USBD_LL_Init
                0x000000000800a870       0xb4 USB_DEVICE/Target/usbd_conf.o
                0x000000000800a870                USBD_LL_Init
 .text.USBD_LL_Start
                0x000000000800a924       0x36 USB_DEVICE/Target/usbd_conf.o
                0x000000000800a924                USBD_LL_Start
 .text.USBD_LL_OpenEP
                0x000000000800a95a       0x4c USB_DEVICE/Target/usbd_conf.o
                0x000000000800a95a                USBD_LL_OpenEP
 .text.USBD_LL_CloseEP
                0x000000000800a9a6       0x3e USB_DEVICE/Target/usbd_conf.o
                0x000000000800a9a6                USBD_LL_CloseEP
 .text.USBD_LL_StallEP
                0x000000000800a9e4       0x3e USB_DEVICE/Target/usbd_conf.o
                0x000000000800a9e4                USBD_LL_StallEP
 .text.USBD_LL_ClearStallEP
                0x000000000800aa22       0x3e USB_DEVICE/Target/usbd_conf.o
                0x000000000800aa22                USBD_LL_ClearStallEP
 .text.USBD_LL_IsStallEP
                0x000000000800aa60       0x58 USB_DEVICE/Target/usbd_conf.o
                0x000000000800aa60                USBD_LL_IsStallEP
 .text.USBD_LL_SetUSBAddress
                0x000000000800aab8       0x3e USB_DEVICE/Target/usbd_conf.o
                0x000000000800aab8                USBD_LL_SetUSBAddress
 .text.USBD_LL_Transmit
                0x000000000800aaf6       0x46 USB_DEVICE/Target/usbd_conf.o
                0x000000000800aaf6                USBD_LL_Transmit
 .text.USBD_LL_PrepareReceive
                0x000000000800ab3c       0x46 USB_DEVICE/Target/usbd_conf.o
                0x000000000800ab3c                USBD_LL_PrepareReceive
 .text.USBD_LL_GetRxDataSize
                0x000000000800ab82       0x26 USB_DEVICE/Target/usbd_conf.o
                0x000000000800ab82                USBD_LL_GetRxDataSize
 .text.USBD_static_malloc
                0x000000000800aba8       0x18 USB_DEVICE/Target/usbd_conf.o
                0x000000000800aba8                USBD_static_malloc
 .text.USBD_static_free
                0x000000000800abc0       0x12 USB_DEVICE/Target/usbd_conf.o
                0x000000000800abc0                USBD_static_free
 .text.HAL_PCDEx_SetConnectionState
                0x000000000800abd2       0x16 USB_DEVICE/Target/usbd_conf.o
                0x000000000800abd2                HAL_PCDEx_SetConnectionState
 .text.USBD_Get_USB_Status
                0x000000000800abe8       0x58 USB_DEVICE/Target/usbd_conf.o
 .text.__errno  0x000000000800ac40        0xc c:/st/stm32cubeide_1.0.2/stm32cubeide/plugins/com.st.stm32cube.ide.mcu.externaltools.gnu-tools-for-stm32.9-2020-q2-update.win32_1.5.0.202011040924/tools/bin/../lib/gcc/arm-none-eabi/9.3.1/../../../../arm-none-eabi/lib/thumb/v7-m/nofp\libc_nano.a(lib_a-errno.o)
                0x000000000800ac40                __errno
 .text.__libc_init_array
                0x000000000800ac4c       0x48 c:/st/stm32cubeide_1.0.2/stm32cubeide/plugins/com.st.stm32cube.ide.mcu.externaltools.gnu-tools-for-stm32.9-2020-q2-update.win32_1.5.0.202011040924/tools/bin/../lib/gcc/arm-none-eabi/9.3.1/../../../../arm-none-eabi/lib/thumb/v7-m/nofp\libc_nano.a(lib_a-init.o)
                0x000000000800ac4c                __libc_init_array
 .text.memcpy   0x000000000800ac94       0x1c c:/st/stm32cubeide_1.0.2/stm32cubeide/plugins/com.st.stm32cube.ide.mcu.externaltools.gnu-tools-for-stm32.9-2020-q2-update.win32_1.5.0.202011040924/tools/bin/../lib/gcc/arm-none-eabi/9.3.1/../../../../arm-none-eabi/lib/thumb/v7-m/nofp\libc_nano.a(lib_a-memcpy-stub.o)
                0x000000000800ac94                memcpy
 .text.memset   0x000000000800acb0       0x10 c:/st/stm32cubeide_1.0.2/stm32cubeide/plugins/com.st.stm32cube.ide.mcu.externaltools.gnu-tools-for-stm32.9-2020-q2-update.win32_1.5.0.202011040924/tools/bin/../lib/gcc/arm-none-eabi/9.3.1/../../../../arm-none-eabi/lib/thumb/v7-m/nofp\libc_nano.a(lib_a-memset.o)
                0x000000000800acb0                memset
 .text.snprintf
                0x000000000800acc0       0x68 c:/st/stm32cubeide_1.0.2/stm32cubeide/plugins/com.st.stm32cube.ide.mcu.externaltools.gnu-tools-for-stm32.9-2020-q2-update.win32_1.5.0.202011040924/tools/bin/../lib/gcc/arm-none-eabi/9.3.1/../../../../arm-none-eabi/lib/thumb/v7-m/nofp\libc_nano.a(lib_a-snprintf.o)
                0x000000000800acc0                sniprintf
                0x000000000800acc0                snprintf
 .text.__ssputs_r
                0x000000000800ad28       0xb6 c:/st/stm32cubeide_1.0.2/stm32cubeide/plugins/com.st.stm32cube.ide.mcu.externaltools.gnu-tools-for-stm32.9-2020-q2-update.win32_1.5.0.202011040924/tools/bin/../lib/gcc/arm-none-eabi/9.3.1/../../../../arm-none-eabi/lib/thumb/v7-m/nofp\libc_nano.a(lib_a-nano-svfprintf.o)
                0x000000000800ad28                __ssputs_r
 *fill*         0x000000000800adde        0x2 
 .text._svfprintf_r
                0x000000000800ade0      0x200 c:/st/stm32cubeide_1.0.2/stm32cubeide/plugins/com.st.stm32cube.ide.mcu.externaltools.gnu-tools-for-stm32.9-2020-q2-update.win32_1.5.0.202011040924/tools/bin/../lib/gcc/arm-none-eabi/9.3.1/../../../../arm-none-eabi/lib/thumb/v7-m/nofp\libc_nano.a(lib_a-nano-svfprintf.o)
                0x000000000800ade0                _svfiprintf_r
                0x000000000800ade0                _svfprintf_r
 .text._printf_common
                0x000000000800afe0       0xde c:/st/stm32cubeide_1.0.2/stm32cubeide/plugins/com.st.stm32cube.ide.mcu.externaltools.gnu-tools-for-stm32.9-2020-q2-update.win32_1.5.0.202011040924/tools/bin/../lib/gcc/arm-none-eabi/9.3.1/../../../../arm-none-eabi/lib/thumb/v7-m/nofp\libc_nano.a(lib_a-nano-vfprintf_i.o)
                0x000000000800afe0                _printf_common
 *fill*         0x000000000800b0be        0x2 
 .text._printf_i
                0x000000000800b0c0      0x24c c:/st/stm32cubeide_1.0.2/stm32cubeide/plugins/com.st.stm32cube.ide.mcu.externaltools.gnu-tools-for-stm32.9-2020-q2-update.win32_1.5.0.202011040924/tools/bin/../lib/gcc/arm-none-eabi/9.3.1/../../../../arm-none-eabi/lib/thumb/v7-m/nofp\libc_nano.a(lib_a-nano-vfprintf_i.o)
                0x000000000800b0c0                _printf_i
 .text.memchr   0x000000000800b30c       0x1c c:/st/stm32cubeide_1.0.2/stm32cubeide/plugins/com.st.stm32cube.ide.mcu.externaltools.gnu-tools-for-stm32.9-2020-q2-update.win32_1.5.0.202011040924/tools/bin/../lib/gcc/arm-none-eabi/9.3.1/../../../../arm-none-eabi/lib/thumb/v7-m/nofp\libc_nano.a(lib_a-memchr-stub.o)
                0x000000000800b30c                memchr
 .text.memmove  0x000000000800b328       0x34 c:/st/stm32cubeide_1.0.2/stm32cubeide/plugins/com.st.stm32cube.ide.mcu.externaltools.gnu-tools-for-stm32.9-2020-q2-update.win32_1.5.0.202011040924/tools/bin/../lib/gcc/arm-none-eabi/9.3.1/../../../../arm-none-eabi/lib/thumb/v7-m/nofp\libc_nano.a(lib_a-memmove.o)
                0x000000000800b328                memmove
 .text._free_r  0x000000000800b35c       0x98 c:/st/stm32cubeide_1.0.2/stm32cubeide/plugins/com.st.stm32cube.ide.mcu.externaltools.gnu-tools-for-stm32.9-2020-q2-update.win32_1.5.0.202011040924/tools/bin/../lib/gcc/arm-none-eabi/9.3.1/../../../../arm-none-eabi/lib/thumb/v7-m/nofp\libc_nano.a(lib_a-nano-freer.o)
                0x000000000800b35c                _free_r
 .text._malloc_r
                0x000000000800b3f4       0xb4 c:/st/stm32cubeide_1.0.2/stm32cubeide/plugins/com.st.stm32cube.ide.mcu.externaltools.gnu-tools-for-stm32.9-2020-q2-update.win32_1.5.0.202011040924/tools/bin/../lib/gcc/arm-none-eabi/9.3.1/../../../../arm-none-eabi/lib/thumb/v7-m/nofp\libc_nano.a(lib_a-nano-mallocr.o)
                0x000000000800b3f4                _malloc_r
 .text._realloc_r
                0x000000000800b4a8       0x4c c:/st/stm32cubeide_1.0.2/stm32cubeide/plugins/com.st.stm32cube.ide.mcu.externaltools.gnu-tools-for-stm32.9-2020-q2-update.win32_1.5.0.202011040924/tools/bin/../lib/gcc/arm-none-eabi/9.3.1/../../../../arm-none-eabi/lib/thumb/v7-m/nofp\libc_nano.a(lib_a-nano-reallocr.o)
                0x000000000800b4a8                _realloc_r
 .text._sbrk_r  0x000000000800b4f4       0x20 c:/st/stm32cubeide_1.0.2/stm32cubeide/plugins/com.st.stm32cube.ide.mcu.externaltools.gnu-tools-for-stm32.9-2020-q2-update.win32_1.5.0.202011040924/tools/bin/../lib/gcc/arm-none-eabi/9.3.1/../../../../arm-none-eabi/lib/thumb/v7-m/nofp\libc_nano.a(lib_a-sbrkr.o)
                0x000000000800b4f4                _sbrk_r
 .text.__malloc_lock
                0x000000000800b514        0xc c:/st/stm32cubeide_1.0.2/stm32cubeide/plugins/com.st.stm32cube.ide.mcu.externaltools.gnu-tools-for-stm32.9-2020-q2-update.win32_1.5.0.202011040924/tools/bin/../lib/gcc/arm-none-eabi/9.3.1/../../../../arm-none-eabi/lib/thumb/v7-m/nofp\libc_nano.a(lib_a-mlock.o)
                0x000000000800b514                __malloc_lock
 .text.__malloc_unlock
                0x000000000800b520        0xc c:/st/stm32cubeide_1.0.2/stm32cubeide/plugins/com.st.stm32cube.ide.mcu.externaltools.gnu-tools-for-stm32.9-2020-q2-update.win32_1.5.0.202011040924/tools/bin/../lib/gcc/arm-none-eabi/9.3.1/../../../../arm-none-eabi/lib/thumb/v7-m/nofp\libc_nano.a(lib_a-mlock.o)
                0x000000000800b520                __malloc_unlock
 .text._malloc_usable_size_r
                0x000000000800b52c       0x10 c:/st/stm32cubeide_1.0.2/stm32cubeide/plugins/com.st.stm32cube.ide.mcu.externaltools.gnu-tools-for-stm32.9-2020-q2-update.win32_1.5.0.202011040924/tools/bin/../lib/gcc/arm-none-eabi/9.3.1/../../../../arm-none-eabi/lib/thumb/v7-m/nofp\libc_nano.a(lib_a-nano-msizer.o)
                0x000000000800b52c                _malloc_usable_size_r
 .text.__retarget_lock_acquire_recursive
                0x000000000800b53c        0x2 c:/st/stm32cubeide_1.0.2/stm32cubeide/plugins/com.st.stm32cube.ide.mcu.externaltools.gnu-tools-for-stm32.9-2020-q2-update.win32_1.5.0.202011040924/tools/bin/../lib/gcc/arm-none-eabi/9.3.1/../../../../arm-none-eabi/lib/thumb/v7-m/nofp\libc_nano.a(lib_a-lock.o)
                0x000000000800b53c                __retarget_lock_acquire_recursive
 .text.__retarget_lock_release_recursive
                0x000000000800b53e        0x2 c:/st/stm32cubeide_1.0.2/stm32cubeide/plugins/com.st.stm32cube.ide.mcu.externaltools.gnu-tools-for-stm32.9-2020-q2-update.win32_1.5.0.202011040924/tools/bin/../lib/gcc/arm-none-eabi/9.3.1/../../../../arm-none-eabi/lib/thumb/v7-m/nofp\libc_nano.a(lib_a-lock.o)
                0x000000000800b53e                __retarget_lock_release_recursive
 *(.glue_7)
 .glue_7        0x000000000800b540        0x0 linker stubs
 *(.glue_7t)
 .glue_7t       0x000000000800b540        0x0 linker stubs
 *(.eh_frame)
 .eh_frame      0x000000000800b540        0x0 c:/st/stm32cubeide_1.0.2/stm32cubeide/plugins/com.st.stm32cube.ide.mcu.externaltools.gnu-tools-for-stm32.9-2020-q2-update.win32_1.5.0.202011040924/tools/bin/../lib/gcc/arm-none-eabi/9.3.1/thumb/v7-m/nofp/crtbegin.o
 *(.init)
 .init          0x000000000800b540        0x4 c:/st/stm32cubeide_1.0.2/stm32cubeide/plugins/com.st.stm32cube.ide.mcu.externaltools.gnu-tools-for-stm32.9-2020-q2-update.win32_1.5.0.202011040924/tools/bin/../lib/gcc/arm-none-eabi/9.3.1/thumb/v7-m/nofp/crti.o
                0x000000000800b540                _init
 .init          0x000000000800b544        0x8 c:/st/stm32cubeide_1.0.2/stm32cubeide/plugins/com.st.stm32cube.ide.mcu.externaltools.gnu-tools-for-stm32.9-2020-q2-update.win32_1.5.0.202011040924/tools/bin/../lib/gcc/arm-none-eabi/9.3.1/thumb/v7-m/nofp/crtn.o
 *(.fini)
 .fini          0x000000000800b54c        0x4 c:/st/stm32cubeide_1.0.2/stm32cubeide/plugins/com.st.stm32cube.ide.mcu.externaltools.gnu-tools-for-stm32.9-2020-q2-update.win32_1.5.0.202011040924/tools/bin/../lib/gcc/arm-none-eabi/9.3.1/thumb/v7-m/nofp/crti.o
                0x000000000800b54c                _fini
 .fini          0x000000000800b550        0x8 c:/st/stm32cubeide_1.0.2/stm32cubeide/plugins/com.st.stm32cube.ide.mcu.externaltools.gnu-tools-for-stm32.9-2020-q2-update.win32_1.5.0.202011040924/tools/bin/../lib/gcc/arm-none-eabi/9.3.1/thumb/v7-m/nofp/crtn.o
                0x000000000800b558                . = ALIGN (0x4)
                0x000000000800b558                _etext = .

.vfp11_veneer   0x000000000800b558        0x0
 .vfp11_veneer  0x000000000800b558        0x0 linker stubs

.v4_bx          0x000000000800b558        0x0
 .v4_bx         0x000000000800b558        0x0 linker stubs

.iplt           0x000000000800b558        0x0
 .iplt          0x000000000800b558        0x0 c:/st/stm32cubeide_1.0.2/stm32cubeide/plugins/com.st.stm32cube.ide.mcu.externaltools.gnu-tools-for-stm32.9-2020-q2-update.win32_1.5.0.202011040924/tools/bin/../lib/gcc/arm-none-eabi/9.3.1/thumb/v7-m/nofp/crtbegin.o

.rodata         0x000000000800b558      0x114
                0x000000000800b558                . = ALIGN (0x4)
 *(.rodata)
 .rodata        0x000000000800b558       0x59 Core/Src/main.o
 *fill*         0x000000000800b5b1        0x3 
 .rodata        0x000000000800b5b4        0x5 Middlewares/Third_Party/FreeRTOS/Source/tasks.o
 *fill*         0x000000000800b5b9        0x3 
 .rodata        0x000000000800b5bc        0x5 Modules/utility/Src/Com_api.o
 *fill*         0x000000000800b5c1        0x3 
 .rodata        0x000000000800b5c4       0x46 USB_DEVICE/App/usbd_desc.o
 *(.rodata*)
 *fill*         0x000000000800b60a        0x2 
 .rodata.AHBPrescTable
                0x000000000800b60c       0x10 Core/Src/system_stm32f1xx.o
                0x000000000800b60c                AHBPrescTable
 .rodata.APBPrescTable
                0x000000000800b61c        0x8 Core/Src/system_stm32f1xx.o
                0x000000000800b61c                APBPrescTable
 .rodata.aPLLMULFactorTable.6346
                0x000000000800b624       0x10 Drivers/STM32F1xx_HAL_Driver/Src/stm32f1xx_hal_rcc.o
 .rodata.aPredivFactorTable.6347
                0x000000000800b634        0x2 Drivers/STM32F1xx_HAL_Driver/Src/stm32f1xx_hal_rcc.o
 .rodata._svfprintf_r.str1.1
                0x000000000800b636       0x11 c:/st/stm32cubeide_1.0.2/stm32cubeide/plugins/com.st.stm32cube.ide.mcu.externaltools.gnu-tools-for-stm32.9-2020-q2-update.win32_1.5.0.202011040924/tools/bin/../lib/gcc/arm-none-eabi/9.3.1/../../../../arm-none-eabi/lib/thumb/v7-m/nofp\libc_nano.a(lib_a-nano-svfprintf.o)
 .rodata._printf_i.str1.1
                0x000000000800b647       0x22 c:/st/stm32cubeide_1.0.2/stm32cubeide/plugins/com.st.stm32cube.ide.mcu.externaltools.gnu-tools-for-stm32.9-2020-q2-update.win32_1.5.0.202011040924/tools/bin/../lib/gcc/arm-none-eabi/9.3.1/../../../../arm-none-eabi/lib/thumb/v7-m/nofp\libc_nano.a(lib_a-nano-vfprintf_i.o)
                0x000000000800b66c                . = ALIGN (0x4)
 *fill*         0x000000000800b669        0x3 

.rel.dyn        0x000000000800b66c        0x0
 .rel.iplt      0x000000000800b66c        0x0 c:/st/stm32cubeide_1.0.2/stm32cubeide/plugins/com.st.stm32cube.ide.mcu.externaltools.gnu-tools-for-stm32.9-2020-q2-update.win32_1.5.0.202011040924/tools/bin/../lib/gcc/arm-none-eabi/9.3.1/thumb/v7-m/nofp/crtbegin.o

.ARM.extab      0x000000000800b66c        0x0
                0x000000000800b66c                . = ALIGN (0x4)
 *(.ARM.extab* .gnu.linkonce.armextab.*)
                0x000000000800b66c                . = ALIGN (0x4)

.ARM            0x000000000800b66c        0x0
                0x000000000800b66c                . = ALIGN (0x4)
                0x000000000800b66c                __exidx_start = .
 *(.ARM.exidx*)
                0x000000000800b66c                __exidx_end = .
                0x000000000800b66c                . = ALIGN (0x4)

.preinit_array  0x000000000800b66c        0x0
                0x000000000800b66c                . = ALIGN (0x4)
                0x000000000800b66c                PROVIDE (__preinit_array_start = .)
 *(.preinit_array*)
                0x000000000800b66c                PROVIDE (__preinit_array_end = .)
                0x000000000800b66c                . = ALIGN (0x4)

.init_array     0x000000000800b66c        0x4
                0x000000000800b66c                . = ALIGN (0x4)
                0x000000000800b66c                PROVIDE (__init_array_start = .)
 *(SORT_BY_NAME(.init_array.*))
 *(.init_array*)
 .init_array    0x000000000800b66c        0x4 c:/st/stm32cubeide_1.0.2/stm32cubeide/plugins/com.st.stm32cube.ide.mcu.externaltools.gnu-tools-for-stm32.9-2020-q2-update.win32_1.5.0.202011040924/tools/bin/../lib/gcc/arm-none-eabi/9.3.1/thumb/v7-m/nofp/crtbegin.o
                0x000000000800b670                PROVIDE (__init_array_end = .)
                0x000000000800b670                . = ALIGN (0x4)

.fini_array     0x000000000800b670        0x4
                0x000000000800b670                . = ALIGN (0x4)
                [!provide]                        PROVIDE (__fini_array_start = .)
 *(SORT_BY_NAME(.fini_array.*))
 *(.fini_array*)
 .fini_array    0x000000000800b670        0x4 c:/st/stm32cubeide_1.0.2/stm32cubeide/plugins/com.st.stm32cube.ide.mcu.externaltools.gnu-tools-for-stm32.9-2020-q2-update.win32_1.5.0.202011040924/tools/bin/../lib/gcc/arm-none-eabi/9.3.1/thumb/v7-m/nofp/crtbegin.o
                [!provide]                        PROVIDE (__fini_array_end = .)
                0x000000000800b674                . = ALIGN (0x4)
                0x000000000800b674                _sidata = LOADADDR (.data)

.data           0x0000000020000000      0x1e4 load address 0x000000000800b674
                0x0000000020000000                . = ALIGN (0x4)
                0x0000000020000000                _sdata = .
 *(.data)
 *(.data*)
 .data.SystemCoreClock
                0x0000000020000000        0x4 Core/Src/system_stm32f1xx.o
                0x0000000020000000                SystemCoreClock
 .data.uwTickPrio
                0x0000000020000004        0x4 Drivers/STM32F1xx_HAL_Driver/Src/stm32f1xx_hal.o
                0x0000000020000004                uwTickPrio
 .data.uwTickFreq
                0x0000000020000008        0x1 Drivers/STM32F1xx_HAL_Driver/Src/stm32f1xx_hal.o
                0x0000000020000008                uwTickFreq
 *fill*         0x0000000020000009        0x3 
 .data.USBD_CDC_DeviceQualifierDesc
                0x000000002000000c        0xa Middlewares/ST/STM32_USB_Device_Library/Class/CDC/Src/usbd_cdc.o
 *fill*         0x0000000020000016        0x2 
 .data.USBD_CDC
                0x0000000020000018       0x38 Middlewares/ST/STM32_USB_Device_Library/Class/CDC/Src/usbd_cdc.o
                0x0000000020000018                USBD_CDC
 .data.USBD_CDC_CfgHSDesc
                0x0000000020000050       0x43 Middlewares/ST/STM32_USB_Device_Library/Class/CDC/Src/usbd_cdc.o
                0x0000000020000050                USBD_CDC_CfgHSDesc
 *fill*         0x0000000020000093        0x1 
 .data.USBD_CDC_CfgFSDesc
                0x0000000020000094       0x43 Middlewares/ST/STM32_USB_Device_Library/Class/CDC/Src/usbd_cdc.o
                0x0000000020000094                USBD_CDC_CfgFSDesc
 *fill*         0x00000000200000d7        0x1 
 .data.USBD_CDC_OtherSpeedCfgDesc
                0x00000000200000d8       0x43 Middlewares/ST/STM32_USB_Device_Library/Class/CDC/Src/usbd_cdc.o
                0x00000000200000d8                USBD_CDC_OtherSpeedCfgDesc
 *fill*         0x000000002000011b        0x1 
 .data.uxCriticalNesting
                0x000000002000011c        0x4 Middlewares/Third_Party/FreeRTOS/Source/portable/GCC/ARM_CM3/port.o
 .data.USBD_Interface_fops_FS
                0x0000000020000120       0x10 USB_DEVICE/App/usbd_cdc_if.o
                0x0000000020000120                USBD_Interface_fops_FS
 .data.FS_Desc  0x0000000020000130       0x1c USB_DEVICE/App/usbd_desc.o
                0x0000000020000130                FS_Desc
 .data.USBD_FS_DeviceDesc
                0x000000002000014c       0x12 USB_DEVICE/App/usbd_desc.o
                0x000000002000014c                USBD_FS_DeviceDesc
 *fill*         0x000000002000015e        0x2 
 .data.USBD_LangIDDesc
                0x0000000020000160        0x4 USB_DEVICE/App/usbd_desc.o
                0x0000000020000160                USBD_LangIDDesc
 .data.USBD_StringSerial
                0x0000000020000164       0x1a USB_DEVICE/App/usbd_desc.o
                0x0000000020000164                USBD_StringSerial
 *fill*         0x000000002000017e        0x2 
 .data._impure_ptr
                0x0000000020000180        0x4 c:/st/stm32cubeide_1.0.2/stm32cubeide/plugins/com.st.stm32cube.ide.mcu.externaltools.gnu-tools-for-stm32.9-2020-q2-update.win32_1.5.0.202011040924/tools/bin/../lib/gcc/arm-none-eabi/9.3.1/../../../../arm-none-eabi/lib/thumb/v7-m/nofp\libc_nano.a(lib_a-impure.o)
                0x0000000020000180                _impure_ptr
 .data.impure_data
                0x0000000020000184       0x60 c:/st/stm32cubeide_1.0.2/stm32cubeide/plugins/com.st.stm32cube.ide.mcu.externaltools.gnu-tools-for-stm32.9-2020-q2-update.win32_1.5.0.202011040924/tools/bin/../lib/gcc/arm-none-eabi/9.3.1/../../../../arm-none-eabi/lib/thumb/v7-m/nofp\libc_nano.a(lib_a-impure.o)
                0x00000000200001e4                . = ALIGN (0x4)
                0x00000000200001e4                _edata = .

.igot.plt       0x00000000200001e4        0x0 load address 0x000000000800b858
 .igot.plt      0x00000000200001e4        0x0 c:/st/stm32cubeide_1.0.2/stm32cubeide/plugins/com.st.stm32cube.ide.mcu.externaltools.gnu-tools-for-stm32.9-2020-q2-update.win32_1.5.0.202011040924/tools/bin/../lib/gcc/arm-none-eabi/9.3.1/thumb/v7-m/nofp/crtbegin.o
                0x00000000200001e4                . = ALIGN (0x4)

.bss            0x00000000200001e4     0x3154 load address 0x000000000800b858
                0x00000000200001e4                _sbss = .
                0x00000000200001e4                __bss_start__ = _sbss
 *(.bss)
 .bss           0x00000000200001e4       0x1c c:/st/stm32cubeide_1.0.2/stm32cubeide/plugins/com.st.stm32cube.ide.mcu.externaltools.gnu-tools-for-stm32.9-2020-q2-update.win32_1.5.0.202011040924/tools/bin/../lib/gcc/arm-none-eabi/9.3.1/thumb/v7-m/nofp/crtbegin.o
 *(.bss*)
 .bss.xIdleTaskTCBBuffer
                0x0000000020000200       0x54 Core/Src/freertos.o
 .bss.xIdleStack
                0x0000000020000254      0x200 Core/Src/freertos.o
 .bss.interruptCount
                0x0000000020000454        0x4 Core/Src/main.o
                0x0000000020000454                interruptCount
 .bss.__sbrk_heap_end
                0x0000000020000458        0x4 Core/Src/sysmem.o
 .bss.cfgidx.8283
                0x000000002000045c        0x1 Middlewares/ST/STM32_USB_Device_Library/Core/Src/usbd_ctlreq.o
 *fill*         0x000000002000045d        0x3 
 .bss.pxCurrentTCB
                0x0000000020000460        0x4 Middlewares/Third_Party/FreeRTOS/Source/tasks.o
                0x0000000020000460                pxCurrentTCB
 .bss.pxReadyTasksLists
                0x0000000020000464       0x8c Middlewares/Third_Party/FreeRTOS/Source/tasks.o
 .bss.xDelayedTaskList1
                0x00000000200004f0       0x14 Middlewares/Third_Party/FreeRTOS/Source/tasks.o
 .bss.xDelayedTaskList2
                0x0000000020000504       0x14 Middlewares/Third_Party/FreeRTOS/Source/tasks.o
 .bss.pxDelayedTaskList
                0x0000000020000518        0x4 Middlewares/Third_Party/FreeRTOS/Source/tasks.o
 .bss.pxOverflowDelayedTaskList
                0x000000002000051c        0x4 Middlewares/Third_Party/FreeRTOS/Source/tasks.o
 .bss.xPendingReadyList
                0x0000000020000520       0x14 Middlewares/Third_Party/FreeRTOS/Source/tasks.o
 .bss.xTasksWaitingTermination
                0x0000000020000534       0x14 Middlewares/Third_Party/FreeRTOS/Source/tasks.o
 .bss.uxDeletedTasksWaitingCleanUp
                0x0000000020000548        0x4 Middlewares/Third_Party/FreeRTOS/Source/tasks.o
 .bss.xSuspendedTaskList
                0x000000002000054c       0x14 Middlewares/Third_Party/FreeRTOS/Source/tasks.o
 .bss.uxCurrentNumberOfTasks
                0x0000000020000560        0x4 Middlewares/Third_Party/FreeRTOS/Source/tasks.o
 .bss.xTickCount
                0x0000000020000564        0x4 Middlewares/Third_Party/FreeRTOS/Source/tasks.o
 .bss.uxTopReadyPriority
                0x0000000020000568        0x4 Middlewares/Third_Party/FreeRTOS/Source/tasks.o
 .bss.xSchedulerRunning
                0x000000002000056c        0x4 Middlewares/Third_Party/FreeRTOS/Source/tasks.o
 .bss.uxPendedTicks
                0x0000000020000570        0x4 Middlewares/Third_Party/FreeRTOS/Source/tasks.o
 .bss.xYieldPending
                0x0000000020000574        0x4 Middlewares/Third_Party/FreeRTOS/Source/tasks.o
 .bss.xNumOfOverflows
                0x0000000020000578        0x4 Middlewares/Third_Party/FreeRTOS/Source/tasks.o
 .bss.uxTaskNumber
                0x000000002000057c        0x4 Middlewares/Third_Party/FreeRTOS/Source/tasks.o
 .bss.xNextTaskUnblockTime
                0x0000000020000580        0x4 Middlewares/Third_Party/FreeRTOS/Source/tasks.o
 .bss.xIdleTaskHandle
                0x0000000020000584        0x4 Middlewares/Third_Party/FreeRTOS/Source/tasks.o
 .bss.uxSchedulerSuspended
                0x0000000020000588        0x4 Middlewares/Third_Party/FreeRTOS/Source/tasks.o
 .bss.ucMaxSysCallPriority
                0x000000002000058c        0x1 Middlewares/Third_Party/FreeRTOS/Source/portable/GCC/ARM_CM3/port.o
 *fill*         0x000000002000058d        0x3 
 .bss.ulMaxPRIGROUPValue
                0x0000000020000590        0x4 Middlewares/Third_Party/FreeRTOS/Source/portable/GCC/ARM_CM3/port.o
 .bss.ucHeap    0x0000000020000594     0x13d0 Middlewares/Third_Party/FreeRTOS/Source/portable/MemMang/heap_4.o
 .bss.xStart    0x0000000020001964        0x8 Middlewares/Third_Party/FreeRTOS/Source/portable/MemMang/heap_4.o
 .bss.pxEnd     0x000000002000196c        0x4 Middlewares/Third_Party/FreeRTOS/Source/portable/MemMang/heap_4.o
 .bss.xFreeBytesRemaining
                0x0000000020001970        0x4 Middlewares/Third_Party/FreeRTOS/Source/portable/MemMang/heap_4.o
 .bss.xMinimumEverFreeBytesRemaining
                0x0000000020001974        0x4 Middlewares/Third_Party/FreeRTOS/Source/portable/MemMang/heap_4.o
 .bss.xBlockAllocatedBit
                0x0000000020001978        0x4 Middlewares/Third_Party/FreeRTOS/Source/portable/MemMang/heap_4.o
 .bss.flag_data_received
                0x000000002000197c        0x1 Modules/utility/Src/Com_api.o
                0x000000002000197c                flag_data_received
 *fill*         0x000000002000197d        0x3 
 .bss.rt.7527   0x0000000020001980       0x42 Modules/utility/Src/Queue_job_manager.o
 *fill*         0x00000000200019c2        0x2 
 .bss.mem.8353  0x00000000200019c4      0x220 USB_DEVICE/Target/usbd_conf.o
 .bss.__malloc_free_list
                0x0000000020001be4        0x4 c:/st/stm32cubeide_1.0.2/stm32cubeide/plugins/com.st.stm32cube.ide.mcu.externaltools.gnu-tools-for-stm32.9-2020-q2-update.win32_1.5.0.202011040924/tools/bin/../lib/gcc/arm-none-eabi/9.3.1/../../../../arm-none-eabi/lib/thumb/v7-m/nofp\libc_nano.a(lib_a-nano-mallocr.o)
                0x0000000020001be4                __malloc_free_list
 .bss.__malloc_sbrk_start
                0x0000000020001be8        0x4 c:/st/stm32cubeide_1.0.2/stm32cubeide/plugins/com.st.stm32cube.ide.mcu.externaltools.gnu-tools-for-stm32.9-2020-q2-update.win32_1.5.0.202011040924/tools/bin/../lib/gcc/arm-none-eabi/9.3.1/../../../../arm-none-eabi/lib/thumb/v7-m/nofp\libc_nano.a(lib_a-nano-mallocr.o)
                0x0000000020001be8                __malloc_sbrk_start
 *(COMMON)
 COMMON         0x0000000020001bec      0xb14 Core/Src/main.o
                0x0000000020001bec                defaultTaskHandle
                0x0000000020001bf0                SpyTaskHandle
                0x0000000020001bf4                htim4
                0x0000000020001c3c                Com_TXstorage
                0x0000000020001ed8                Com_RXstorage
                0x0000000020002174                Gcode_Stack
                0x0000000020002410                servo
                0x0000000020002418                ComTaskHandle
                0x000000002000241c                htim2
                0x0000000020002464                Job_Stack
 COMMON         0x0000000020002700       0x48 Core/Src/stm32f1xx_hal_timebase_tim.o
                0x0000000020002700                htim3
 COMMON         0x0000000020002748        0x4 Drivers/STM32F1xx_HAL_Driver/Src/stm32f1xx_hal.o
                0x0000000020002748                uwTick
 COMMON         0x000000002000274c       0x40 Modules/utility/Src/Com_api.o
                0x000000002000274c                buffer
 COMMON         0x000000002000278c      0x2c4 USB_DEVICE/App/usb_device.o
                0x000000002000278c                hUsbDeviceFS
 COMMON         0x0000000020002a50      0x3e8 USB_DEVICE/App/usbd_cdc_if.o
                0x0000000020002a50                UserRxBufferFS
                0x0000000020002c44                UserTxBufferFS
 COMMON         0x0000000020002e38      0x200 USB_DEVICE/App/usbd_desc.o
                0x0000000020002e38                USBD_StrDesc
 COMMON         0x0000000020003038      0x2f0 USB_DEVICE/Target/usbd_conf.o
                0x0000000020003038                hpcd_USB_FS
 COMMON         0x0000000020003328        0x4 c:/st/stm32cubeide_1.0.2/stm32cubeide/plugins/com.st.stm32cube.ide.mcu.externaltools.gnu-tools-for-stm32.9-2020-q2-update.win32_1.5.0.202011040924/tools/bin/../lib/gcc/arm-none-eabi/9.3.1/../../../../arm-none-eabi/lib/thumb/v7-m/nofp\libc_nano.a(lib_a-reent.o)
                0x0000000020003328                errno
 COMMON         0x000000002000332c        0x9 c:/st/stm32cubeide_1.0.2/stm32cubeide/plugins/com.st.stm32cube.ide.mcu.externaltools.gnu-tools-for-stm32.9-2020-q2-update.win32_1.5.0.202011040924/tools/bin/../lib/gcc/arm-none-eabi/9.3.1/../../../../arm-none-eabi/lib/thumb/v7-m/nofp\libc_nano.a(lib_a-lock.o)
                0x000000002000332c                __lock___atexit_recursive_mutex
                0x000000002000332d                __lock___arc4random_mutex
                0x000000002000332e                __lock___env_recursive_mutex
                0x000000002000332f                __lock___sinit_recursive_mutex
                0x0000000020003330                __lock___malloc_recursive_mutex
                0x0000000020003331                __lock___at_quick_exit_mutex
                0x0000000020003332                __lock___dd_hash_mutex
                0x0000000020003333                __lock___tz_mutex
                0x0000000020003334                __lock___sfp_recursive_mutex
                0x0000000020003338                . = ALIGN (0x4)
 *fill*         0x0000000020003335        0x3 
                0x0000000020003338                _ebss = .
                0x0000000020003338                __bss_end__ = _ebss

._user_heap_stack
                0x0000000020003338      0x600 load address 0x000000000800b858
                0x0000000020003338                . = ALIGN (0x8)
                [!provide]                        PROVIDE (end = .)
                0x0000000020003338                PROVIDE (_end = .)
                0x0000000020003538                . = (. + _Min_Heap_Size)
 *fill*         0x0000000020003338      0x200 
                0x0000000020003938                . = (. + _Min_Stack_Size)
 *fill*         0x0000000020003538      0x400 
                0x0000000020003938                . = ALIGN (0x8)

/DISCARD/
 libc.a(*)
 libm.a(*)
 libgcc.a(*)

.ARM.attributes
                0x0000000000000000       0x29
 *(.ARM.attributes)
 .ARM.attributes
                0x0000000000000000       0x1d c:/st/stm32cubeide_1.0.2/stm32cubeide/plugins/com.st.stm32cube.ide.mcu.externaltools.gnu-tools-for-stm32.9-2020-q2-update.win32_1.5.0.202011040924/tools/bin/../lib/gcc/arm-none-eabi/9.3.1/thumb/v7-m/nofp/crti.o
 .ARM.attributes
                0x000000000000001d       0x2d c:/st/stm32cubeide_1.0.2/stm32cubeide/plugins/com.st.stm32cube.ide.mcu.externaltools.gnu-tools-for-stm32.9-2020-q2-update.win32_1.5.0.202011040924/tools/bin/../lib/gcc/arm-none-eabi/9.3.1/thumb/v7-m/nofp/crtbegin.o
 .ARM.attributes
                0x000000000000004a       0x2d Core/Src/freertos.o
 .ARM.attributes
                0x0000000000000077       0x2d Core/Src/main.o
 .ARM.attributes
                0x00000000000000a4       0x2d Core/Src/stm32f1xx_hal_msp.o
 .ARM.attributes
                0x00000000000000d1       0x2d Core/Src/stm32f1xx_hal_timebase_tim.o
 .ARM.attributes
                0x00000000000000fe       0x2d Core/Src/stm32f1xx_it.o
 .ARM.attributes
                0x000000000000012b       0x2d Core/Src/sysmem.o
 .ARM.attributes
                0x0000000000000158       0x2d Core/Src/system_stm32f1xx.o
 .ARM.attributes
                0x0000000000000185       0x21 Core/Startup/startup_stm32f103c8tx.o
 .ARM.attributes
                0x00000000000001a6       0x2d Drivers/STM32F1xx_HAL_Driver/Src/stm32f1xx_hal.o
 .ARM.attributes
                0x00000000000001d3       0x2d Drivers/STM32F1xx_HAL_Driver/Src/stm32f1xx_hal_cortex.o
 .ARM.attributes
                0x0000000000000200       0x2d Drivers/STM32F1xx_HAL_Driver/Src/stm32f1xx_hal_gpio.o
 .ARM.attributes
                0x000000000000022d       0x2d Drivers/STM32F1xx_HAL_Driver/Src/stm32f1xx_hal_pcd.o
 .ARM.attributes
                0x000000000000025a       0x2d Drivers/STM32F1xx_HAL_Driver/Src/stm32f1xx_hal_pcd_ex.o
 .ARM.attributes
                0x0000000000000287       0x2d Drivers/STM32F1xx_HAL_Driver/Src/stm32f1xx_hal_rcc.o
 .ARM.attributes
                0x00000000000002b4       0x2d Drivers/STM32F1xx_HAL_Driver/Src/stm32f1xx_hal_rcc_ex.o
 .ARM.attributes
                0x00000000000002e1       0x2d Drivers/STM32F1xx_HAL_Driver/Src/stm32f1xx_hal_tim.o
 .ARM.attributes
                0x000000000000030e       0x2d Drivers/STM32F1xx_HAL_Driver/Src/stm32f1xx_hal_tim_ex.o
 .ARM.attributes
                0x000000000000033b       0x2d Drivers/STM32F1xx_HAL_Driver/Src/stm32f1xx_ll_usb.o
 .ARM.attributes
                0x0000000000000368       0x2d Middlewares/ST/STM32_USB_Device_Library/Class/CDC/Src/usbd_cdc.o
 .ARM.attributes
                0x0000000000000395       0x2d Middlewares/ST/STM32_USB_Device_Library/Core/Src/usbd_core.o
 .ARM.attributes
                0x00000000000003c2       0x2d Middlewares/ST/STM32_USB_Device_Library/Core/Src/usbd_ctlreq.o
 .ARM.attributes
                0x00000000000003ef       0x2d Middlewares/ST/STM32_USB_Device_Library/Core/Src/usbd_ioreq.o
 .ARM.attributes
                0x000000000000041c       0x2d Middlewares/Third_Party/FreeRTOS/Source/CMSIS_RTOS/cmsis_os.o
 .ARM.attributes
                0x0000000000000449       0x2d Middlewares/Third_Party/FreeRTOS/Source/list.o
 .ARM.attributes
                0x0000000000000476       0x2d Middlewares/Third_Party/FreeRTOS/Source/queue.o
 .ARM.attributes
                0x00000000000004a3       0x2d Middlewares/Third_Party/FreeRTOS/Source/tasks.o
 .ARM.attributes
                0x00000000000004d0       0x2d Middlewares/Third_Party/FreeRTOS/Source/portable/GCC/ARM_CM3/port.o
 .ARM.attributes
                0x00000000000004fd       0x2d Middlewares/Third_Party/FreeRTOS/Source/portable/MemMang/heap_4.o
 .ARM.attributes
                0x000000000000052a       0x2d Modules/drivers/Src/SG90_controller.o
 .ARM.attributes
                0x0000000000000557       0x2d Modules/utility/Src/Com_api.o
 .ARM.attributes
                0x0000000000000584       0x2d Modules/utility/Src/G_code.o
 .ARM.attributes
                0x00000000000005b1       0x2d Modules/utility/Src/Queue_job_manager.o
 .ARM.attributes
                0x00000000000005de       0x2d USB_DEVICE/App/usb_device.o
 .ARM.attributes
                0x000000000000060b       0x2d USB_DEVICE/App/usbd_cdc_if.o
 .ARM.attributes
                0x0000000000000638       0x2d USB_DEVICE/App/usbd_desc.o
 .ARM.attributes
                0x0000000000000665       0x2d USB_DEVICE/Target/usbd_conf.o
 .ARM.attributes
                0x0000000000000692       0x2d c:/st/stm32cubeide_1.0.2/stm32cubeide/plugins/com.st.stm32cube.ide.mcu.externaltools.gnu-tools-for-stm32.9-2020-q2-update.win32_1.5.0.202011040924/tools/bin/../lib/gcc/arm-none-eabi/9.3.1/../../../../arm-none-eabi/lib/thumb/v7-m/nofp\libc_nano.a(lib_a-errno.o)
 .ARM.attributes
                0x00000000000006bf       0x2d c:/st/stm32cubeide_1.0.2/stm32cubeide/plugins/com.st.stm32cube.ide.mcu.externaltools.gnu-tools-for-stm32.9-2020-q2-update.win32_1.5.0.202011040924/tools/bin/../lib/gcc/arm-none-eabi/9.3.1/../../../../arm-none-eabi/lib/thumb/v7-m/nofp\libc_nano.a(lib_a-impure.o)
 .ARM.attributes
                0x00000000000006ec       0x2d c:/st/stm32cubeide_1.0.2/stm32cubeide/plugins/com.st.stm32cube.ide.mcu.externaltools.gnu-tools-for-stm32.9-2020-q2-update.win32_1.5.0.202011040924/tools/bin/../lib/gcc/arm-none-eabi/9.3.1/../../../../arm-none-eabi/lib/thumb/v7-m/nofp\libc_nano.a(lib_a-init.o)
 .ARM.attributes
                0x0000000000000719       0x2d c:/st/stm32cubeide_1.0.2/stm32cubeide/plugins/com.st.stm32cube.ide.mcu.externaltools.gnu-tools-for-stm32.9-2020-q2-update.win32_1.5.0.202011040924/tools/bin/../lib/gcc/arm-none-eabi/9.3.1/../../../../arm-none-eabi/lib/thumb/v7-m/nofp\libc_nano.a(lib_a-memcpy-stub.o)
 .ARM.attributes
                0x0000000000000746       0x2d c:/st/stm32cubeide_1.0.2/stm32cubeide/plugins/com.st.stm32cube.ide.mcu.externaltools.gnu-tools-for-stm32.9-2020-q2-update.win32_1.5.0.202011040924/tools/bin/../lib/gcc/arm-none-eabi/9.3.1/../../../../arm-none-eabi/lib/thumb/v7-m/nofp\libc_nano.a(lib_a-memset.o)
 .ARM.attributes
                0x0000000000000773       0x2d c:/st/stm32cubeide_1.0.2/stm32cubeide/plugins/com.st.stm32cube.ide.mcu.externaltools.gnu-tools-for-stm32.9-2020-q2-update.win32_1.5.0.202011040924/tools/bin/../lib/gcc/arm-none-eabi/9.3.1/../../../../arm-none-eabi/lib/thumb/v7-m/nofp\libc_nano.a(lib_a-snprintf.o)
 .ARM.attributes
                0x00000000000007a0       0x17 c:/st/stm32cubeide_1.0.2/stm32cubeide/plugins/com.st.stm32cube.ide.mcu.externaltools.gnu-tools-for-stm32.9-2020-q2-update.win32_1.5.0.202011040924/tools/bin/../lib/gcc/arm-none-eabi/9.3.1/../../../../arm-none-eabi/lib/thumb/v7-m/nofp\libc_nano.a(lib_a-strlen.o)
 .ARM.attributes
                0x00000000000007b7       0x2d c:/st/stm32cubeide_1.0.2/stm32cubeide/plugins/com.st.stm32cube.ide.mcu.externaltools.gnu-tools-for-stm32.9-2020-q2-update.win32_1.5.0.202011040924/tools/bin/../lib/gcc/arm-none-eabi/9.3.1/../../../../arm-none-eabi/lib/thumb/v7-m/nofp\libc_nano.a(lib_a-nano-svfprintf.o)
 .ARM.attributes
                0x00000000000007e4       0x2d c:/st/stm32cubeide_1.0.2/stm32cubeide/plugins/com.st.stm32cube.ide.mcu.externaltools.gnu-tools-for-stm32.9-2020-q2-update.win32_1.5.0.202011040924/tools/bin/../lib/gcc/arm-none-eabi/9.3.1/../../../../arm-none-eabi/lib/thumb/v7-m/nofp\libc_nano.a(lib_a-nano-vfprintf_i.o)
 .ARM.attributes
                0x0000000000000811       0x2d c:/st/stm32cubeide_1.0.2/stm32cubeide/plugins/com.st.stm32cube.ide.mcu.externaltools.gnu-tools-for-stm32.9-2020-q2-update.win32_1.5.0.202011040924/tools/bin/../lib/gcc/arm-none-eabi/9.3.1/../../../../arm-none-eabi/lib/thumb/v7-m/nofp\libc_nano.a(lib_a-memchr-stub.o)
 .ARM.attributes