Archive member included to satisfy reference by file (symbol)

c:/st/stm32cubeide_1.0.2/stm32cubeide/plugins/com.st.stm32cube.ide.mcu.externaltools.gnu-tools-for-stm32.9-2020-q2-update.win32_1.5.0.202011040924/tools/bin/../lib/gcc/arm-none-eabi/9.3.1/../../../../arm-none-eabi/lib/thumb/v7-m/nofp\libc_nano.a(lib_a-atoi.o)
                              Modules/utility/Src/G_code.o (atoi)
c:/st/stm32cubeide_1.0.2/stm32cubeide/plugins/com.st.stm32cube.ide.mcu.externaltools.gnu-tools-for-stm32.9-2020-q2-update.win32_1.5.0.202011040924/tools/bin/../lib/gcc/arm-none-eabi/9.3.1/../../../../arm-none-eabi/lib/thumb/v7-m/nofp\libc_nano.a(lib_a-errno.o)
                              Core/Src/syscalls.o (__errno)
c:/st/stm32cubeide_1.0.2/stm32cubeide/plugins/com.st.stm32cube.ide.mcu.externaltools.gnu-tools-for-stm32.9-2020-q2-update.win32_1.5.0.202011040924/tools/bin/../lib/gcc/arm-none-eabi/9.3.1/../../../../arm-none-eabi/lib/thumb/v7-m/nofp\libc_nano.a(lib_a-exit.o)
                              c:/st/stm32cubeide_1.0.2/stm32cubeide/plugins/com.st.stm32cube.ide.mcu.externaltools.gnu-tools-for-stm32.9-2020-q2-update.win32_1.5.0.202011040924/tools/bin/../lib/gcc/arm-none-eabi/9.3.1/../../../../arm-none-eabi/lib/thumb/v7-m/nofp/crt0.o (exit)
c:/st/stm32cubeide_1.0.2/stm32cubeide/plugins/com.st.stm32cube.ide.mcu.externaltools.gnu-tools-for-stm32.9-2020-q2-update.win32_1.5.0.202011040924/tools/bin/../lib/gcc/arm-none-eabi/9.3.1/../../../../arm-none-eabi/lib/thumb/v7-m/nofp\libc_nano.a(lib_a-impure.o)
                              c:/st/stm32cubeide_1.0.2/stm32cubeide/plugins/com.st.stm32cube.ide.mcu.externaltools.gnu-tools-for-stm32.9-2020-q2-update.win32_1.5.0.202011040924/tools/bin/../lib/gcc/arm-none-eabi/9.3.1/../../../../arm-none-eabi/lib/thumb/v7-m/nofp\libc_nano.a(lib_a-exit.o) (_global_impure_ptr)
c:/st/stm32cubeide_1.0.2/stm32cubeide/plugins/com.st.stm32cube.ide.mcu.externaltools.gnu-tools-for-stm32.9-2020-q2-update.win32_1.5.0.202011040924/tools/bin/../lib/gcc/arm-none-eabi/9.3.1/../../../../arm-none-eabi/lib/thumb/v7-m/nofp\libc_nano.a(lib_a-init.o)
                              c:/st/stm32cubeide_1.0.2/stm32cubeide/plugins/com.st.stm32cube.ide.mcu.externaltools.gnu-tools-for-stm32.9-2020-q2-update.win32_1.5.0.202011040924/tools/bin/../lib/gcc/arm-none-eabi/9.3.1/../../../../arm-none-eabi/lib/thumb/v7-m/nofp/crt0.o (__libc_init_array)
c:/st/stm32cubeide_1.0.2/stm32cubeide/plugins/com.st.stm32cube.ide.mcu.externaltools.gnu-tools-for-stm32.9-2020-q2-update.win32_1.5.0.202011040924/tools/bin/../lib/gcc/arm-none-eabi/9.3.1/../../../../arm-none-eabi/lib/thumb/v7-m/nofp\libc_nano.a(lib_a-memcpy-stub.o)
                              Middlewares/Third_Party/FreeRTOS/Source/queue.o (memcpy)
c:/st/stm32cubeide_1.0.2/stm32cubeide/plugins/com.st.stm32cube.ide.mcu.externaltools.gnu-tools-for-stm32.9-2020-q2-update.win32_1.5.0.202011040924/tools/bin/../lib/gcc/arm-none-eabi/9.3.1/../../../../arm-none-eabi/lib/thumb/v7-m/nofp\libc_nano.a(lib_a-memset.o)
                              c:/st/stm32cubeide_1.0.2/stm32cubeide/plugins/com.st.stm32cube.ide.mcu.externaltools.gnu-tools-for-stm32.9-2020-q2-update.win32_1.5.0.202011040924/tools/bin/../lib/gcc/arm-none-eabi/9.3.1/../../../../arm-none-eabi/lib/thumb/v7-m/nofp/crt0.o (memset)
c:/st/stm32cubeide_1.0.2/stm32cubeide/plugins/com.st.stm32cube.ide.mcu.externaltools.gnu-tools-for-stm32.9-2020-q2-update.win32_1.5.0.202011040924/tools/bin/../lib/gcc/arm-none-eabi/9.3.1/../../../../arm-none-eabi/lib/thumb/v7-m/nofp\libc_nano.a(lib_a-snprintf.o)
                              Modules/drivers/Src/Spy.o (snprintf)
c:/st/stm32cubeide_1.0.2/stm32cubeide/plugins/com.st.stm32cube.ide.mcu.externaltools.gnu-tools-for-stm32.9-2020-q2-update.win32_1.5.0.202011040924/tools/bin/../lib/gcc/arm-none-eabi/9.3.1/../../../../arm-none-eabi/lib/thumb/v7-m/nofp\libc_nano.a(lib_a-sprintf.o)
                              Modules/drivers/Src/Spy.o (sprintf)
c:/st/stm32cubeide_1.0.2/stm32cubeide/plugins/com.st.stm32cube.ide.mcu.externaltools.gnu-tools-for-stm32.9-2020-q2-update.win32_1.5.0.202011040924/tools/bin/../lib/gcc/arm-none-eabi/9.3.1/../../../../arm-none-eabi/lib/thumb/v7-m/nofp\libc_nano.a(lib_a-strlen.o)
                              Modules/utility/Src/Com_api.o (strlen)
c:/st/stm32cubeide_1.0.2/stm32cubeide/plugins/com.st.stm32cube.ide.mcu.externaltools.gnu-tools-for-stm32.9-2020-q2-update.win32_1.5.0.202011040924/tools/bin/../lib/gcc/arm-none-eabi/9.3.1/../../../../arm-none-eabi/lib/thumb/v7-m/nofp\libc_nano.a(lib_a-strncmp.o)
                              Modules/utility/Src/G_code.o (strncmp)
c:/st/stm32cubeide_1.0.2/stm32cubeide/plugins/com.st.stm32cube.ide.mcu.externaltools.gnu-tools-for-stm32.9-2020-q2-update.win32_1.5.0.202011040924/tools/bin/../lib/gcc/arm-none-eabi/9.3.1/../../../../arm-none-eabi/lib/thumb/v7-m/nofp\libc_nano.a(lib_a-strtol.o)
[...]
Memory Configuration

Name             Origin             Length             Attributes
RAM              0x0000000020000000 0x0000000000005000 xrw
FLASH            0x0000000008000000 0x0000000000010000 xr
*default*        0x0000000000000000 0xffffffffffffffff

Linker script and memory map

LOAD c:/st/stm32cubeide_1.0.2/stm32cubeide/plugins/com.st.stm32cube.ide.mcu.externaltools.gnu-tools-for-stm32.9-2020-q2-update.win32_1.5.0.202011040924/tools/bin/../lib/gcc/arm-none-eabi/9.3.1/thumb/v7-m/nofp/crti.o
LOAD c:/st/stm32cubeide_1.0.2/stm32cubeide/plugins/com.st.stm32cube.ide.mcu.externaltools.gnu-tools-for-stm32.9-2020-q2-update.win32_1.5.0.202011040924/tools/bin/../lib/gcc/arm-none-eabi/9.3.1/thumb/v7-m/nofp/crtbegin.o
LOAD c:/st/stm32cubeide_1.0.2/stm32cubeide/plugins/com.st.stm32cube.ide.mcu.externaltools.gnu-tools-for-stm32.9-2020-q2-update.win32_1.5.0.202011040924/tools/bin/../lib/gcc/arm-none-eabi/9.3.1/../../../../arm-none-eabi/lib/thumb/v7-m/nofp/crt0.o
LOAD Core/Src/freertos.o
LOAD Core/Src/main.o
LOAD Core/Src/stm32f1xx_hal_msp.o
LOAD Core/Src/stm32f1xx_hal_timebase_tim.o
LOAD Core/Src/stm32f1xx_it.o
LOAD Core/Src/syscalls.o
LOAD Core/Src/sysmem.o
LOAD Core/Src/system_stm32f1xx.o
LOAD Core/Startup/startup_stm32f103c8tx.o
LOAD Drivers/STM32F1xx_HAL_Driver/Src/stm32f1xx_hal.o
LOAD Drivers/STM32F1xx_HAL_Driver/Src/stm32f1xx_hal_cortex.o
LOAD Drivers/STM32F1xx_HAL_Driver/Src/stm32f1xx_hal_dma.o
LOAD Drivers/STM32F1xx_HAL_Driver/Src/stm32f1xx_hal_exti.o
LOAD Drivers/STM32F1xx_HAL_Driver/Src/stm32f1xx_hal_flash.o
LOAD Drivers/STM32F1xx_HAL_Driver/Src/stm32f1xx_hal_flash_ex.o
LOAD Drivers/STM32F1xx_HAL_Driver/Src/stm32f1xx_hal_gpio.o
LOAD Drivers/STM32F1xx_HAL_Driver/Src/stm32f1xx_hal_gpio_ex.o
LOAD Drivers/STM32F1xx_HAL_Driver/Src/stm32f1xx_hal_pcd.o
LOAD Drivers/STM32F1xx_HAL_Driver/Src/stm32f1xx_hal_pcd_ex.o
LOAD Drivers/STM32F1xx_HAL_Driver/Src/stm32f1xx_hal_pwr.o
LOAD Drivers/STM32F1xx_HAL_Driver/Src/stm32f1xx_hal_rcc.o
LOAD Drivers/STM32F1xx_HAL_Driver/Src/stm32f1xx_hal_rcc_ex.o
LOAD Drivers/STM32F1xx_HAL_Driver/Src/stm32f1xx_hal_tim.o
LOAD Drivers/STM32F1xx_HAL_Driver/Src/stm32f1xx_hal_tim_ex.o
LOAD Drivers/STM32F1xx_HAL_Driver/Src/stm32f1xx_ll_usb.o
LOAD Middlewares/ST/STM32_USB_Device_Library/Class/CDC/Src/usbd_cdc.o
LOAD Middlewares/ST/STM32_USB_Device_Library/Core/Src/usbd_core.o
LOAD Middlewares/ST/STM32_USB_Device_Library/Core/Src/usbd_ctlreq.o
LOAD Middlewares/ST/STM32_USB_Device_Library/Core/Src/usbd_ioreq.o
LOAD Middlewares/Third_Party/FreeRTOS/Source/CMSIS_RTOS/cmsis_os.o
LOAD Middlewares/Third_Party/FreeRTOS/Source/croutine.o
LOAD Middlewares/Third_Party/FreeRTOS/Source/event_groups.o
LOAD Middlewares/Third_Party/FreeRTOS/Source/list.o
LOAD Middlewares/Third_Party/FreeRTOS/Source/queue.o
LOAD Middlewares/Third_Party/FreeRTOS/Source/stream_buffer.o
LOAD Middlewares/Third_Party/FreeRTOS/Source/tasks.o
LOAD Middlewares/Third_Party/FreeRTOS/Source/timers.o
LOAD Middlewares/Third_Party/FreeRTOS/Source/portable/GCC/ARM_CM3/port.o
LOAD Middlewares/Third_Party/FreeRTOS/Source/portable/MemMang/heap_4.o
LOAD Modules/cnc_2d/Src/cnc_2d.o
LOAD Modules/drivers/Src/SG90_controller.o
LOAD Modules/drivers/Src/Spy.o
LOAD Modules/drivers/Src/Step_Driver.o
LOAD Modules/utility/Src/Com_api.o
LOAD Modules/utility/Src/G_code.o
LOAD Modules/utility/Src/Queue_job_manager.o
LOAD USB_DEVICE/App/usb_device.o
LOAD USB_DEVICE/App/usbd_cdc_if.o
LOAD USB_DEVICE/App/usbd_desc.o
LOAD USB_DEVICE/Target/usbd_conf.o
START GROUP
LOAD c:/st/stm32cubeide_1.0.2/stm32cubeide/plugins/com.st.stm32cube.ide.mcu.externaltools.gnu-tools-for-stm32.9-2020-q2-update.win32_1.5.0.202011040924/tools/bin/../lib/gcc/arm-none-eabi/9.3.1/../../../../arm-none-eabi/lib/thumb/v7-m/nofp\libc_nano.a
LOAD c:/st/stm32cubeide_1.0.2/stm32cubeide/plugins/com.st.stm32cube.ide.mcu.externaltools.gnu-tools-for-stm32.9-2020-q2-update.win32_1.5.0.202011040924/tools/bin/../lib/gcc/arm-none-eabi/9.3.1/../../../../arm-none-eabi/lib/thumb/v7-m/nofp\libm.a
END GROUP
START GROUP
LOAD c:/st/stm32cubeide_1.0.2/stm32cubeide/plugins/com.st.stm32cube.ide.mcu.externaltools.gnu-tools-for-stm32.9-2020-q2-update.win32_1.5.0.202011040924/tools/bin/../lib/gcc/arm-none-eabi/9.3.1/thumb/v7-m/nofp\libgcc.a
LOAD c:/st/stm32cubeide_1.0.2/stm32cubeide/plugins/com.st.stm32cube.ide.mcu.externaltools.gnu-tools-for-stm32.9-2020-q2-update.win32_1.5.0.202011040924/tools/bin/../lib/gcc/arm-none-eabi/9.3.1/../../../../arm-none-eabi/lib/thumb/v7-m/nofp\libc_nano.a
END GROUP
START GROUP
LOAD c:/st/stm32cubeide_1.0.2/stm32cubeide/plugins/com.st.stm32cube.ide.mcu.externaltools.gnu-tools-for-stm32.9-2020-q2-update.win32_1.5.0.202011040924/tools/bin/../lib/gcc/arm-none-eabi/9.3.1/thumb/v7-m/nofp\libgcc.a
LOAD c:/st/stm32cubeide_1.0.2/stm32cubeide/plugins/com.st.stm32cube.ide.mcu.externaltools.gnu-tools-for-stm32.9-2020-q2-update.win32_1.5.0.202011040924/tools/bin/../lib/gcc/arm-none-eabi/9.3.1/../../../../arm-none-eabi/lib/thumb/v7-m/nofp\libc_nano.a
LOAD c:/st/stm32cubeide_1.0.2/stm32cubeide/plugins/com.st.stm32cube.ide.mcu.externaltools.gnu-tools-for-stm32.9-2020-q2-update.win32_1.5.0.202011040924/tools/bin/../lib/gcc/arm-none-eabi/9.3.1/../../../../arm-none-eabi/lib/thumb/v7-m/nofp\libnosys.a
END GROUP
START GROUP
LOAD c:/st/stm32cubeide_1.0.2/stm32cubeide/plugins/com.st.stm32cube.ide.mcu.externaltools.gnu-tools-for-stm32.9-2020-q2-update.win32_1.5.0.202011040924/tools/bin/../lib/gcc/arm-none-eabi/9.3.1/thumb/v7-m/nofp\libgcc.a
LOAD c:/st/stm32cubeide_1.0.2/stm32cubeide/plugins/com.st.stm32cube.ide.mcu.externaltools.gnu-tools-for-stm32.9-2020-q2-update.win32_1.5.0.202011040924/tools/bin/../lib/gcc/arm-none-eabi/9.3.1/../../../../arm-none-eabi/lib/thumb/v7-m/nofp\libc_nano.a
LOAD c:/st/stm32cubeide_1.0.2/stm32cubeide/plugins/com.st.stm32cube.ide.mcu.externaltools.gnu-tools-for-stm32.9-2020-q2-update.win32_1.5.0.202011040924/tools/bin/../lib/gcc/arm-none-eabi/9.3.1/../../../../arm-none-eabi/lib/thumb/v7-m/nofp\libnosys.a
END GROUP
LOAD c:/st/stm32cubeide_1.0.2/stm32cubeide/plugins/com.st.stm32cube.ide.mcu.externaltools.gnu-tools-for-stm32.9-2020-q2-update.win32_1.5.0.202011040924/tools/bin/../lib/gcc/arm-none-eabi/9.3.1/thumb/v7-m/nofp/crtend.o
LOAD c:/st/stm32cubeide_1.0.2/stm32cubeide/plugins/com.st.stm32cube.ide.mcu.externaltools.gnu-tools-for-stm32.9-2020-q2-update.win32_1.5.0.202011040924/tools/bin/../lib/gcc/arm-none-eabi/9.3.1/thumb/v7-m/nofp/crtn.o
                0x0000000020005000                _estack = (ORIGIN (RAM) + LENGTH (RAM))
                0x0000000000000200                _Min_Heap_Size = 0x200
                0x0000000000000400                _Min_Stack_Size = 0x400

.isr_vector     0x0000000008000000      0x10c
                0x0000000008000000                . = ALIGN (0x4)
 *(.isr_vector)
 .isr_vector    0x0000000008000000      0x10c Core/Startup/startup_stm32f103c8tx.o
                0x0000000008000000                g_pfnVectors
                0x000000000800010c                . = ALIGN (0x4)

.text           0x0000000008000110     0xad88
                0x0000000008000110                . = ALIGN (0x4)
 *(.text)
 .text          0x0000000008000110       0x40 c:/st/stm32cubeide_1.0.2/stm32cubeide/plugins/com.st.stm32cube.ide.mcu.externaltools.gnu-tools-for-stm32.9-2020-q2-update.win32_1.5.0.202011040924/tools/bin/../lib/gcc/arm-none-eabi/9.3.1/thumb/v7-m/nofp/crtbegin.o
 .text          0x0000000008000150       0x10 c:/st/stm32cubeide_1.0.2/stm32cubeide/plugins/com.st.stm32cube.ide.mcu.externaltools.gnu-tools-for-stm32.9-2020-q2-update.win32_1.5.0.202011040924/tools/bin/../lib/gcc/arm-none-eabi/9.3.1/../../../../arm-none-eabi/lib/thumb/v7-m/nofp\libc_nano.a(lib_a-strlen.o)
                0x0000000008000150                strlen
 *(.text*)
 .text.vApplicationGetIdleTaskMemory
                0x0000000008000160       0x30 Core/Src/freertos.o
                0x0000000008000160                vApplicationGetIdleTaskMemory
 .text.main     0x0000000008000190       0x98 Core/Src/main.o
                0x0000000008000190                main
 .text.SystemClock_Config
                0x0000000008000228       0xb4 Core/Src/main.o
                0x0000000008000228                SystemClock_Config
 .text.MX_TIM2_Init
                0x00000000080002dc       0xec Core/Src/main.o
 .text.MX_TIM4_Init
                0x00000000080003c8       0x9c Core/Src/main.o
 .text.MX_GPIO_Init
                0x0000000008000464      0x128 Core/Src/main.o
 .text.StartDefaultTask
                0x000000000800058c       0x84 Core/Src/main.o
                0x000000000800058c                StartDefaultTask
 .text.StartComTask
                0x0000000008000610       0x18 Core/Src/main.o
                0x0000000008000610                StartComTask
 .text.HAL_TIM_PeriodElapsedCallback
                0x0000000008000628       0x64 Core/Src/main.o
                0x0000000008000628                HAL_TIM_PeriodElapsedCallback
 .text.Error_Handler
                0x000000000800068c        0xa Core/Src/main.o
                0x000000000800068c                Error_Handler
 *fill*         0x0000000008000696        0x2 
 .text.HAL_MspInit
                0x0000000008000698       0x70 Core/Src/stm32f1xx_hal_msp.o
                0x0000000008000698                HAL_MspInit
 .text.HAL_TIM_Base_MspInit
                0x0000000008000708       0x70 Core/Src/stm32f1xx_hal_msp.o
                0x0000000008000708                HAL_TIM_Base_MspInit
 .text.HAL_TIM_MspPostInit
                0x0000000008000778       0x60 Core/Src/stm32f1xx_hal_msp.o
                0x0000000008000778                HAL_TIM_MspPostInit
 .text.HAL_InitTick
                0x00000000080007d8       0xb0 Core/Src/stm32f1xx_hal_timebase_tim.o
                0x00000000080007d8                HAL_InitTick
 .text.NMI_Handler
                0x0000000008000888        0x6 Core/Src/stm32f1xx_it.o
                0x0000000008000888                NMI_Handler
 .text.HardFault_Handler
                0x000000000800088e        0x6 Core/Src/stm32f1xx_it.o
                0x000000000800088e                HardFault_Handler
 .text.MemManage_Handler
                0x0000000008000894        0x6 Core/Src/stm32f1xx_it.o
                0x0000000008000894                MemManage_Handler
 .text.BusFault_Handler
                0x000000000800089a        0x6 Core/Src/stm32f1xx_it.o
                0x000000000800089a                BusFault_Handler
 .text.UsageFault_Handler
                0x00000000080008a0        0x6 Core/Src/stm32f1xx_it.o
                0x00000000080008a0                UsageFault_Handler
 .text.DebugMon_Handler
                0x00000000080008a6        0xc Core/Src/stm32f1xx_it.o
                0x00000000080008a6                DebugMon_Handler
 *fill*         0x00000000080008b2        0x2 
 .text.USB_LP_CAN1_RX0_IRQHandler
                0x00000000080008b4       0x14 Core/Src/stm32f1xx_it.o
                0x00000000080008b4                USB_LP_CAN1_RX0_IRQHandler
 .text.TIM3_IRQHandler
                0x00000000080008c8       0x14 Core/Src/stm32f1xx_it.o
                0x00000000080008c8                TIM3_IRQHandler
 .text.TIM4_IRQHandler
                0x00000000080008dc       0x14 Core/Src/stm32f1xx_it.o
                0x00000000080008dc                TIM4_IRQHandler
 .text.SystemInit
                0x00000000080008f0        0xc Core/Src/system_stm32f1xx.o
                0x00000000080008f0                SystemInit
 .text.Reset_Handler
                0x00000000080008fc       0x48 Core/Startup/startup_stm32f103c8tx.o
                0x00000000080008fc                Reset_Handler
 .text.Default_Handler
                0x0000000008000944        0x2 Core/Startup/startup_stm32f103c8tx.o
                0x0000000008000944                RTC_Alarm_IRQHandler
                0x0000000008000944                EXTI2_IRQHandler
                0x0000000008000944                TIM1_CC_IRQHandler
                0x0000000008000944                PVD_IRQHandler
                0x0000000008000944                EXTI3_IRQHandler
                0x0000000008000944                EXTI0_IRQHandler
                0x0000000008000944                I2C2_EV_IRQHandler
                0x0000000008000944                ADC1_2_IRQHandler
                0x0000000008000944                SPI1_IRQHandler
                0x0000000008000944                TAMPER_IRQHandler
                0x0000000008000944                DMA1_Channel4_IRQHandler
                0x0000000008000944                USART3_IRQHandler
                0x0000000008000944                RTC_IRQHandler
                0x0000000008000944                DMA1_Channel7_IRQHandler
                0x0000000008000944                CAN1_RX1_IRQHandler
                0x0000000008000944                I2C1_EV_IRQHandler
                0x0000000008000944                DMA1_Channel6_IRQHandler
                0x0000000008000944                RCC_IRQHandler
                0x0000000008000944                TIM1_TRG_COM_IRQHandler
                0x0000000008000944                DMA1_Channel1_IRQHandler
                0x0000000008000944                Default_Handler
                0x0000000008000944                EXTI15_10_IRQHandler
                0x0000000008000944                EXTI9_5_IRQHandler
                0x0000000008000944                SPI2_IRQHandler
                0x0000000008000944                DMA1_Channel5_IRQHandler
                0x0000000008000944                EXTI4_IRQHandler
                0x0000000008000944                USB_HP_CAN1_TX_IRQHandler
                0x0000000008000944                DMA1_Channel3_IRQHandler
                0x0000000008000944                TIM1_UP_IRQHandler
                0x0000000008000944                WWDG_IRQHandler
                0x0000000008000944                TIM2_IRQHandler
                0x0000000008000944                TIM1_BRK_IRQHandler
                0x0000000008000944                EXTI1_IRQHandler
                0x0000000008000944                USART2_IRQHandler
                0x0000000008000944                I2C2_ER_IRQHandler
                0x0000000008000944                DMA1_Channel2_IRQHandler
                0x0000000008000944                CAN1_SCE_IRQHandler
                0x0000000008000944                FLASH_IRQHandler
                0x0000000008000944                USART1_IRQHandler
                0x0000000008000944                I2C1_ER_IRQHandler
                0x0000000008000944                USBWakeUp_IRQHandler
 *fill*         0x0000000008000946        0x2 
 .text.HAL_Init
                0x0000000008000948       0x2c Drivers/STM32F1xx_HAL_Driver/Src/stm32f1xx_hal.o
                0x0000000008000948                HAL_Init
 .text.HAL_IncTick
                0x0000000008000974       0x24 Drivers/STM32F1xx_HAL_Driver/Src/stm32f1xx_hal.o
                0x0000000008000974                HAL_IncTick
 .text.HAL_GetTick
                0x0000000008000998       0x14 Drivers/STM32F1xx_HAL_Driver/Src/stm32f1xx_hal.o
                0x0000000008000998                HAL_GetTick
 .text.HAL_Delay
                0x00000000080009ac       0x48 Drivers/STM32F1xx_HAL_Driver/Src/stm32f1xx_hal.o
                0x00000000080009ac                HAL_Delay
 .text.__NVIC_SetPriorityGrouping
                0x00000000080009f4       0x48 Drivers/STM32F1xx_HAL_Driver/Src/stm32f1xx_hal_cortex.o
 .text.__NVIC_GetPriorityGrouping
                0x0000000008000a3c       0x1c Drivers/STM32F1xx_HAL_Driver/Src/stm32f1xx_hal_cortex.o
 .text.__NVIC_EnableIRQ
                0x0000000008000a58       0x38 Drivers/STM32F1xx_HAL_Driver/Src/stm32f1xx_hal_cortex.o
 .text.__NVIC_SetPriority
                0x0000000008000a90       0x54 Drivers/STM32F1xx_HAL_Driver/Src/stm32f1xx_hal_cortex.o
 .text.NVIC_EncodePriority
                0x0000000008000ae4       0x64 Drivers/STM32F1xx_HAL_Driver/Src/stm32f1xx_hal_cortex.o
 .text.HAL_NVIC_SetPriorityGrouping
                0x0000000008000b48       0x16 Drivers/STM32F1xx_HAL_Driver/Src/stm32f1xx_hal_cortex.o
                0x0000000008000b48                HAL_NVIC_SetPriorityGrouping
 .text.HAL_NVIC_SetPriority
                0x0000000008000b5e       0x38 Drivers/STM32F1xx_HAL_Driver/Src/stm32f1xx_hal_cortex.o
                0x0000000008000b5e                HAL_NVIC_SetPriority
 .text.HAL_NVIC_EnableIRQ
                0x0000000008000b96       0x1c Drivers/STM32F1xx_HAL_Driver/Src/stm32f1xx_hal_cortex.o
                0x0000000008000b96                HAL_NVIC_EnableIRQ
 *fill*         0x0000000008000bb2        0x2 
 .text.HAL_GPIO_Init
                0x0000000008000bb4      0x308 Drivers/STM32F1xx_HAL_Driver/Src/stm32f1xx_hal_gpio.o
                0x0000000008000bb4                HAL_GPIO_Init
 .text.HAL_GPIO_ReadPin
                0x0000000008000ebc       0x2e Drivers/STM32F1xx_HAL_Driver/Src/stm32f1xx_hal_gpio.o
                0x0000000008000ebc                HAL_GPIO_ReadPin
 .text.HAL_GPIO_WritePin
                0x0000000008000eea       0x30 Drivers/STM32F1xx_HAL_Driver/Src/stm32f1xx_hal_gpio.o
                0x0000000008000eea                HAL_GPIO_WritePin
 .text.HAL_GPIO_TogglePin
                0x0000000008000f1a       0x32 Drivers/STM32F1xx_HAL_Driver/Src/stm32f1xx_hal_gpio.o
                0x0000000008000f1a                HAL_GPIO_TogglePin
 .text.HAL_PCD_Init
                0x0000000008000f4c      0x1fe Drivers/STM32F1xx_HAL_Driver/Src/stm32f1xx_hal_pcd.o
                0x0000000008000f4c                HAL_PCD_Init
 .text.HAL_PCD_Start
                0x000000000800114a       0x4c Drivers/STM32F1xx_HAL_Driver/Src/stm32f1xx_hal_pcd.o
                0x000000000800114a                HAL_PCD_Start
 .text.HAL_PCD_IRQHandler
                0x0000000008001196      0x264 Drivers/STM32F1xx_HAL_Driver/Src/stm32f1xx_hal_pcd.o
                0x0000000008001196                HAL_PCD_IRQHandler
 .text.HAL_PCD_SetAddress
                0x00000000080013fa       0x4a Drivers/STM32F1xx_HAL_Driver/Src/stm32f1xx_hal_pcd.o
                0x00000000080013fa                HAL_PCD_SetAddress
 .text.HAL_PCD_EP_Open
                0x0000000008001444       0xba Drivers/STM32F1xx_HAL_Driver/Src/stm32f1xx_hal_pcd.o
                0x0000000008001444                HAL_PCD_EP_Open
 .text.HAL_PCD_EP_Close
                0x00000000080014fe       0x90 Drivers/STM32F1xx_HAL_Driver/Src/stm32f1xx_hal_pcd.o
                0x00000000080014fe                HAL_PCD_EP_Close
 .text.HAL_PCD_EP_Receive
                0x000000000800158e       0x62 Drivers/STM32F1xx_HAL_Driver/Src/stm32f1xx_hal_pcd.o
                0x000000000800158e                HAL_PCD_EP_Receive
 .text.HAL_PCD_EP_GetRxCount
                0x00000000080015f0       0x2e Drivers/STM32F1xx_HAL_Driver/Src/stm32f1xx_hal_pcd.o
                0x00000000080015f0                HAL_PCD_EP_GetRxCount
 .text.HAL_PCD_EP_Transmit
                0x000000000800161e       0x6e Drivers/STM32F1xx_HAL_Driver/Src/stm32f1xx_hal_pcd.o
                0x000000000800161e                HAL_PCD_EP_Transmit
 .text.HAL_PCD_EP_SetStall
                0x000000000800168c       0xc0 Drivers/STM32F1xx_HAL_Driver/Src/stm32f1xx_hal_pcd.o
                0x000000000800168c                HAL_PCD_EP_SetStall
 .text.HAL_PCD_EP_ClrStall
                0x000000000800174c       0xa8 Drivers/STM32F1xx_HAL_Driver/Src/stm32f1xx_hal_pcd.o
                0x000000000800174c                HAL_PCD_EP_ClrStall
 .text.PCD_EP_ISR_Handler
                0x00000000080017f4      0x7a6 Drivers/STM32F1xx_HAL_Driver/Src/stm32f1xx_hal_pcd.o
 .text.HAL_PCD_EP_DB_Receive
                0x0000000008001f9a      0x21a Drivers/STM32F1xx_HAL_Driver/Src/stm32f1xx_hal_pcd.o
 .text.HAL_PCD_EP_DB_Transmit
                0x00000000080021b4      0x7f4 Drivers/STM32F1xx_HAL_Driver/Src/stm32f1xx_hal_pcd.o
 .text.HAL_PCDEx_PMAConfig
                0x00000000080029a8       0x84 Drivers/STM32F1xx_HAL_Driver/Src/stm32f1xx_hal_pcd_ex.o
                0x00000000080029a8                HAL_PCDEx_PMAConfig
 .text.HAL_RCC_OscConfig
                0x0000000008002a2c      0x500 Drivers/STM32F1xx_HAL_Driver/Src/stm32f1xx_hal_rcc.o
                0x0000000008002a2c                HAL_RCC_OscConfig
 .text.HAL_RCC_ClockConfig
                0x0000000008002f2c      0x1d4 Drivers/STM32F1xx_HAL_Driver/Src/stm32f1xx_hal_rcc.o
                0x0000000008002f2c                HAL_RCC_ClockConfig
 .text.HAL_RCC_GetSysClockFreq
                0x0000000008003100       0xa8 Drivers/STM32F1xx_HAL_Driver/Src/stm32f1xx_hal_rcc.o
                0x0000000008003100                HAL_RCC_GetSysClockFreq
 .text.HAL_RCC_GetHCLKFreq
                0x00000000080031a8       0x14 Drivers/STM32F1xx_HAL_Driver/Src/stm32f1xx_hal_rcc.o
                0x00000000080031a8                HAL_RCC_GetHCLKFreq
 .text.HAL_RCC_GetPCLK1Freq
                0x00000000080031bc       0x28 Drivers/STM32F1xx_HAL_Driver/Src/stm32f1xx_hal_rcc.o
                0x00000000080031bc                HAL_RCC_GetPCLK1Freq
 .text.HAL_RCC_GetClockConfig
                0x00000000080031e4       0x60 Drivers/STM32F1xx_HAL_Driver/Src/stm32f1xx_hal_rcc.o
                0x00000000080031e4                HAL_RCC_GetClockConfig
 .text.RCC_Delay
                0x0000000008003244       0x3c Drivers/STM32F1xx_HAL_Driver/Src/stm32f1xx_hal_rcc.o
 .text.HAL_RCCEx_PeriphCLKConfig
                0x0000000008003280      0x16c Drivers/STM32F1xx_HAL_Driver/Src/stm32f1xx_hal_rcc_ex.o
                0x0000000008003280                HAL_RCCEx_PeriphCLKConfig
 .text.HAL_TIM_Base_Init
                0x00000000080033ec       0x9e Drivers/STM32F1xx_HAL_Driver/Src/stm32f1xx_hal_tim.o
                0x00000000080033ec                HAL_TIM_Base_Init
 *fill*         0x000000000800348a        0x2 
 .text.HAL_TIM_Base_Start_IT
                0x000000000800348c       0xa4 Drivers/STM32F1xx_HAL_Driver/Src/stm32f1xx_hal_tim.o
                0x000000000800348c                HAL_TIM_Base_Start_IT
 .text.HAL_TIM_Base_Stop_IT
                0x0000000008003530       0x5c Drivers/STM32F1xx_HAL_Driver/Src/stm32f1xx_hal_tim.o
                0x0000000008003530                HAL_TIM_Base_Stop_IT
 .text.HAL_TIM_PWM_Init
                0x000000000800358c       0x9e Drivers/STM32F1xx_HAL_Driver/Src/stm32f1xx_hal_tim.o
                0x000000000800358c                HAL_TIM_PWM_Init
 .text.HAL_TIM_PWM_MspInit
                0x000000000800362a       0x12 Drivers/STM32F1xx_HAL_Driver/Src/stm32f1xx_hal_tim.o
                0x000000000800362a                HAL_TIM_PWM_MspInit
 .text.HAL_TIM_PWM_Start
                0x000000000800363c      0x144 Drivers/STM32F1xx_HAL_Driver/Src/stm32f1xx_hal_tim.o
                0x000000000800363c                HAL_TIM_PWM_Start
 .text.HAL_TIM_IRQHandler
                0x0000000008003780      0x210 Drivers/STM32F1xx_HAL_Driver/Src/stm32f1xx_hal_tim.o
                0x0000000008003780                HAL_TIM_IRQHandler
 .text.HAL_TIM_PWM_ConfigChannel
                0x0000000008003990      0x184 Drivers/STM32F1xx_HAL_Driver/Src/stm32f1xx_hal_tim.o
                0x0000000008003990                HAL_TIM_PWM_ConfigChannel
 .text.HAL_TIM_ConfigClockSource
                0x0000000008003b14      0x18e Drivers/STM32F1xx_HAL_Driver/Src/stm32f1xx_hal_tim.o
                0x0000000008003b14                HAL_TIM_ConfigClockSource
 .text.HAL_TIM_OC_DelayElapsedCallback
                0x0000000008003ca2       0x12 Drivers/STM32F1xx_HAL_Driver/Src/stm32f1xx_hal_tim.o
                0x0000000008003ca2                HAL_TIM_OC_DelayElapsedCallback
 .text.HAL_TIM_IC_CaptureCallback
                0x0000000008003cb4       0x12 Drivers/STM32F1xx_HAL_Driver/Src/stm32f1xx_hal_tim.o
                0x0000000008003cb4                HAL_TIM_IC_CaptureCallback
 .text.HAL_TIM_PWM_PulseFinishedCallback
                0x0000000008003cc6       0x12 Drivers/STM32F1xx_HAL_Driver/Src/stm32f1xx_hal_tim.o
                0x0000000008003cc6                HAL_TIM_PWM_PulseFinishedCallback
 .text.HAL_TIM_TriggerCallback
                0x0000000008003cd8       0x12 Drivers/STM32F1xx_HAL_Driver/Src/stm32f1xx_hal_tim.o
                0x0000000008003cd8                HAL_TIM_TriggerCallback
 *fill*         0x0000000008003cea        0x2 
 .text.TIM_Base_SetConfig
                0x0000000008003cec       0xc4 Drivers/STM32F1xx_HAL_Driver/Src/stm32f1xx_hal_tim.o
                0x0000000008003cec                TIM_Base_SetConfig
 .text.TIM_OC1_SetConfig
                0x0000000008003db0       0xcc Drivers/STM32F1xx_HAL_Driver/Src/stm32f1xx_hal_tim.o
 .text.TIM_OC2_SetConfig
                0x0000000008003e7c       0xd4 Drivers/STM32F1xx_HAL_Driver/Src/stm32f1xx_hal_tim.o
                0x0000000008003e7c                TIM_OC2_SetConfig
 .text.TIM_OC3_SetConfig
                0x0000000008003f50       0xd4 Drivers/STM32F1xx_HAL_Driver/Src/stm32f1xx_hal_tim.o
 .text.TIM_OC4_SetConfig
                0x0000000008004024       0x9c Drivers/STM32F1xx_HAL_Driver/Src/stm32f1xx_hal_tim.o
 .text.TIM_TI1_ConfigInputStage
                0x00000000080040c0       0x5c Drivers/STM32F1xx_HAL_Driver/Src/stm32f1xx_hal_tim.o
 .text.TIM_TI2_ConfigInputStage
                0x000000000800411c       0x5e Drivers/STM32F1xx_HAL_Driver/Src/stm32f1xx_hal_tim.o
 .text.TIM_ITRx_SetConfig
                0x000000000800417a       0x34 Drivers/STM32F1xx_HAL_Driver/Src/stm32f1xx_hal_tim.o
 .text.TIM_ETR_SetConfig
                0x00000000080041ae       0x3e Drivers/STM32F1xx_HAL_Driver/Src/stm32f1xx_hal_tim.o
                0x00000000080041ae                TIM_ETR_SetConfig
 .text.TIM_CCxChannelCmd
                0x00000000080041ec       0x48 Drivers/STM32F1xx_HAL_Driver/Src/stm32f1xx_hal_tim.o
                0x00000000080041ec                TIM_CCxChannelCmd
 .text.HAL_TIMEx_MasterConfigSynchronization
                0x0000000008004234       0xbc Drivers/STM32F1xx_HAL_Driver/Src/stm32f1xx_hal_tim_ex.o
                0x0000000008004234                HAL_TIMEx_MasterConfigSynchronization
 .text.HAL_TIMEx_CommutCallback
                0x00000000080042f0       0x12 Drivers/STM32F1xx_HAL_Driver/Src/stm32f1xx_hal_tim_ex.o
                0x00000000080042f0                HAL_TIMEx_CommutCallback
 .text.HAL_TIMEx_BreakCallback
                0x0000000008004302       0x12 Drivers/STM32F1xx_HAL_Driver/Src/stm32f1xx_hal_tim_ex.o
                0x0000000008004302                HAL_TIMEx_BreakCallback
 .text.USB_CoreInit
                0x0000000008004314       0x20 Drivers/STM32F1xx_HAL_Driver/Src/stm32f1xx_ll_usb.o
                0x0000000008004314                USB_CoreInit
 .text.USB_EnableGlobalInt
                0x0000000008004334       0x2c Drivers/STM32F1xx_HAL_Driver/Src/stm32f1xx_ll_usb.o
                0x0000000008004334                USB_EnableGlobalInt
 .text.USB_DisableGlobalInt
                0x0000000008004360       0x34 Drivers/STM32F1xx_HAL_Driver/Src/stm32f1xx_ll_usb.o
                0x0000000008004360                USB_DisableGlobalInt
 .text.USB_SetCurrentMode
                0x0000000008004394       0x18 Drivers/STM32F1xx_HAL_Driver/Src/stm32f1xx_ll_usb.o
                0x0000000008004394                USB_SetCurrentMode
 .text.USB_DevInit
                0x00000000080043ac       0x40 Drivers/STM32F1xx_HAL_Driver/Src/stm32f1xx_ll_usb.o
                0x00000000080043ac                USB_DevInit
 .text.USB_ActivateEndpoint
                0x00000000080043ec      0x780 Drivers/STM32F1xx_HAL_Driver/Src/stm32f1xx_ll_usb.o
                0x00000000080043ec                USB_ActivateEndpoint
 .text.USB_DeactivateEndpoint
                0x0000000008004b6c      0x3d8 Drivers/STM32F1xx_HAL_Driver/Src/stm32f1xx_ll_usb.o
                0x0000000008004b6c                USB_DeactivateEndpoint
 .text.USB_EPStartXfer
                0x0000000008004f44     0x1298 Drivers/STM32F1xx_HAL_Driver/Src/stm32f1xx_ll_usb.o
                0x0000000008004f44                USB_EPStartXfer
 .text.USB_EPSetStall
                0x00000000080061dc       0xa0 Drivers/STM32F1xx_HAL_Driver/Src/stm32f1xx_ll_usb.o
                0x00000000080061dc                USB_EPSetStall
 .text.USB_EPClearStall
                0x000000000800627c      0x15a Drivers/STM32F1xx_HAL_Driver/Src/stm32f1xx_ll_usb.o
                0x000000000800627c                USB_EPClearStall
 .text.USB_SetDevAddress
                0x00000000080063d6       0x26 Drivers/STM32F1xx_HAL_Driver/Src/stm32f1xx_ll_usb.o
                0x00000000080063d6                USB_SetDevAddress
 .text.USB_DevConnect
                0x00000000080063fc       0x14 Drivers/STM32F1xx_HAL_Driver/Src/stm32f1xx_ll_usb.o
                0x00000000080063fc                USB_DevConnect
 .text.USB_DevDisconnect
                0x0000000008006410       0x14 Drivers/STM32F1xx_HAL_Driver/Src/stm32f1xx_ll_usb.o
                0x0000000008006410                USB_DevDisconnect
 .text.USB_ReadInterrupts
                0x0000000008006424       0x1e Drivers/STM32F1xx_HAL_Driver/Src/stm32f1xx_ll_usb.o
                0x0000000008006424                USB_ReadInterrupts
 .text.USB_EP0_OutStart
                0x0000000008006442       0x16 Drivers/STM32F1xx_HAL_Driver/Src/stm32f1xx_ll_usb.o
                0x0000000008006442                USB_EP0_OutStart
 .text.USB_WritePMA
                0x0000000008006458       0x8a Drivers/STM32F1xx_HAL_Driver/Src/stm32f1xx_ll_usb.o
                0x0000000008006458                USB_WritePMA
 .text.USB_ReadPMA
                0x00000000080064e2       0x9e Drivers/STM32F1xx_HAL_Driver/Src/stm32f1xx_ll_usb.o
                0x00000000080064e2                USB_ReadPMA
 .text.USBD_CDC_Init
                0x0000000008006580       0xf4 Middlewares/ST/STM32_USB_Device_Library/Class/CDC/Src/usbd_cdc.o
 .text.USBD_CDC_DeInit
                0x0000000008006674       0x6e Middlewares/ST/STM32_USB_Device_Library/Class/CDC/Src/usbd_cdc.o
 .text.USBD_CDC_Setup
                0x00000000080066e2      0x146 Middlewares/ST/STM32_USB_Device_Library/Class/CDC/Src/usbd_cdc.o
 .text.USBD_CDC_DataIn
                0x0000000008006828       0xa6 Middlewares/ST/STM32_USB_Device_Library/Class/CDC/Src/usbd_cdc.o
 .text.USBD_CDC_DataOut
                0x00000000080068ce       0x56 Middlewares/ST/STM32_USB_Device_Library/Class/CDC/Src/usbd_cdc.o
 .text.USBD_CDC_EP0_RxReady
                0x0000000008006924       0x50 Middlewares/ST/STM32_USB_Device_Library/Class/CDC/Src/usbd_cdc.o
 .text.USBD_CDC_GetFSCfgDesc
                0x0000000008006974       0x20 Middlewares/ST/STM32_USB_Device_Library/Class/CDC/Src/usbd_cdc.o
 .text.USBD_CDC_GetHSCfgDesc
                0x0000000008006994       0x20 Middlewares/ST/STM32_USB_Device_Library/Class/CDC/Src/usbd_cdc.o
 .text.USBD_CDC_GetOtherSpeedCfgDesc
                0x00000000080069b4       0x20 Middlewares/ST/STM32_USB_Device_Library/Class/CDC/Src/usbd_cdc.o
 .text.USBD_CDC_GetDeviceQualifierDescriptor
                0x00000000080069d4       0x20 Middlewares/ST/STM32_USB_Device_Library/Class/CDC/Src/usbd_cdc.o
                0x00000000080069d4                USBD_CDC_GetDeviceQualifierDescriptor
 .text.USBD_CDC_RegisterInterface
                0x00000000080069f4       0x2c Middlewares/ST/STM32_USB_Device_Library/Class/CDC/Src/usbd_cdc.o
                0x00000000080069f4                USBD_CDC_RegisterInterface
 .text.USBD_CDC_SetTxBuffer
                0x0000000008006a20       0x32 Middlewares/ST/STM32_USB_Device_Library/Class/CDC/Src/usbd_cdc.o
                0x0000000008006a20                USBD_CDC_SetTxBuffer
 .text.USBD_CDC_SetRxBuffer
                0x0000000008006a52       0x26 Middlewares/ST/STM32_USB_Device_Library/Class/CDC/Src/usbd_cdc.o
                0x0000000008006a52                USBD_CDC_SetRxBuffer
 .text.USBD_CDC_TransmitPacket
                0x0000000008006a78       0x5e Middlewares/ST/STM32_USB_Device_Library/Class/CDC/Src/usbd_cdc.o
                0x0000000008006a78                USBD_CDC_TransmitPacket
 .text.USBD_CDC_ReceivePacket
                0x0000000008006ad6       0x54 Middlewares/ST/STM32_USB_Device_Library/Class/CDC/Src/usbd_cdc.o
                0x0000000008006ad6                USBD_CDC_ReceivePacket
 .text.USBD_Init
                0x0000000008006b2a       0x56 Middlewares/ST/STM32_USB_Device_Library/Core/Src/usbd_core.o
                0x0000000008006b2a                USBD_Init
 .text.USBD_RegisterClass
                0x0000000008006b80       0x32 Middlewares/ST/STM32_USB_Device_Library/Core/Src/usbd_core.o
                0x0000000008006b80                USBD_RegisterClass
 .text.USBD_Start
                0x0000000008006bb2       0x18 Middlewares/ST/STM32_USB_Device_Library/Core/Src/usbd_core.o
                0x0000000008006bb2                USBD_Start
 .text.USBD_RunTestMode
                0x0000000008006bca       0x14 Middlewares/ST/STM32_USB_Device_Library/Core/Src/usbd_core.o
                0x0000000008006bca                USBD_RunTestMode
 .text.USBD_SetClassConfig
                0x0000000008006bde       0x3e Middlewares/ST/STM32_USB_Device_Library/Core/Src/usbd_core.o
                0x0000000008006bde                USBD_SetClassConfig
 .text.USBD_ClrClassConfig
                0x0000000008006c1c       0x26 Middlewares/ST/STM32_USB_Device_Library/Core/Src/usbd_core.o
                0x0000000008006c1c                USBD_ClrClassConfig
 .text.USBD_LL_SetupStage
                0x0000000008006c42       0x9a Middlewares/ST/STM32_USB_Device_Library/Core/Src/usbd_core.o
                0x0000000008006c42                USBD_LL_SetupStage
 .text.USBD_LL_DataOutStage
                0x0000000008006cdc       0xe2 Middlewares/ST/STM32_USB_Device_Library/Core/Src/usbd_core.o
                0x0000000008006cdc                USBD_LL_DataOutStage
 .text.USBD_LL_DataInStage
                0x0000000008006dbe      0x14a Middlewares/ST/STM32_USB_Device_Library/Core/Src/usbd_core.o
                0x0000000008006dbe                USBD_LL_DataInStage
 .text.USBD_LL_Reset
                0x0000000008006f08       0x82 Middlewares/ST/STM32_USB_Device_Library/Core/Src/usbd_core.o
                0x0000000008006f08                USBD_LL_Reset
 .text.USBD_LL_SetSpeed
                0x0000000008006f8a       0x1e Middlewares/ST/STM32_USB_Device_Library/Core/Src/usbd_core.o
                0x0000000008006f8a                USBD_LL_SetSpeed
 .text.USBD_LL_Suspend
                0x0000000008006fa8       0x28 Middlewares/ST/STM32_USB_Device_Library/Core/Src/usbd_core.o
                0x0000000008006fa8                USBD_LL_Suspend
 .text.USBD_LL_Resume
                0x0000000008006fd0       0x2a Middlewares/ST/STM32_USB_Device_Library/Core/Src/usbd_core.o
                0x0000000008006fd0                USBD_LL_Resume
 .text.USBD_LL_SOF
                0x0000000008006ffa       0x34 Middlewares/ST/STM32_USB_Device_Library/Core/Src/usbd_core.o
                0x0000000008006ffa                USBD_LL_SOF
 *fill*         0x000000000800702e        0x2 
 .text.USBD_StdDevReq
                0x0000000008007030       0xd4 Middlewares/ST/STM32_USB_Device_Library/Core/Src/usbd_ctlreq.o
                0x0000000008007030                USBD_StdDevReq
 .text.USBD_StdItfReq
                0x0000000008007104       0x90 Middlewares/ST/STM32_USB_Device_Library/Core/Src/usbd_ctlreq.o
                0x0000000008007104                USBD_StdItfReq
 .text.USBD_StdEPReq
                0x0000000008007194      0x2c6 Middlewares/ST/STM32_USB_Device_Library/Core/Src/usbd_ctlreq.o
                0x0000000008007194                USBD_StdEPReq
 *fill*         0x000000000800745a        0x2 
 .text.USBD_GetDescriptor
                0x000000000800745c      0x2d0 Middlewares/ST/STM32_USB_Device_Library/Core/Src/usbd_ctlreq.o
 .text.USBD_SetAddress
                0x000000000800772c       0x86 Middlewares/ST/STM32_USB_Device_Library/Core/Src/usbd_ctlreq.o
 *fill*         0x00000000080077b2        0x2 
 .text.USBD_SetConfig
                0x00000000080077b4      0x11c Middlewares/ST/STM32_USB_Device_Library/Core/Src/usbd_ctlreq.o
 .text.USBD_GetConfig
                0x00000000080078d0       0x6a Middlewares/ST/STM32_USB_Device_Library/Core/Src/usbd_ctlreq.o
 .text.USBD_GetStatus
                0x000000000800793a       0x66 Middlewares/ST/STM32_USB_Device_Library/Core/Src/usbd_ctlreq.o
 .text.USBD_SetFeature
                0x00000000080079a0       0x28 Middlewares/ST/STM32_USB_Device_Library/Core/Src/usbd_ctlreq.o
 .text.USBD_ClrFeature
                0x00000000080079c8       0x42 Middlewares/ST/STM32_USB_Device_Library/Core/Src/usbd_ctlreq.o
 .text.USBD_ParseSetupRequest
                0x0000000008007a0a       0x78 Middlewares/ST/STM32_USB_Device_Library/Core/Src/usbd_ctlreq.o
                0x0000000008007a0a                USBD_ParseSetupRequest
 .text.USBD_CtlError
                0x0000000008007a82       0x22 Middlewares/ST/STM32_USB_Device_Library/Core/Src/usbd_ctlreq.o
                0x0000000008007a82                USBD_CtlError
 .text.USBD_GetString
                0x0000000008007aa4       0x84 Middlewares/ST/STM32_USB_Device_Library/Core/Src/usbd_ctlreq.o
                0x0000000008007aa4                USBD_GetString
 .text.USBD_GetLen
                0x0000000008007b28       0x2e Middlewares/ST/STM32_USB_Device_Library/Core/Src/usbd_ctlreq.o
 .text.USBD_CtlSendData
                0x0000000008007b56       0x38 Middlewares/ST/STM32_USB_Device_Library/Core/Src/usbd_ioreq.o
                0x0000000008007b56                USBD_CtlSendData
 .text.USBD_CtlContinueSendData
                0x0000000008007b8e       0x24 Middlewares/ST/STM32_USB_Device_Library/Core/Src/usbd_ioreq.o
                0x0000000008007b8e                USBD_CtlContinueSendData
 .text.USBD_CtlPrepareRx
                0x0000000008007bb2       0x3c Middlewares/ST/STM32_USB_Device_Library/Core/Src/usbd_ioreq.o
                0x0000000008007bb2                USBD_CtlPrepareRx
 .text.USBD_CtlContinueRx
                0x0000000008007bee       0x24 Middlewares/ST/STM32_USB_Device_Library/Core/Src/usbd_ioreq.o
                0x0000000008007bee                USBD_CtlContinueRx
 .text.USBD_CtlSendStatus
                0x0000000008007c12       0x26 Middlewares/ST/STM32_USB_Device_Library/Core/Src/usbd_ioreq.o
                0x0000000008007c12                USBD_CtlSendStatus
 .text.USBD_CtlReceiveStatus
                0x0000000008007c38       0x26 Middlewares/ST/STM32_USB_Device_Library/Core/Src/usbd_ioreq.o
                0x0000000008007c38                USBD_CtlReceiveStatus
 .text.makeFreeRtosPriority
                0x0000000008007c5e       0x2e Middlewares/Third_Party/FreeRTOS/Source/CMSIS_RTOS/cmsis_os.o
 .text.osKernelStart
                0x0000000008007c8c        0xe Middlewares/Third_Party/FreeRTOS/Source/CMSIS_RTOS/cmsis_os.o
                0x0000000008007c8c                osKernelStart
 .text.osThreadCreate
                0x0000000008007c9a       0x98 Middlewares/Third_Party/FreeRTOS/Source/CMSIS_RTOS/cmsis_os.o
                0x0000000008007c9a                osThreadCreate
 .text.osDelay  0x0000000008007d32       0x28 Middlewares/Third_Party/FreeRTOS/Source/CMSIS_RTOS/cmsis_os.o
                0x0000000008007d32                osDelay
 .text.vListInitialise
                0x0000000008007d5a       0x3e Middlewares/Third_Party/FreeRTOS/Source/list.o
                0x0000000008007d5a                vListInitialise
 .text.vListInitialiseItem
                0x0000000008007d98       0x18 Middlewares/Third_Party/FreeRTOS/Source/list.o
                0x0000000008007d98                vListInitialiseItem
 .text.vListInsertEnd
                0x0000000008007db0       0x46 Middlewares/Third_Party/FreeRTOS/Source/list.o
                0x0000000008007db0                vListInsertEnd
 .text.vListInsert
                0x0000000008007df6       0x70 Middlewares/Third_Party/FreeRTOS/Source/list.o
                0x0000000008007df6                vListInsert
 .text.uxListRemove
                0x0000000008007e66       0x52 Middlewares/Third_Party/FreeRTOS/Source/list.o
                0x0000000008007e66                uxListRemove
 .text.xQueueGenericReset
                0x0000000008007eb8       0xd0 Middlewares/Third_Party/FreeRTOS/Source/queue.o
                0x0000000008007eb8                xQueueGenericReset
 .text.xQueueGenericCreate
                0x0000000008007f88       0x7c Middlewares/Third_Party/FreeRTOS/Source/queue.o
                0x0000000008007f88                xQueueGenericCreate
 .text.prvInitialiseNewQueue
                0x0000000008008004       0x3e Middlewares/Third_Party/FreeRTOS/Source/queue.o
 .text.prvInitialiseMutex
                0x0000000008008042       0x34 Middlewares/Third_Party/FreeRTOS/Source/queue.o
 .text.xQueueCreateMutex
                0x0000000008008076       0x30 Middlewares/Third_Party/FreeRTOS/Source/queue.o
                0x0000000008008076                xQueueCreateMutex
 *fill*         0x00000000080080a6        0x2 
 .text.xQueueGenericSend
                0x00000000080080a8      0x1fc Middlewares/Third_Party/FreeRTOS/Source/queue.o
                0x00000000080080a8                xQueueGenericSend
 .text.xQueueSemaphoreTake
                0x00000000080082a4      0x218 Middlewares/Third_Party/FreeRTOS/Source/queue.o
                0x00000000080082a4                xQueueSemaphoreTake
 .text.prvGetDisinheritPriorityAfterTimeout
                0x00000000080084bc       0x2e Middlewares/Third_Party/FreeRTOS/Source/queue.o
 .text.prvCopyDataToQueue
                0x00000000080084ea       0xd4 Middlewares/Third_Party/FreeRTOS/Source/queue.o
 .text.prvUnlockQueue
                0x00000000080085be       0xa4 Middlewares/Third_Party/FreeRTOS/Source/queue.o
 .text.prvIsQueueEmpty
                0x0000000008008662       0x2c Middlewares/Third_Party/FreeRTOS/Source/queue.o
 .text.prvIsQueueFull
                0x000000000800868e       0x30 Middlewares/Third_Party/FreeRTOS/Source/queue.o
 .text.xTaskCreateStatic
                0x00000000080086be       0xb8 Middlewares/Third_Party/FreeRTOS/Source/tasks.o
                0x00000000080086be                xTaskCreateStatic
 .text.xTaskCreate
                0x0000000008008776       0x8a Middlewares/Third_Party/FreeRTOS/Source/tasks.o
                0x0000000008008776                xTaskCreate
 .text.prvInitialiseNewTask
                0x0000000008008800       0xfe Middlewares/Third_Party/FreeRTOS/Source/tasks.o
 *fill*         0x00000000080088fe        0x2 
 .text.prvAddNewTaskToReadyList
                0x0000000008008900       0xd4 Middlewares/Third_Party/FreeRTOS/Source/tasks.o
 .text.vTaskDelay
                0x00000000080089d4       0x68 Middlewares/Third_Party/FreeRTOS/Source/tasks.o
                0x00000000080089d4                vTaskDelay
 .text.vTaskStartScheduler
                0x0000000008008a3c       0xc0 Middlewares/Third_Party/FreeRTOS/Source/tasks.o
                0x0000000008008a3c                vTaskStartScheduler
 .text.vTaskSuspendAll
                0x0000000008008afc       0x1c Middlewares/Third_Party/FreeRTOS/Source/tasks.o
                0x0000000008008afc                vTaskSuspendAll
 .text.xTaskResumeAll
                0x0000000008008b18      0x138 Middlewares/Third_Party/FreeRTOS/Source/tasks.o
                0x0000000008008b18                xTaskResumeAll
 .text.xTaskIncrementTick
                0x0000000008008c50      0x17c Middlewares/Third_Party/FreeRTOS/Source/tasks.o
                0x0000000008008c50                xTaskIncrementTick
 .text.vTaskSwitchContext
                0x0000000008008dcc       0xb4 Middlewares/Third_Party/FreeRTOS/Source/tasks.o
                0x0000000008008dcc                vTaskSwitchContext
 .text.vTaskPlaceOnEventList
                0x0000000008008e80       0x48 Middlewares/Third_Party/FreeRTOS/Source/tasks.o
                0x0000000008008e80                vTaskPlaceOnEventList
 .text.xTaskRemoveFromEventList
                0x0000000008008ec8       0xc4 Middlewares/Third_Party/FreeRTOS/Source/tasks.o
                0x0000000008008ec8                xTaskRemoveFromEventList
 .text.vTaskInternalSetTimeOutState
                0x0000000008008f8c       0x2c Middlewares/Third_Party/FreeRTOS/Source/tasks.o
                0x0000000008008f8c                vTaskInternalSetTimeOutState
 .text.xTaskCheckForTimeOut
                0x0000000008008fb8       0xc4 Middlewares/Third_Party/FreeRTOS/Source/tasks.o
                0x0000000008008fb8                xTaskCheckForTimeOut
 .text.vTaskMissedYield
                0x000000000800907c       0x18 Middlewares/Third_Party/FreeRTOS/Source/tasks.o
                0x000000000800907c                vTaskMissedYield
 .text.prvIdleTask
                0x0000000008009094       0x30 Middlewares/Third_Party/FreeRTOS/Source/tasks.o
 .text.prvInitialiseTaskLists
                0x00000000080090c4       0x80 Middlewares/Third_Party/FreeRTOS/Source/tasks.o
 .text.prvCheckTasksWaitingTermination
                0x0000000008009144       0x5c Middlewares/Third_Party/FreeRTOS/Source/tasks.o
 .text.prvDeleteTCB
                0x00000000080091a0       0x5e Middlewares/Third_Party/FreeRTOS/Source/tasks.o
 *fill*         0x00000000080091fe        0x2 
 .text.prvResetNextTaskUnblockTime
                0x0000000008009200       0x48 Middlewares/Third_Party/FreeRTOS/Source/tasks.o
 .text.xTaskGetSchedulerState
                0x0000000008009248       0x3c Middlewares/Third_Party/FreeRTOS/Source/tasks.o
                0x0000000008009248                xTaskGetSchedulerState
 .text.xTaskPriorityInherit
                0x0000000008009284      0x10c Middlewares/Third_Party/FreeRTOS/Source/tasks.o
                0x0000000008009284                xTaskPriorityInherit
 .text.xTaskPriorityDisinherit
                0x0000000008009390      0x10c Middlewares/Third_Party/FreeRTOS/Source/tasks.o
                0x0000000008009390                xTaskPriorityDisinherit
 .text.vTaskPriorityDisinheritAfterTimeout
                0x000000000800949c      0x140 Middlewares/Third_Party/FreeRTOS/Source/tasks.o
                0x000000000800949c                vTaskPriorityDisinheritAfterTimeout
 .text.pvTaskIncrementMutexHeldCount
                0x00000000080095dc       0x28 Middlewares/Third_Party/FreeRTOS/Source/tasks.o
                0x00000000080095dc                pvTaskIncrementMutexHeldCount
 .text.prvAddCurrentTaskToDelayedList
                0x0000000008009604       0xcc Middlewares/Third_Party/FreeRTOS/Source/tasks.o
 .text.pxPortInitialiseStack
                0x00000000080096d0       0x58 Middlewares/Third_Party/FreeRTOS/Source/portable/GCC/ARM_CM3/port.o
                0x00000000080096d0                pxPortInitialiseStack
 .text.prvTaskExitError
                0x0000000008009728       0x58 Middlewares/Third_Party/FreeRTOS/Source/portable/GCC/ARM_CM3/port.o
 .text.SVC_Handler
                0x0000000008009780       0x28 Middlewares/Third_Party/FreeRTOS/Source/portable/GCC/ARM_CM3/port.o
                0x0000000008009780                SVC_Handler
 .text.prvPortStartFirstTask
                0x00000000080097a8       0x20 Middlewares/Third_Party/FreeRTOS/Source/portable/GCC/ARM_CM3/port.o
 .text.xPortStartScheduler
                0x00000000080097c8       0xe4 Middlewares/Third_Party/FreeRTOS/Source/portable/GCC/ARM_CM3/port.o
                0x00000000080097c8                xPortStartScheduler
 .text.vPortEnterCritical
                0x00000000080098ac       0x60 Middlewares/Third_Party/FreeRTOS/Source/portable/GCC/ARM_CM3/port.o
                0x00000000080098ac                vPortEnterCritical
 .text.vPortExitCritical
                0x000000000800990c       0x50 Middlewares/Third_Party/FreeRTOS/Source/portable/GCC/ARM_CM3/port.o
                0x000000000800990c                vPortExitCritical
 *fill*         0x000000000800995c        0x4 
 .text.PendSV_Handler
                0x0000000008009960       0x48 Middlewares/Third_Party/FreeRTOS/Source/portable/GCC/ARM_CM3/port.o
                0x0000000008009960                PendSV_Handler
 .text.SysTick_Handler
                0x00000000080099a8       0x44 Middlewares/Third_Party/FreeRTOS/Source/portable/GCC/ARM_CM3/port.o
                0x00000000080099a8                SysTick_Handler
 .text.vPortSetupTimerInterrupt
                0x00000000080099ec       0x44 Middlewares/Third_Party/FreeRTOS/Source/portable/GCC/ARM_CM3/port.o
                0x00000000080099ec                vPortSetupTimerInterrupt
 .text.pvPortMalloc
                0x0000000008009a30      0x188 Middlewares/Third_Party/FreeRTOS/Source/portable/MemMang/heap_4.o
                0x0000000008009a30                pvPortMalloc
 .text.vPortFree
                0x0000000008009bb8       0xb4 Middlewares/Third_Party/FreeRTOS/Source/portable/MemMang/heap_4.o
                0x0000000008009bb8                vPortFree
 .text.prvHeapInit
                0x0000000008009c6c       0xc4 Middlewares/Third_Party/FreeRTOS/Source/portable/MemMang/heap_4.o
 .text.prvInsertBlockIntoFreeList
                0x0000000008009d30       0xb0 Middlewares/Third_Party/FreeRTOS/Source/portable/MemMang/heap_4.o
 .text.cnc_init
                0x0000000008009de0       0x9c Modules/cnc_2d/Src/cnc_2d.o
                0x0000000008009de0                cnc_init
 .text.cnc_DriveM
                0x0000000008009e7c       0x4a Modules/cnc_2d/Src/cnc_2d.o
                0x0000000008009e7c                cnc_DriveM
 .text.Servo_Init
                0x0000000008009ec6       0x2c Modules/drivers/Src/SG90_controller.o
                0x0000000008009ec6                Servo_Init
 *fill*         0x0000000008009ef2        0x2 
 .text.Servo_Goto
                0x0000000008009ef4       0x68 Modules/drivers/Src/SG90_controller.o
                0x0000000008009ef4                Servo_Goto
 .text.Servo_Start
                0x0000000008009f5c       0x2a Modules/drivers/Src/SG90_controller.o
                0x0000000008009f5c                Servo_Start
 *fill*         0x0000000008009f86        0x2 
 .text.StM_Pin_Conf
                0x0000000008009f88       0xb4 Modules/drivers/Src/Step_Driver.o
                0x0000000008009f88                StM_Pin_Conf
 .text.StM_Conf_Init
                0x000000000800a03c       0x84 Modules/drivers/Src/Step_Driver.o
                0x000000000800a03c                StM_Conf_Init
 .text.GoToStep
                0x000000000800a0c0       0x28 Modules/drivers/Src/Step_Driver.o
                0x000000000800a0c0                GoToStep
 .text.STM_Step
                0x000000000800a0e8       0x40 Modules/drivers/Src/Step_Driver.o
                0x000000000800a0e8                STM_Step
 .text.Com_Init
                0x000000000800a128       0x30 Modules/utility/Src/Com_api.o
                0x000000000800a128                Com_Init
 .text.Com_Transmit
                0x000000000800a158       0x50 Modules/utility/Src/Com_api.o
                0x000000000800a158                Com_Transmit
 .text.Com_Receive
                0x000000000800a1a8       0x90 Modules/utility/Src/Com_api.o
                0x000000000800a1a8                Com_Receive
 .text.G_Code_Init
                0x000000000800a238       0x1c Modules/utility/Src/G_code.o
                0x000000000800a238                G_Code_Init
 .text.Buf_Init
                0x000000000800a254       0x5e Modules/utility/Src/Queue_job_manager.o
                0x000000000800a254                Buf_Init
 *fill*         0x000000000800a2b2        0x2 
 .text.Buf_Queue
                0x000000000800a2b4       0xb8 Modules/utility/Src/Queue_job_manager.o
                0x000000000800a2b4                Buf_Queue
 .text.Buf_Dequeue
                0x000000000800a36c       0xc8 Modules/utility/Src/Queue_job_manager.o
                0x000000000800a36c                Buf_Dequeue
 .text.Buf_IsFull
                0x000000000800a434       0x44 Modules/utility/Src/Queue_job_manager.o
                0x000000000800a434                Buf_IsFull
 .text.Buf_IsEmpty
                0x000000000800a478       0x24 Modules/utility/Src/Queue_job_manager.o
                0x000000000800a478                Buf_IsEmpty
 .text.MX_USB_DEVICE_Init
                0x000000000800a49c       0x60 USB_DEVICE/App/usb_device.o
                0x000000000800a49c                MX_USB_DEVICE_Init
 .text.CDC_Init_FS
                0x000000000800a4fc       0x28 USB_DEVICE/App/usbd_cdc_if.o
 .text.CDC_DeInit_FS
                0x000000000800a524        0xe USB_DEVICE/App/usbd_cdc_if.o
 *fill*         0x000000000800a532        0x2 
 .text.CDC_Control_FS
                0x000000000800a534       0xbc USB_DEVICE/App/usbd_cdc_if.o
 .text.CDC_Receive_FS
                0x000000000800a5f0       0x60 USB_DEVICE/App/usbd_cdc_if.o
 .text.CDC_Transmit_FS
                0x000000000800a650       0x4c USB_DEVICE/App/usbd_cdc_if.o
                0x000000000800a650                CDC_Transmit_FS
 .text.USBD_FS_DeviceDescriptor
                0x000000000800a69c       0x24 USB_DEVICE/App/usbd_desc.o
                0x000000000800a69c                USBD_FS_DeviceDescriptor
 .text.USBD_FS_LangIDStrDescriptor
                0x000000000800a6c0       0x24 USB_DEVICE/App/usbd_desc.o
                0x000000000800a6c0                USBD_FS_LangIDStrDescriptor
 .text.USBD_FS_ProductStrDescriptor
                0x000000000800a6e4       0x3c USB_DEVICE/App/usbd_desc.o
                0x000000000800a6e4                USBD_FS_ProductStrDescriptor
 .text.USBD_FS_ManufacturerStrDescriptor
                0x000000000800a720       0x28 USB_DEVICE/App/usbd_desc.o
                0x000000000800a720                USBD_FS_ManufacturerStrDescriptor
 .text.USBD_FS_SerialStrDescriptor
                0x000000000800a748       0x24 USB_DEVICE/App/usbd_desc.o
                0x000000000800a748                USBD_FS_SerialStrDescriptor
 .text.USBD_FS_ConfigStrDescriptor
                0x000000000800a76c       0x3c USB_DEVICE/App/usbd_desc.o
                0x000000000800a76c                USBD_FS_ConfigStrDescriptor
 .text.USBD_FS_InterfaceStrDescriptor
                0x000000000800a7a8       0x3c USB_DEVICE/App/usbd_desc.o
                0x000000000800a7a8                USBD_FS_InterfaceStrDescriptor
 .text.Get_SerialNum
                0x000000000800a7e4       0x58 USB_DEVICE/App/usbd_desc.o
 .text.IntToUnicode
                0x000000000800a83c       0x7c USB_DEVICE/App/usbd_desc.o
 .text.HAL_PCD_MspInit
                0x000000000800a8b8       0x4c USB_DEVICE/Target/usbd_conf.o
                0x000000000800a8b8                HAL_PCD_MspInit
 .text.HAL_PCD_SetupStageCallback
                0x000000000800a904       0x24 USB_DEVICE/Target/usbd_conf.o
                0x000000000800a904                HAL_PCD_SetupStageCallback
 .text.HAL_PCD_DataOutStageCallback
                0x000000000800a928       0x36 USB_DEVICE/Target/usbd_conf.o
                0x000000000800a928                HAL_PCD_DataOutStageCallback
 .text.HAL_PCD_DataInStageCallback
                0x000000000800a95e       0x34 USB_DEVICE/Target/usbd_conf.o
                0x000000000800a95e                HAL_PCD_DataInStageCallback
 .text.HAL_PCD_SOFCallback
                0x000000000800a992       0x1c USB_DEVICE/Target/usbd_conf.o
                0x000000000800a992                HAL_PCD_SOFCallback
 .text.HAL_PCD_ResetCallback
                0x000000000800a9ae       0x3c USB_DEVICE/Target/usbd_conf.o
                0x000000000800a9ae                HAL_PCD_ResetCallback
 *fill*         0x000000000800a9ea        0x2 
 .text.HAL_PCD_SuspendCallback
                0x000000000800a9ec       0x34 USB_DEVICE/Target/usbd_conf.o
                0x000000000800a9ec                HAL_PCD_SuspendCallback
 .text.HAL_PCD_ResumeCallback
                0x000000000800aa20       0x1c USB_DEVICE/Target/usbd_conf.o
                0x000000000800aa20                HAL_PCD_ResumeCallback
 .text.USBD_LL_Init
                0x000000000800aa3c       0xb4 USB_DEVICE/Target/usbd_conf.o
                0x000000000800aa3c                USBD_LL_Init
 .text.USBD_LL_Start
                0x000000000800aaf0       0x36 USB_DEVICE/Target/usbd_conf.o
                0x000000000800aaf0                USBD_LL_Start
 .text.USBD_LL_OpenEP
                0x000000000800ab26       0x4c USB_DEVICE/Target/usbd_conf.o
                0x000000000800ab26                USBD_LL_OpenEP
 .text.USBD_LL_CloseEP
                0x000000000800ab72       0x3e USB_DEVICE/Target/usbd_conf.o
                0x000000000800ab72                USBD_LL_CloseEP
 .text.USBD_LL_StallEP
                0x000000000800abb0       0x3e USB_DEVICE/Target/usbd_conf.o
                0x000000000800abb0                USBD_LL_StallEP
 .text.USBD_LL_ClearStallEP
                0x000000000800abee       0x3e USB_DEVICE/Target/usbd_conf.o
                0x000000000800abee                USBD_LL_ClearStallEP
 .text.USBD_LL_IsStallEP
                0x000000000800ac2c       0x58 USB_DEVICE/Target/usbd_conf.o
                0x000000000800ac2c                USBD_LL_IsStallEP
 .text.USBD_LL_SetUSBAddress
                0x000000000800ac84       0x3e USB_DEVICE/Target/usbd_conf.o
                0x000000000800ac84                USBD_LL_SetUSBAddress
 .text.USBD_LL_Transmit
                0x000000000800acc2       0x46 USB_DEVICE/Target/usbd_conf.o
                0x000000000800acc2                USBD_LL_Transmit
 .text.USBD_LL_PrepareReceive
                0x000000000800ad08       0x46 USB_DEVICE/Target/usbd_conf.o
                0x000000000800ad08                USBD_LL_PrepareReceive
 .text.USBD_LL_GetRxDataSize
                0x000000000800ad4e       0x26 USB_DEVICE/Target/usbd_conf.o
                0x000000000800ad4e                USBD_LL_GetRxDataSize
 .text.USBD_static_malloc
                0x000000000800ad74       0x18 USB_DEVICE/Target/usbd_conf.o
                0x000000000800ad74                USBD_static_malloc
 .text.USBD_static_free
                0x000000000800ad8c       0x12 USB_DEVICE/Target/usbd_conf.o
                0x000000000800ad8c                USBD_static_free
 .text.HAL_PCDEx_SetConnectionState
                0x000000000800ad9e       0x16 USB_DEVICE/Target/usbd_conf.o
                0x000000000800ad9e                HAL_PCDEx_SetConnectionState
 .text.USBD_Get_USB_Status
                0x000000000800adb4       0x58 USB_DEVICE/Target/usbd_conf.o
 .text.__libc_init_array
                0x000000000800ae0c       0x48 c:/st/stm32cubeide_1.0.2/stm32cubeide/plugins/com.st.stm32cube.ide.mcu.externaltools.gnu-tools-for-stm32.9-2020-q2-update.win32_1.5.0.202011040924/tools/bin/../lib/gcc/arm-none-eabi/9.3.1/../../../../arm-none-eabi/lib/thumb/v7-m/nofp\libc_nano.a(lib_a-init.o)
                0x000000000800ae0c                __libc_init_array
 .text.memcpy   0x000000000800ae54       0x1c c:/st/stm32cubeide_1.0.2/stm32cubeide/plugins/com.st.stm32cube.ide.mcu.externaltools.gnu-tools-for-stm32.9-2020-q2-update.win32_1.5.0.202011040924/tools/bin/../lib/gcc/arm-none-eabi/9.3.1/../../../../arm-none-eabi/lib/thumb/v7-m/nofp\libc_nano.a(lib_a-memcpy-stub.o)
                0x000000000800ae54                memcpy
 .text.memset   0x000000000800ae70       0x10 c:/st/stm32cubeide_1.0.2/stm32cubeide/plugins/com.st.stm32cube.ide.mcu.externaltools.gnu-tools-for-stm32.9-2020-q2-update.win32_1.5.0.202011040924/tools/bin/../lib/gcc/arm-none-eabi/9.3.1/../../../../arm-none-eabi/lib/thumb/v7-m/nofp\libc_nano.a(lib_a-memset.o)
                0x000000000800ae70                memset
 *(.glue_7)
 .glue_7        0x000000000800ae80        0x0 linker stubs
 *(.glue_7t)
 .glue_7t       0x000000000800ae80        0x0 linker stubs
 *(.eh_frame)
 .eh_frame      0x000000000800ae80        0x0 c:/st/stm32cubeide_1.0.2/stm32cubeide/plugins/com.st.stm32cube.ide.mcu.externaltools.gnu-tools-for-stm32.9-2020-q2-update.win32_1.5.0.202011040924/tools/bin/../lib/gcc/arm-none-eabi/9.3.1/thumb/v7-m/nofp/crtbegin.o
 *(.init)
 .init          0x000000000800ae80        0x4 c:/st/stm32cubeide_1.0.2/stm32cubeide/plugins/com.st.stm32cube.ide.mcu.externaltools.gnu-tools-for-stm32.9-2020-q2-update.win32_1.5.0.202011040924/tools/bin/../lib/gcc/arm-none-eabi/9.3.1/thumb/v7-m/nofp/crti.o
                0x000000000800ae80                _init
 .init          0x000000000800ae84        0x8 c:/st/stm32cubeide_1.0.2/stm32cubeide/plugins/com.st.stm32cube.ide.mcu.externaltools.gnu-tools-for-stm32.9-2020-q2-update.win32_1.5.0.202011040924/tools/bin/../lib/gcc/arm-none-eabi/9.3.1/thumb/v7-m/nofp/crtn.o
 *(.fini)
 .fini          0x000000000800ae8c        0x4 c:/st/stm32cubeide_1.0.2/stm32cubeide/plugins/com.st.stm32cube.ide.mcu.externaltools.gnu-tools-for-stm32.9-2020-q2-update.win32_1.5.0.202011040924/tools/bin/../lib/gcc/arm-none-eabi/9.3.1/thumb/v7-m/nofp/crti.o
                0x000000000800ae8c                _fini
 .fini          0x000000000800ae90        0x8 c:/st/stm32cubeide_1.0.2/stm32cubeide/plugins/com.st.stm32cube.ide.mcu.externaltools.gnu-tools-for-stm32.9-2020-q2-update.win32_1.5.0.202011040924/tools/bin/../lib/gcc/arm-none-eabi/9.3.1/thumb/v7-m/nofp/crtn.o
                0x000000000800ae98                . = ALIGN (0x4)
                0x000000000800ae98                _etext = .

.vfp11_veneer   0x000000000800ae98        0x0
 .vfp11_veneer  0x000000000800ae98        0x0 linker stubs

.v4_bx          0x000000000800ae98        0x0
 .v4_bx         0x000000000800ae98        0x0 linker stubs

.iplt           0x000000000800ae98        0x0
 .iplt          0x000000000800ae98        0x0 c:/st/stm32cubeide_1.0.2/stm32cubeide/plugins/com.st.stm32cube.ide.mcu.externaltools.gnu-tools-for-stm32.9-2020-q2-update.win32_1.5.0.202011040924/tools/bin/../lib/gcc/arm-none-eabi/9.3.1/thumb/v7-m/nofp/crtbegin.o

.rodata         0x000000000800ae98       0xd4
                0x000000000800ae98                . = ALIGN (0x4)
 *(.rodata)
 .rodata        0x000000000800ae98       0x4c Core/Src/main.o
 .rodata        0x000000000800aee4        0x5 Middlewares/Third_Party/FreeRTOS/Source/tasks.o
 *fill*         0x000000000800aee9        0x3 
 .rodata        0x000000000800aeec        0x9 Modules/utility/Src/Com_api.o
 *fill*         0x000000000800aef5        0x3 
 .rodata        0x000000000800aef8       0x46 USB_DEVICE/App/usbd_desc.o
 *(.rodata*)
 *fill*         0x000000000800af3e        0x2 
 .rodata.AHBPrescTable
                0x000000000800af40       0x10 Core/Src/system_stm32f1xx.o
                0x000000000800af40                AHBPrescTable
 .rodata.APBPrescTable
                0x000000000800af50        0x8 Core/Src/system_stm32f1xx.o
                0x000000000800af50                APBPrescTable
 .rodata.aPLLMULFactorTable.6346
                0x000000000800af58       0x10 Drivers/STM32F1xx_HAL_Driver/Src/stm32f1xx_hal_rcc.o
 .rodata.aPredivFactorTable.6347
                0x000000000800af68        0x2 Drivers/STM32F1xx_HAL_Driver/Src/stm32f1xx_hal_rcc.o
                0x000000000800af6c                . = ALIGN (0x4)
 *fill*         0x000000000800af6a        0x2 

.rel.dyn        0x000000000800af6c        0x0
 .rel.iplt      0x000000000800af6c        0x0 c:/st/stm32cubeide_1.0.2/stm32cubeide/plugins/com.st.stm32cube.ide.mcu.externaltools.gnu-tools-for-stm32.9-2020-q2-update.win32_1.5.0.202011040924/tools/bin/../lib/gcc/arm-none-eabi/9.3.1/thumb/v7-m/nofp/crtbegin.o

.ARM.extab      0x000000000800af6c        0x0
                0x000000000800af6c                . = ALIGN (0x4)
 *(.ARM.extab* .gnu.linkonce.armextab.*)
                0x000000000800af6c                . = ALIGN (0x4)

.ARM            0x000000000800af6c        0x0
                0x000000000800af6c                . = ALIGN (0x4)
                0x000000000800af6c                __exidx_start = .
 *(.ARM.exidx*)
                0x000000000800af6c                __exidx_end = .
                0x000000000800af6c                . = ALIGN (0x4)

.preinit_array  0x000000000800af6c        0x0
                0x000000000800af6c                . = ALIGN (0x4)
                0x000000000800af6c                PROVIDE (__preinit_array_start = .)
 *(.preinit_array*)
                0x000000000800af6c                PROVIDE (__preinit_array_end = .)
                0x000000000800af6c                . = ALIGN (0x4)

.init_array     0x000000000800af6c        0x4
                0x000000000800af6c                . = ALIGN (0x4)
                0x000000000800af6c                PROVIDE (__init_array_start = .)
 *(SORT_BY_NAME(.init_array.*))
 *(.init_array*)
 .init_array    0x000000000800af6c        0x4 c:/st/stm32cubeide_1.0.2/stm32cubeide/plugins/com.st.stm32cube.ide.mcu.externaltools.gnu-tools-for-stm32.9-2020-q2-update.win32_1.5.0.202011040924/tools/bin/../lib/gcc/arm-none-eabi/9.3.1/thumb/v7-m/nofp/crtbegin.o
                0x000000000800af70                PROVIDE (__init_array_end = .)
                0x000000000800af70                . = ALIGN (0x4)

.fini_array     0x000000000800af70        0x4
                0x000000000800af70                . = ALIGN (0x4)
                [!provide]                        PROVIDE (__fini_array_start = .)
 *(SORT_BY_NAME(.fini_array.*))
 *(.fini_array*)
 .fini_array    0x000000000800af70        0x4 c:/st/stm32cubeide_1.0.2/stm32cubeide/plugins/com.st.stm32cube.ide.mcu.externaltools.gnu-tools-for-stm32.9-2020-q2-update.win32_1.5.0.202011040924/tools/bin/../lib/gcc/arm-none-eabi/9.3.1/thumb/v7-m/nofp/crtbegin.o
                [!provide]                        PROVIDE (__fini_array_end = .)
                0x000000000800af74                . = ALIGN (0x4)
                0x000000000800af74                _sidata = LOADADDR (.data)

.data           0x0000000020000000      0x180 load address 0x000000000800af74
                0x0000000020000000                . = ALIGN (0x4)
                0x0000000020000000                _sdata = .
 *(.data)
 *(.data*)
 .data.SystemCoreClock
                0x0000000020000000        0x4 Core/Src/system_stm32f1xx.o
                0x0000000020000000                SystemCoreClock
 .data.uwTickPrio
                0x0000000020000004        0x4 Drivers/STM32F1xx_HAL_Driver/Src/stm32f1xx_hal.o
                0x0000000020000004                uwTickPrio
 .data.uwTickFreq
                0x0000000020000008        0x1 Drivers/STM32F1xx_HAL_Driver/Src/stm32f1xx_hal.o
                0x0000000020000008                uwTickFreq
 *fill*         0x0000000020000009        0x3 
 .data.USBD_CDC_DeviceQualifierDesc
                0x000000002000000c        0xa Middlewares/ST/STM32_USB_Device_Library/Class/CDC/Src/usbd_cdc.o
 *fill*         0x0000000020000016        0x2 
 .data.USBD_CDC
                0x0000000020000018       0x38 Middlewares/ST/STM32_USB_Device_Library/Class/CDC/Src/usbd_cdc.o
                0x0000000020000018                USBD_CDC
 .data.USBD_CDC_CfgHSDesc
                0x0000000020000050       0x43 Middlewares/ST/STM32_USB_Device_Library/Class/CDC/Src/usbd_cdc.o
                0x0000000020000050                USBD_CDC_CfgHSDesc
 *fill*         0x0000000020000093        0x1 
 .data.USBD_CDC_CfgFSDesc
                0x0000000020000094       0x43 Middlewares/ST/STM32_USB_Device_Library/Class/CDC/Src/usbd_cdc.o
                0x0000000020000094                USBD_CDC_CfgFSDesc
 *fill*         0x00000000200000d7        0x1 
 .data.USBD_CDC_OtherSpeedCfgDesc
                0x00000000200000d8       0x43 Middlewares/ST/STM32_USB_Device_Library/Class/CDC/Src/usbd_cdc.o
                0x00000000200000d8                USBD_CDC_OtherSpeedCfgDesc
 *fill*         0x000000002000011b        0x1 
 .data.uxCriticalNesting
                0x000000002000011c        0x4 Middlewares/Third_Party/FreeRTOS/Source/portable/GCC/ARM_CM3/port.o
 .data.USBD_Interface_fops_FS
                0x0000000020000120       0x10 USB_DEVICE/App/usbd_cdc_if.o
                0x0000000020000120                USBD_Interface_fops_FS
 .data.FS_Desc  0x0000000020000130       0x1c USB_DEVICE/App/usbd_desc.o
                0x0000000020000130                FS_Desc
 .data.USBD_FS_DeviceDesc
                0x000000002000014c       0x12 USB_DEVICE/App/usbd_desc.o
                0x000000002000014c                USBD_FS_DeviceDesc
 *fill*         0x000000002000015e        0x2 
 .data.USBD_LangIDDesc
                0x0000000020000160        0x4 USB_DEVICE/App/usbd_desc.o
                0x0000000020000160                USBD_LangIDDesc
 .data.USBD_StringSerial
                0x0000000020000164       0x1a USB_DEVICE/App/usbd_desc.o
                0x0000000020000164                USBD_StringSerial
                0x0000000020000180                . = ALIGN (0x4)
 *fill*         0x000000002000017e        0x2 
                0x0000000020000180                _edata = .

.igot.plt       0x0000000020000180        0x0 load address 0x000000000800b0f4
 .igot.plt      0x0000000020000180        0x0 c:/st/stm32cubeide_1.0.2/stm32cubeide/plugins/com.st.stm32cube.ide.mcu.externaltools.gnu-tools-for-stm32.9-2020-q2-update.win32_1.5.0.202011040924/tools/bin/../lib/gcc/arm-none-eabi/9.3.1/thumb/v7-m/nofp/crtbegin.o
                0x0000000020000180                . = ALIGN (0x4)

.bss            0x0000000020000180     0x31bc load address 0x000000000800b0f4
                0x0000000020000180                _sbss = .
                0x0000000020000180                __bss_start__ = _sbss
 *(.bss)
 .bss           0x0000000020000180       0x1c c:/st/stm32cubeide_1.0.2/stm32cubeide/plugins/com.st.stm32cube.ide.mcu.externaltools.gnu-tools-for-stm32.9-2020-q2-update.win32_1.5.0.202011040924/tools/bin/../lib/gcc/arm-none-eabi/9.3.1/thumb/v7-m/nofp/crtbegin.o
 *(.bss*)
 .bss.xIdleTaskTCBBuffer
                0x000000002000019c       0x54 Core/Src/freertos.o
 .bss.xIdleStack
                0x00000000200001f0      0x200 Core/Src/freertos.o
 .bss.cfgidx.8283
                0x00000000200003f0        0x1 Middlewares/ST/STM32_USB_Device_Library/Core/Src/usbd_ctlreq.o
 *fill*         0x00000000200003f1        0x3 
 .bss.pxCurrentTCB
                0x00000000200003f4        0x4 Middlewares/Third_Party/FreeRTOS/Source/tasks.o
                0x00000000200003f4                pxCurrentTCB
 .bss.pxReadyTasksLists
                0x00000000200003f8       0x8c Middlewares/Third_Party/FreeRTOS/Source/tasks.o
 .bss.xDelayedTaskList1
                0x0000000020000484       0x14 Middlewares/Third_Party/FreeRTOS/Source/tasks.o
 .bss.xDelayedTaskList2
                0x0000000020000498       0x14 Middlewares/Third_Party/FreeRTOS/Source/tasks.o
 .bss.pxDelayedTaskList
                0x00000000200004ac        0x4 Middlewares/Third_Party/FreeRTOS/Source/tasks.o
 .bss.pxOverflowDelayedTaskList
                0x00000000200004b0        0x4 Middlewares/Third_Party/FreeRTOS/Source/tasks.o
 .bss.xPendingReadyList
                0x00000000200004b4       0x14 Middlewares/Third_Party/FreeRTOS/Source/tasks.o
 .bss.xTasksWaitingTermination
                0x00000000200004c8       0x14 Middlewares/Third_Party/FreeRTOS/Source/tasks.o
 .bss.uxDeletedTasksWaitingCleanUp
                0x00000000200004dc        0x4 Middlewares/Third_Party/FreeRTOS/Source/tasks.o
 .bss.xSuspendedTaskList
                0x00000000200004e0       0x14 Middlewares/Third_Party/FreeRTOS/Source/tasks.o
 .bss.uxCurrentNumberOfTasks
                0x00000000200004f4        0x4 Middlewares/Third_Party/FreeRTOS/Source/tasks.o
 .bss.xTickCount
                0x00000000200004f8        0x4 Middlewares/Third_Party/FreeRTOS/Source/tasks.o
 .bss.uxTopReadyPriority
                0x00000000200004fc        0x4 Middlewares/Third_Party/FreeRTOS/Source/tasks.o
 .bss.xSchedulerRunning
                0x0000000020000500        0x4 Middlewares/Third_Party/FreeRTOS/Source/tasks.o
 .bss.uxPendedTicks
                0x0000000020000504        0x4 Middlewares/Third_Party/FreeRTOS/Source/tasks.o
 .bss.xYieldPending
                0x0000000020000508        0x4 Middlewares/Third_Party/FreeRTOS/Source/tasks.o
 .bss.xNumOfOverflows
                0x000000002000050c        0x4 Middlewares/Third_Party/FreeRTOS/Source/tasks.o
 .bss.uxTaskNumber
                0x0000000020000510        0x4 Middlewares/Third_Party/FreeRTOS/Source/tasks.o
 .bss.xNextTaskUnblockTime
                0x0000000020000514        0x4 Middlewares/Third_Party/FreeRTOS/Source/tasks.o
 .bss.xIdleTaskHandle
                0x0000000020000518        0x4 Middlewares/Third_Party/FreeRTOS/Source/tasks.o
 .bss.uxSchedulerSuspended
                0x000000002000051c        0x4 Middlewares/Third_Party/FreeRTOS/Source/tasks.o
 .bss.ucMaxSysCallPriority
                0x0000000020000520        0x1 Middlewares/Third_Party/FreeRTOS/Source/portable/GCC/ARM_CM3/port.o
 *fill*         0x0000000020000521        0x3 
 .bss.ulMaxPRIGROUPValue
                0x0000000020000524        0x4 Middlewares/Third_Party/FreeRTOS/Source/portable/GCC/ARM_CM3/port.o
 .bss.ucHeap    0x0000000020000528     0x13d0 Middlewares/Third_Party/FreeRTOS/Source/portable/MemMang/heap_4.o
 .bss.xStart    0x00000000200018f8        0x8 Middlewares/Third_Party/FreeRTOS/Source/portable/MemMang/heap_4.o
 .bss.pxEnd     0x0000000020001900        0x4 Middlewares/Third_Party/FreeRTOS/Source/portable/MemMang/heap_4.o
 .bss.xFreeBytesRemaining
                0x0000000020001904        0x4 Middlewares/Third_Party/FreeRTOS/Source/portable/MemMang/heap_4.o
 .bss.xMinimumEverFreeBytesRemaining
                0x0000000020001908        0x4 Middlewares/Third_Party/FreeRTOS/Source/portable/MemMang/heap_4.o
 .bss.xBlockAllocatedBit
                0x000000002000190c        0x4 Middlewares/Third_Party/FreeRTOS/Source/portable/MemMang/heap_4.o
 .bss.flag_data_received
                0x0000000020001910        0x1 Modules/utility/Src/Com_api.o
                0x0000000020001910                flag_data_received
 *fill*         0x0000000020001911        0x3 
 .bss.rt.7527   0x0000000020001914       0x42 Modules/utility/Src/Queue_job_manager.o
 *fill*         0x0000000020001956        0x2 
 .bss.mem.8353  0x0000000020001958      0x220 USB_DEVICE/Target/usbd_conf.o
 *(COMMON)
 COMMON         0x0000000020001b78      0xb9c Core/Src/main.o
                0x0000000020001b78                defaultTaskHandle
                0x0000000020001b7c                SpyTaskHandle
                0x0000000020001b80                htim4
                0x0000000020001bc8                Com_TXstorage
                0x0000000020001e64                Com_RXstorage
                0x0000000020002100                Motor2
                0x0000000020002144                Gcode_Stack
                0x00000000200023e0                servo
                0x00000000200023e8                ComTaskHandle
                0x00000000200023ec                htim2
                0x0000000020002434                Job_Stack
                0x00000000200026d0                Motor1
 COMMON         0x0000000020002714       0x48 Core/Src/stm32f1xx_hal_timebase_tim.o
                0x0000000020002714                htim3
 COMMON         0x000000002000275c        0x4 Drivers/STM32F1xx_HAL_Driver/Src/stm32f1xx_hal.o
                0x000000002000275c                uwTick
 COMMON         0x0000000020002760       0x40 Modules/utility/Src/Com_api.o
                0x0000000020002760                buffer
 COMMON         0x00000000200027a0      0x2c4 USB_DEVICE/App/usb_device.o
                0x00000000200027a0                hUsbDeviceFS
 COMMON         0x0000000020002a64      0x3e8 USB_DEVICE/App/usbd_cdc_if.o
                0x0000000020002a64                UserRxBufferFS
                0x0000000020002c58                UserTxBufferFS
 COMMON         0x0000000020002e4c      0x200 USB_DEVICE/App/usbd_desc.o
                0x0000000020002e4c                USBD_StrDesc
 COMMON         0x000000002000304c      0x2f0 USB_DEVICE/Target/usbd_conf.o
                0x000000002000304c                hpcd_USB_FS
                0x000000002000333c                . = ALIGN (0x4)
                0x000000002000333c                _ebss = .
                0x000000002000333c                __bss_end__ = _ebss

._user_heap_stack
                0x000000002000333c      0x604 load address 0x000000000800b0f4
                0x0000000020003340                . = ALIGN (0x8)
 *fill*         0x000000002000333c        0x4 
                [!provide]                        PROVIDE (end = .)
                0x0000000020003340                PROVIDE (_end = .)
                0x0000000020003540                . = (. + _Min_Heap_Size)
 *fill*         0x0000000020003340      0x200 
                0x0000000020003940                . = (. + _Min_Stack_Size)
 *fill*         0x0000000020003540      0x400 
                0x0000000020003940                . = ALIGN (0x8)

/DISCARD/
 libc.a(*)
 libm.a(*)
 libgcc.a(*)

.ARM.attributes
                0x0000000000000000       0x29
 *(.ARM.attributes)
 .ARM.attributes
                0x0000000000000000       0x1d c:/st/stm32cubeide_1.0.2/stm32cubeide/plugins/com.st.stm32cube.ide.mcu.externaltools.gnu-tools-for-stm32.9-2020-q2-update.win32_1.5.0.202011040924/tools/bin/../lib/gcc/arm-none-eabi/9.3.1/thumb/v7-m/nofp/crti.o
 .ARM.attributes
                0x000000000000001d       0x2d c:/st/stm32cubeide_1.0.2/stm32cubeide/plugins/com.st.stm32cube.ide.mcu.externaltools.gnu-tools-for-stm32.9-2020-q2-update.win32_1.5.0.202011040924/tools/bin/../lib/gcc/arm-none-eabi/9.3.1/thumb/v7-m/nofp/crtbegin.o
 .ARM.attributes
                0x000000000000004a       0x2d Core/Src/freertos.o
 .ARM.attributes
                0x0000000000000077       0x2d Core/Src/main.o
 .ARM.attributes
                0x00000000000000a4       0x2d Core/Src/stm32f1xx_hal_msp.o
 .ARM.attributes
                0x00000000000000d1       0x2d Core/Src/stm32f1xx_hal_timebase_tim.o
 .ARM.attributes
                0x00000000000000fe       0x2d Core/Src/stm32f1xx_it.o
 .ARM.attributes
                0x000000000000012b       0x2d Core/Src/system_stm32f1xx.o
 .ARM.attributes
                0x0000000000000158       0x21 Core/Startup/startup_stm32f103c8tx.o
 .ARM.attributes
                0x0000000000000179       0x2d Drivers/STM32F1xx_HAL_Driver/Src/stm32f1xx_hal.o
 .ARM.attributes
                0x00000000000001a6       0x2d Drivers/STM32F1xx_HAL_Driver/Src/stm32f1xx_hal_cortex.o
 .ARM.attributes
                0x00000000000001d3       0x2d Drivers/STM32F1xx_HAL_Driver/Src/stm32f1xx_hal_gpio.o
 .ARM.attributes
                0x0000000000000200       0x2d Drivers/STM32F1xx_HAL_Driver/Src/stm32f1xx_hal_pcd.o
 .ARM.attributes
                0x000000000000022d       0x2d Drivers/STM32F1xx_HAL_Driver/Src/stm32f1xx_hal_pcd_ex.o
 .ARM.attributes
                0x000000000000025a       0x2d Drivers/STM32F1xx_HAL_Driver/Src/stm32f1xx_hal_rcc.o
 .ARM.attributes
                0x0000000000000287       0x2d Drivers/STM32F1xx_HAL_Driver/Src/stm32f1xx_hal_rcc_ex.o
 .ARM.attributes
                0x00000000000002b4       0x2d Drivers/STM32F1xx_HAL_Driver/Src/stm32f1xx_hal_tim.o
 .ARM.attributes
                0x00000000000002e1       0x2d Drivers/STM32F1xx_HAL_Driver/Src/stm32f1xx_hal_tim_ex.o
 .ARM.attributes
                0x000000000000030e       0x2d Drivers/STM32F1xx_HAL_Driver/Src/stm32f1xx_ll_usb.o
 .ARM.attributes
                0x000000000000033b       0x2d Middlewares/ST/STM32_USB_Device_Library/Class/CDC/Src/usbd_cdc.o
 .ARM.attributes
                0x0000000000000368       0x2d Middlewares/ST/STM32_USB_Device_Library/Core/Src/usbd_core.o
 .ARM.attributes
                0x0000000000000395       0x2d Middlewares/ST/STM32_USB_Device_Library/Core/Src/usbd_ctlreq.o
 .ARM.attributes
                0x00000000000003c2       0x2d Middlewares/ST/STM32_USB_Device_Library/Core/Src/usbd_ioreq.o
 .ARM.attributes
                0x00000000000003ef       0x2d Middlewares/Third_Party/FreeRTOS/Source/CMSIS_RTOS/cmsis_os.o
 .ARM.attributes
                0x000000000000041c       0x2d Middlewares/Third_Party/FreeRTOS/Source/list.o
 .ARM.attributes
                0x0000000000000449       0x2d Middlewares/Third_Party/FreeRTOS/Source/queue.o
 .ARM.attributes
                0x0000000000000476       0x2d Middlewares/Third_Party/FreeRTOS/Source/tasks.o
 .ARM.attributes
                0x00000000000004a3       0x2d Middlewares/Third_Party/FreeRTOS/Source/portable/GCC/ARM_CM3/port.o
 .ARM.attributes
                0x00000000000004d0       0x2d Middlewares/Third_Party/FreeRTOS/Source/portable/MemMang/heap_4.o
 .ARM.attributes
                0x00000000000004fd       0x2d Modules/cnc_2d/Src/cnc_2d.o
 .ARM.attributes
                0x000000000000052a       0x2d Modules/drivers/Src/SG90_controller.o
 .ARM.attributes
                0x0000000000000557       0x2d Modules/drivers/Src/Step_Driver.o
 .ARM.attributes
                0x0000000000000584       0x2d Modules/utility/Src/Com_api.o
 .ARM.attributes
                0x00000000000005b1       0x2d Modules/utility/Src/G_code.o
 .ARM.attributes
                0x00000000000005de       0x2d Modules/utility/Src/Queue_job_manager.o
 .ARM.attributes
                0x000000000000060b       0x2d USB_DEVICE/App/usb_device.o
 .ARM.attributes
                0x0000000000000638       0x2d USB_DEVICE/App/usbd_cdc_if.o
 .ARM.attributes
                0x0000000000000665       0x2d USB_DEVICE/App/usbd_desc.o
 .ARM.attributes
                0x0000000000000692       0x2d USB_DEVICE/Target/usbd_conf.o
 .ARM.attributes
                0x00000000000006bf       0x2d c:/st/stm32cubeide_1.0.2/stm32cubeide/plugins/com.st.stm32cube.ide.mcu.externaltools.gnu-tools-for-stm32.9-2020-q2-update.win32_1.5.0.202011040924/tools/bin/../lib/gcc/arm-none-eabi/9.3.1/../../../../arm-none-eabi/lib/thumb/v7-m/nofp\libc_nano.a(lib_a-init.o)
 .ARM.attributes
                0x00000000000006ec       0x2d c:/st/stm32cubeide_1.0.2/stm32cubeide/plugins/com.st.stm32cube.ide.mcu.externaltools.gnu-tools-for-stm32.9-2020-q2-update.win32_1.5.0.202011040924/tools/bin/../lib/gcc/arm-none-eabi/9.3.1/../../../../arm-none-eabi/lib/thumb/v7-m/nofp\libc_nano.a(lib_a-memcpy-stub.o)
 .ARM.attributes
                0x0000000000000719       0x2d c:/st/stm32cubeide_1.0.2/stm32cubeide/plugins/com.st.stm32cube.ide.mcu.externaltools.gnu-tools-for-stm32.9-2020-q2-update.win32_1.5.0.202011040924/tools/bin/../lib/gcc/arm-none-eabi/9.3.1/../../../../arm-none-eabi/lib/thumb/v7-m/nofp\libc_nano.a(lib_a-memset.o)
 .ARM.attributes
                0x0000000000000746       0x17 c:/st/stm32cubeide_1.0.2/stm32cubeide/plugins/com.st.stm32cube.ide.mcu.externaltools.gnu-tools-for-stm32.9-2020-q2-update.win32_1.5.0.202011040924/tools/bin/../lib/gcc/arm-none-eabi/9.3.1/../../../../arm-none-eabi/lib/thumb/v7-m/nofp\libc_nano.a(lib_a-strlen.o)
 .ARM.attributes
                0x000000000000075d       0x1d c:/st/stm32cubeide_1.0.2/stm32cubeide/plugins/com.st.stm32cube.ide.mcu.externaltools.gnu-tools-for-stm32.9-2020-q2-update.win32_1.5.0.202011040924/tools/bin/../lib/gcc/arm-none-eabi/9.3.1/thumb/v7-m/nofp/crtn.o
OUTPUT(2D_traceur.elf elf32-littlearm)
LOAD linker stubs
LOAD c:/st/stm32cubeide_1.0.2/stm32cubeide/plugins/com.st.stm32cube.ide.mcu.externaltools.gnu-tools-for-stm32.9-2020-q2-update.win32_1.5.0.202011040924/tools/bin/../lib/gcc/arm-none-eabi/9.3.1/../../../../arm-none-eabi/lib/thumb/v7-m/nofp\libc.a
LOAD c:/st/stm32cubeide_1.0.2/stm32cubeide/plugins/com.st.stm32cube.ide.mcu.externaltools.gnu-tools-for-stm32.9-2020-q2-update.win32_1.5.0.202011040924/tools/bin/../lib/gcc/arm-none-eabi/9.3.1/../../../../arm-none-eabi/lib/thumb/v7-m/nofp\libm.a
LOAD c:/st/stm32cubeide_1.0.2/stm32cubeide/plugins/com.st.stm32cube.ide.mcu.externaltools.gnu-tools-for-stm32.9-2020-q2-update.win32_1.5.0.202011040924/tools/bin/../lib/gcc/arm-none-eabi/9.3.1/thumb/v7-m/nofp\libgcc.a

.debug_info     0x0000000000000000    0x26164
 .debug_info    0x0000000000000000      0x369 Core/Src/freertos.o
 .debug_info    0x0000000000000369     0x20fd Core/Src/main.o
 .debug_info    0x0000000000002466      0xb6a Core/Src/stm32f1xx_hal_msp.o
 .debug_info    0x0000000000002fd0      0xa1a Core/Src/stm32f1xx_hal_timebase_tim.o
 .debug_info    0x00000000000039ea      0xc57 Core/Src/stm32f1xx_it.o
 .debug_info    0x0000000000004641      0x2ba Core/Src/system_stm32f1xx.o
 .debug_info    0x00000000000048fb       0x22 Core/Startup/startup_stm32f103c8tx.o
 .debug_info    0x000000000000491d      0x766 Drivers/STM32F1xx_HAL_Driver/Src/stm32f1xx_hal.o
 .debug_info    0x0000000000005083      0xbd8 Drivers/STM32F1xx_HAL_Driver/Src/stm32f1xx_hal_cortex.o
 .debug_info    0x0000000000005c5b      0x6fd Drivers/STM32F1xx_HAL_Driver/Src/stm32f1xx_hal_gpio.o
 .debug_info    0x0000000000006358     0x1661 Drivers/STM32F1xx_HAL_Driver/Src/stm32f1xx_hal_pcd.o
 .debug_info    0x00000000000079b9      0x7ea Drivers/STM32F1xx_HAL_Driver/Src/stm32f1xx_hal_pcd_ex.o
 .debug_info    0x00000000000081a3      0x88f Drivers/STM32F1xx_HAL_Driver/Src/stm32f1xx_hal_rcc.o
 .debug_info    0x0000000000008a32      0x482 Drivers/STM32F1xx_HAL_Driver/Src/stm32f1xx_hal_rcc_ex.o
 .debug_info    0x0000000000008eb4     0x2c0e Drivers/STM32F1xx_HAL_Driver/Src/stm32f1xx_hal_tim.o
 .debug_info    0x000000000000bac2     0x157b Drivers/STM32F1xx_HAL_Driver/Src/stm32f1xx_hal_tim_ex.o
 .debug_info    0x000000000000d03d     0x19ad Drivers/STM32F1xx_HAL_Driver/Src/stm32f1xx_ll_usb.o
 .debug_info    0x000000000000e9ea     0x1928 Middlewares/ST/STM32_USB_Device_Library/Class/CDC/Src/usbd_cdc.o
 .debug_info    0x0000000000010312     0x12eb Middlewares/ST/STM32_USB_Device_Library/Core/Src/usbd_core.o
 .debug_info    0x00000000000115fd     0x1258 Middlewares/ST/STM32_USB_Device_Library/Core/Src/usbd_ctlreq.o
 .debug_info    0x0000000000012855     0x102a Middlewares/ST/STM32_USB_Device_Library/Core/Src/usbd_ioreq.o
 .debug_info    0x000000000001387f     0x2025 Middlewares/Third_Party/FreeRTOS/Source/CMSIS_RTOS/cmsis_os.o
 .debug_info    0x00000000000158a4      0xb78 Middlewares/Third_Party/FreeRTOS/Source/list.o
 .debug_info    0x000000000001641c     0x1f36 Middlewares/Third_Party/FreeRTOS/Source/queue.o
 .debug_info    0x0000000000018352     0x2555 Middlewares/Third_Party/FreeRTOS/Source/tasks.o
 .debug_info    0x000000000001a8a7      0x49d Middlewares/Third_Party/FreeRTOS/Source/portable/GCC/ARM_CM3/port.o
 .debug_info    0x000000000001ad44      0xc73 Middlewares/Third_Party/FreeRTOS/Source/portable/MemMang/heap_4.o
 .debug_info    0x000000000001b9b7     0x12e5 Modules/cnc_2d/Src/cnc_2d.o
 .debug_info    0x000000000001cc9c      0x8bc Modules/drivers/Src/SG90_controller.o
 .debug_info    0x000000000001d558      0xd6e Modules/drivers/Src/Step_Driver.o
 .debug_info    0x000000000001e2c6     0x119c Modules/utility/Src/Com_api.o
 .debug_info    0x000000000001f462     0x11e5 Modules/utility/Src/G_code.o
 .debug_info    0x0000000000020647      0xcdc Modules/utility/Src/Queue_job_manager.o
 .debug_info    0x0000000000021323      0xf67 USB_DEVICE/App/usb_device.o
 .debug_info    0x000000000002228a     0x1180 USB_DEVICE/App/usbd_cdc_if.o
 .debug_info    0x000000000002340a      0xde4 USB_DEVICE/App/usbd_desc.o
 .debug_info    0x00000000000241ee     0x1f76 USB_DEVICE/Target/usbd_conf.o

.debug_abbrev   0x0000000000000000     0x5498
 .debug_abbrev  0x0000000000000000      0x11a Core/Src/freertos.o
 .debug_abbrev  0x000000000000011a      0x31e Core/Src/main.o
 .debug_abbrev  0x0000000000000438      0x1e1 Core/Src/stm32f1xx_hal_msp.o
 .debug_abbrev  0x0000000000000619      0x1bc Core/Src/stm32f1xx_hal_timebase_tim.o
 .debug_abbrev  0x00000000000007d5      0x1a4 Core/Src/stm32f1xx_it.o
 .debug_abbrev  0x0000000000000979      0x14b Core/Src/system_stm32f1xx.o
 .debug_abbrev  0x0000000000000ac4       0x12 Core/Startup/startup_stm32f103c8tx.o
 .debug_abbrev  0x0000000000000ad6      0x1ea Drivers/STM32F1xx_HAL_Driver/Src/stm32f1xx_hal.o
 .debug_abbrev  0x0000000000000cc0      0x310 Drivers/STM32F1xx_HAL_Driver/Src/stm32f1xx_hal_cortex.o
 .debug_abbrev  0x0000000000000fd0      0x1e5 Drivers/STM32F1xx_HAL_Driver/Src/stm32f1xx_hal_gpio.o
 .debug_abbrev  0x00000000000011b5      0x29b Drivers/STM32F1xx_HAL_Driver/Src/stm32f1xx_hal_pcd.o
 .debug_abbrev  0x0000000000001450      0x1a9 Drivers/STM32F1xx_HAL_Driver/Src/stm32f1xx_hal_pcd_ex.o
 .debug_abbrev  0x00000000000015f9      0x270 Drivers/STM32F1xx_HAL_Driver/Src/stm32f1xx_hal_rcc.o
 .debug_abbrev  0x0000000000001869      0x190 Drivers/STM32F1xx_HAL_Driver/Src/stm32f1xx_hal_rcc_ex.o
 .debug_abbrev  0x00000000000019f9      0x25b Drivers/STM32F1xx_HAL_Driver/Src/stm32f1xx_hal_tim.o
 .debug_abbrev  0x0000000000001c54      0x263 Drivers/STM32F1xx_HAL_Driver/Src/stm32f1xx_hal_tim_ex.o
 .debug_abbrev  0x0000000000001eb7      0x1f7 Drivers/STM32F1xx_HAL_Driver/Src/stm32f1xx_ll_usb.o
 .debug_abbrev  0x00000000000020ae      0x2f3 Middlewares/ST/STM32_USB_Device_Library/Class/CDC/Src/usbd_cdc.o
 .debug_abbrev  0x00000000000023a1      0x2a5 Middlewares/ST/STM32_USB_Device_Library/Core/Src/usbd_core.o
 .debug_abbrev  0x0000000000002646      0x2db Middlewares/ST/STM32_USB_Device_Library/Core/Src/usbd_ctlreq.o
 .debug_abbrev  0x0000000000002921      0x207 Middlewares/ST/STM32_USB_Device_Library/Core/Src/usbd_ioreq.o
 .debug_abbrev  0x0000000000002b28      0x3bf Middlewares/Third_Party/FreeRTOS/Source/CMSIS_RTOS/cmsis_os.o
 .debug_abbrev  0x0000000000002ee7      0x1f4 Middlewares/Third_Party/FreeRTOS/Source/list.o
 .debug_abbrev  0x00000000000030db      0x39f Middlewares/Third_Party/FreeRTOS/Source/queue.o
 .debug_abbrev  0x000000000000347a      0x37d Middlewares/Third_Party/FreeRTOS/Source/tasks.o
 .debug_abbrev  0x00000000000037f7      0x22c Middlewares/Third_Party/FreeRTOS/Source/portable/GCC/ARM_CM3/port.o
 .debug_abbrev  0x0000000000003a23      0x2d0 Middlewares/Third_Party/FreeRTOS/Source/portable/MemMang/heap_4.o
 .debug_abbrev  0x0000000000003cf3      0x22c Modules/cnc_2d/Src/cnc_2d.o
 .debug_abbrev  0x0000000000003f1f      0x1be Modules/drivers/Src/SG90_controller.o
 .debug_abbrev  0x00000000000040dd      0x21d Modules/drivers/Src/Step_Driver.o
 .debug_abbrev  0x00000000000042fa      0x257 Modules/utility/Src/Com_api.o
 .debug_abbrev  0x0000000000004551      0x27d Modules/utility/Src/G_code.o
 .debug_abbrev  0x00000000000047ce      0x23b Modules/utility/Src/Queue_job_manager.o
 .debug_abbrev  0x0000000000004a09      0x1e1 USB_DEVICE/App/usb_device.o
 .debug_abbrev  0x0000000000004bea      0x2cd USB_DEVICE/App/usbd_cdc_if.o
 .debug_abbrev  0x0000000000004eb7      0x2c7 USB_DEVICE/App/usbd_desc.o
 .debug_abbrev  0x000000000000517e      0x31a USB_DEVICE/Target/usbd_conf.o

.debug_aranges  0x0000000000000000     0x1730
 .debug_aranges
                0x0000000000000000       0x20 Core/Src/freertos.o
 .debug_aranges
                0x0000000000000020       0x60 Core/Src/main.o
 .debug_aranges
                0x0000000000000080       0x38 Core/Src/stm32f1xx_hal_msp.o
 .debug_aranges
                0x00000000000000b8       0x30 Core/Src/stm32f1xx_hal_timebase_tim.o
 .debug_aranges
                0x00000000000000e8       0x60 Core/Src/stm32f1xx_it.o
 .debug_aranges
                0x0000000000000148       0x28 Core/Src/system_stm32f1xx.o
 .debug_aranges
                0x0000000000000170       0x28 Core/Startup/startup_stm32f103c8tx.o
 .debug_aranges
                0x0000000000000198       0xe0 Drivers/STM32F1xx_HAL_Driver/Src/stm32f1xx_hal.o
 .debug_aranges
                0x0000000000000278      0x100 Drivers/STM32F1xx_HAL_Driver/Src/stm32f1xx_hal_cortex.o
 .debug_aranges
                0x0000000000000378       0x58 Drivers/STM32F1xx_HAL_Driver/Src/stm32f1xx_hal_gpio.o
 .debug_aranges
                0x00000000000003d0      0x140 Drivers/STM32F1xx_HAL_Driver/Src/stm32f1xx_hal_pcd.o
 .debug_aranges
                0x0000000000000510       0x38 Drivers/STM32F1xx_HAL_Driver/Src/stm32f1xx_hal_pcd_ex.o
 .debug_aranges
                0x0000000000000548       0x90 Drivers/STM32F1xx_HAL_Driver/Src/stm32f1xx_hal_rcc.o
 .debug_aranges
                0x00000000000005d8       0x30 Drivers/STM32F1xx_HAL_Driver/Src/stm32f1xx_hal_rcc_ex.o
 .debug_aranges
                0x0000000000000608      0x3d0 Drivers/STM32F1xx_HAL_Driver/Src/stm32f1xx_hal_tim.o
 .debug_aranges
                0x00000000000009d8      0x168 Drivers/STM32F1xx_HAL_Driver/Src/stm32f1xx_hal_tim_ex.o
 .debug_aranges
                0x0000000000000b40       0xf8 Drivers/STM32F1xx_HAL_Driver/Src/stm32f1xx_ll_usb.o
 .debug_aranges
                0x0000000000000c38       0x90 Middlewares/ST/STM32_USB_Device_Library/Class/CDC/Src/usbd_cdc.o
 .debug_aranges
                0x0000000000000cc8       0xb8 Middlewares/ST/STM32_USB_Device_Library/Core/Src/usbd_core.o
 .debug_aranges
                0x0000000000000d80       0x88 Middlewares/ST/STM32_USB_Device_Library/Core/Src/usbd_ctlreq.o
 .debug_aranges
                0x0000000000000e08       0x50 Middlewares/ST/STM32_USB_Device_Library/Core/Src/usbd_ioreq.o
 .debug_aranges
                0x0000000000000e58      0x1d8 Middlewares/Third_Party/FreeRTOS/Source/CMSIS_RTOS/cmsis_os.o
 .debug_aranges
                0x0000000000001030       0x40 Middlewares/Third_Party/FreeRTOS/Source/list.o
 .debug_aranges
                0x0000000000001070      0x108 Middlewares/Third_Party/FreeRTOS/Source/queue.o
 .debug_aranges
                0x0000000000001178      0x1b0 Middlewares/Third_Party/FreeRTOS/Source/tasks.o
 .debug_aranges
                0x0000000000001328       0x78 Middlewares/Third_Party/FreeRTOS/Source/portable/GCC/ARM_CM3/port.o
 .debug_aranges
                0x00000000000013a0       0x50 Middlewares/Third_Party/FreeRTOS/Source/portable/MemMang/heap_4.o
 .debug_aranges
                0x00000000000013f0       0x28 Modules/cnc_2d/Src/cnc_2d.o
 .debug_aranges
                0x0000000000001418       0x40 Modules/drivers/Src/SG90_controller.o
 .debug_aranges
                0x0000000000001458       0x40 Modules/drivers/Src/Step_Driver.o
 .debug_aranges
                0x0000000000001498       0x40 Modules/utility/Src/Com_api.o
 .debug_aranges
                0x00000000000014d8       0x30 Modules/utility/Src/G_code.o
 .debug_aranges
                0x0000000000001508       0x50 Modules/utility/Src/Queue_job_manager.o
 .debug_aranges
                0x0000000000001558       0x20 USB_DEVICE/App/usb_device.o
 .debug_aranges
                0x0000000000001578       0x40 USB_DEVICE/App/usbd_cdc_if.o
 .debug_aranges
                0x00000000000015b8       0x60 USB_DEVICE/App/usbd_desc.o
 .debug_aranges
                0x0000000000001618      0x118 USB_DEVICE/Target/usbd_conf.o

.debug_ranges   0x0000000000000000     0x14e8
 .debug_ranges  0x0000000000000000       0x10 Core/Src/freertos.o
 .debug_ranges  0x0000000000000010       0x50 Core/Src/main.o
 .debug_ranges  0x0000000000000060       0x28 Core/Src/stm32f1xx_hal_msp.o
 .debug_ranges  0x0000000000000088       0x20 Core/Src/stm32f1xx_hal_timebase_tim.o